13:44:21 **** Incremental Build of configuration Debug for project music_player_sw ****
make all 
make --no-print-directory pre-build
a9-linaro-pre-build-step
' '
make --no-print-directory main-build
'Building file: ../src/main.c'
'Invoking: ARM v7 gcc compiler'
arm-none-eabi-gcc -Wall -O0 -g3 -c -fmessage-length=0 -MT"src/main.o" -mcpu=cortex-a9 -mfpu=vfpv3 -mfloat-abi=hard -ID:/proyectosep2/IEE2463-SEP-Proyecto-2-Z8/music_player/vitis/music_player/export/music_player/sw/music_player/standalone_domain/bspinclude/include -MMD -MP -MF"src/main.d" -MT"src/main.o" -o "src/main.o" "../src/main.c"
../src/main.c: In function 'TmrCtrSetupIntrSystem':
../src/main.c:124:13: warning: 'return' with a value, in function returning void [-Wreturn-type]
  124 |      return -1;
      |             ^
../src/main.c:111:6: note: declared here
  111 | void TmrCtrSetupIntrSystem(XTmrCtr *TmrCtrInstancePtr,
      |      ^~~~~~~~~~~~~~~~~~~~~
../src/main.c:149:14: warning: 'return' with a value, in function returning void [-Wreturn-type]
  149 |       return -1;
      |              ^
../src/main.c:111:6: note: declared here
  111 | void TmrCtrSetupIntrSystem(XTmrCtr *TmrCtrInstancePtr,
      |      ^~~~~~~~~~~~~~~~~~~~~
In file included from D:/proyectosep2/IEE2463-SEP-Proyecto-2-Z8/music_player/vitis/music_player/export/music_player/sw/music_player/standalone_domain/bspinclude/include/xtmrctr.h:157,
                 from ../src/main.c:3:
../src/main.c: In function 'SdReaderSetup':
D:/proyectosep2/IEE2463-SEP-Proyecto-2-Z8/music_player/vitis/music_player/export/music_player/sw/music_player/standalone_domain/bspinclude/include/xstatus.h:39:41: warning: 'return' with a value, in function returning void [-Wreturn-type]
   39 | #define XST_FAILURE                     1L
      |                                         ^~
../src/main.c:167:17: note: in expansion of macro 'XST_FAILURE'
  167 |          return XST_FAILURE;
      |                 ^~~~~~~~~~~
../src/main.c:160:6: note: declared here
  160 | void SdReaderSetup()
      |      ^~~~~~~~~~~~~
'Finished building: ../src/main.c'
' '
'Building target: music_player_sw.elf'
'Invoking: ARM v7 gcc linker'
arm-none-eabi-gcc -mcpu=cortex-a9 -mfpu=vfpv3 -mfloat-abi=hard -Wl,-build-id=none -specs=Xilinx.spec -Wl,-T -Wl,../src/lscript.ld -LD:/proyectosep2/IEE2463-SEP-Proyecto-2-Z8/music_player/vitis/music_player/export/music_player/sw/music_player/standalone_domain/bsplib/lib -o "music_player_sw.elf"  ./src/main.o ./src/platform.o   -lm -Wl,--start-group,-lxil,-lgcc,-lc,--end-group -Wl,--start-group,-lxilffs,-lxil,-lgcc,-lc,--end-group
'Finished building target: music_player_sw.elf'
' '
'Invoking: ARM v7 Print Size'
arm-none-eabi-size music_player_sw.elf  |tee "music_player_sw.elf.size"
   text	   data	    bss	    dec	    hex	filename
  60684	   1992	  26224	  88900	  15b44	music_player_sw.elf
'Finished building: music_player_sw.elf.size'
' '

13:44:22 Build Finished (took 854ms)

