Nothing to build in platform '1_core_plt'

23:19:22 **** Incremental Build of configuration Debug for project 1_core ****
make all 
make --no-print-directory pre-build
a9-linaro-pre-build-step
' '
make --no-print-directory main-build
'Building file: ../src/main.c'
'Invoking: ARM v7 gcc compiler'
arm-none-eabi-gcc -Wall -O0 -g3 -c -fmessage-length=0 -MT"src/main.o" -mcpu=cortex-a9 -mfpu=vfpv3 -mfloat-abi=hard -ID:/proyectosep2/IEE2463-SEP-Proyecto-2-Z8/1_core/vitis/1_core_plt/export/1_core_plt/sw/1_core_plt/standalone_domain/bspinclude/include -MMD -MP -MF"src/main.d" -MT"src/main.o" -o "src/main.o" "../src/main.c"
'Finished building: ../src/main.c'
' '
'Building target: 1_core.elf'
'Invoking: ARM v7 gcc linker'
arm-none-eabi-gcc -mcpu=cortex-a9 -mfpu=vfpv3 -mfloat-abi=hard -Wl,-build-id=none -specs=Xilinx.spec -Wl,-T -Wl,../src/lscript.ld -LD:/proyectosep2/IEE2463-SEP-Proyecto-2-Z8/1_core/vitis/1_core_plt/export/1_core_plt/sw/1_core_plt/standalone_domain/bsplib/lib -o "1_core.elf"  ./src/ADC.o ./src/Bitmap.o ./src/Delay.o ./src/I2C.o ./src/LCD_Driver.o ./src/LCD_GUI.o ./src/LCD_SPI.o ./src/audio.o ./src/font12.o ./src/font16.o ./src/font20.o ./src/font24.o ./src/font8.o ./src/main.o ./src/platform.o ./src/states.o ./src/zybomon.o   -lm -Wl,--start-group,-lxil,-lgcc,-lc,--end-group -Wl,--start-group,-lxilffs,-lxil,-lgcc,-lc,--end-group
'Finished building target: 1_core.elf'
' '
'Invoking: ARM v7 Print Size'
arm-none-eabi-size 1_core.elf  |tee "1_core.elf.size"
   text	   data	    bss	    dec	    hex	filename
 364844	   3576	 683648	1052068	 100da4	1_core.elf
'Finished building: 1_core.elf.size'
' '
23:19:23 **** Incremental Build of configuration Debug for project 1_core_system ****
make all 
Generating bif file for the system project
generate_system_bif.bat 51611 D:/proyectosep2/IEE2463-SEP-Proyecto-2-Z8/1_core/vitis/1_core_plt/export/1_core_plt/1_core_plt.xpfm standalone_domain D:/proyectosep2/IEE2463-SEP-Proyecto-2-Z8/1_core/vitis/1_core_system/Debug/system.bif
sdcard_gen --xpfm D:/proyectosep2/IEE2463-SEP-Proyecto-2-Z8/1_core/vitis/1_core_plt/export/1_core_plt/1_core_plt.xpfm --sys_config 1_core_plt --bif D:/proyectosep2/IEE2463-SEP-Proyecto-2-Z8/1_core/vitis/1_core_system/Debug/system.bif --bitstream D:/proyectosep2/IEE2463-SEP-Proyecto-2-Z8/1_core/vitis/1_core/_ide/bitstream/DEMO_wrapper.bit --elf D:/proyectosep2/IEE2463-SEP-Proyecto-2-Z8/1_core/vitis/1_core/Debug/1_core.elf,ps7_cortexa9_0
creating BOOT.BIN using D:/proyectosep2/IEE2463-SEP-Proyecto-2-Z8/1_core/vitis/1_core/_ide/bitstream/DEMO_wrapper.bit
Running D:/Xilinx/Vitis/2020.1/bin/bootgen  -image D:/proyectosep2/IEE2463-SEP-Proyecto-2-Z8/1_core/vitis/1_core_system/Debug/sd_card_temp/boot.bif -w -o i BOOT.BIN
