#-----------------------------------------------------------
# Vivado v2022.2 (64-bit)
# SW Build 3671981 on Fri Oct 14 05:00:03 MDT 2022
# IP Build 3669848 on Fri Oct 14 08:30:02 MDT 2022
# Start of session at: Wed Jun 12 15:52:43 2024
# Process ID: 19264
# Current directory: C:/Users/raimu/OneDrive/Escritorio/UC/SEP_2024_1/Proyecto_Base_Booster (1)/Hardware_Proyecto_Booster
# Command line: vivado.exe -gui_launcher_event rodinguilauncherevent16260 C:\Users\raimu\OneDrive\Escritorio\UC\SEP_2024_1\Proyecto_Base_Booster (1)\Hardware_Proyecto_Booster\Hardware_Proyecto_Booster.xpr
# Log file: C:/Users/raimu/OneDrive/Escritorio/UC/SEP_2024_1/Proyecto_Base_Booster (1)/Hardware_Proyecto_Booster/vivado.log
# Journal file: C:/Users/raimu/OneDrive/Escritorio/UC/SEP_2024_1/Proyecto_Base_Booster (1)/Hardware_Proyecto_Booster\vivado.jou
# Running On: Skynet, OS: Windows, CPU Frequency: 3110 MHz, CPU Physical cores: 12, Host memory: 16802 MB
#-----------------------------------------------------------
start_gui
open_project {C:/Users/raimu/OneDrive/Escritorio/UC/SEP_2024_1/Proyecto_Base_Booster (1)/Hardware_Proyecto_Booster/Hardware_Proyecto_Booster.xpr}
INFO: [ProjectBase 1-489] The host OS only allows 260 characters in a normal path. The project is stored in a path with more than 80 characters. If you experience issues with IP, Block Designs, or files not being found, please consider moving the project to a location with a shorter path. Alternately consider using the OS subst command to map part of the path to a drive letter.
Current project path is 'C:/Users/raimu/OneDrive/Escritorio/UC/SEP_2024_1/Proyecto_Base_Booster (1)/Hardware_Proyecto_Booster'
WARNING: [Board 49-26] cannot add Board Part xilinx.com:vek280_es:part0:1.0 available at C:/Xilinx1/Vivado/2022.2/data/xhub/boards/XilinxBoardStore/boards/Xilinx/vek280/es/1.0/board.xml as part xcve2802-vsvh1760-2lp-e-s-es1 specified in board_part file is either invalid or not available
WARNING: [Board 49-26] cannot add Board Part xilinx.com:vhk158_es:part0:1.0 available at C:/Xilinx1/Vivado/2022.2/data/xhub/boards/XilinxBoardStore/boards/Xilinx/vhk158/es/1.0/board.xml as part xcvh1582-vsva3697-2mp-e-s-es1 specified in board_part file is either invalid or not available
WARNING: [Board 49-26] cannot add Board Part xilinx.com:vpk120_es:part0:1.2 available at C:/Xilinx1/Vivado/2022.2/data/xhub/boards/XilinxBoardStore/boards/Xilinx/vpk120/es/1.2/board.xml as part xcvp1202-vsva2785-2mp-e-s-es1 specified in board_part file is either invalid or not available
WARNING: [Board 49-26] cannot add Board Part xilinx.com:vpk120_es_revb:part0:1.0 available at C:/Xilinx1/Vivado/2022.2/data/xhub/boards/XilinxBoardStore/boards/Xilinx/vpk120_revb/es/1.0/board.xml as part xcvp1202-vsva2785-2mp-e-s-es1 specified in board_part file is either invalid or not available
WARNING: [Board 49-26] cannot add Board Part xilinx.com:vpk180_es:part0:1.0 available at C:/Xilinx1/Vivado/2022.2/data/xhub/boards/XilinxBoardStore/boards/Xilinx/vpk180/es/1.0/board.xml as part xcvp1802-lsvc4072-2mp-e-s-es1 specified in board_part file is either invalid or not available
WARNING: [Board 49-26] cannot add Board Part xilinx.com:zcu208ld:part0:2.0 available at C:/Xilinx1/Vivado/2022.2/data/xhub/boards/XilinxBoardStore/boards/Xilinx/zcu208ld/production/2.0/board.xml as part xczu58dr-fsvg1517-2-i specified in board_part file is either invalid or not available
WARNING: [Board 49-26] cannot add Board Part xilinx.com:zcu216ld:part0:2.0 available at C:/Xilinx1/Vivado/2022.2/data/xhub/boards/XilinxBoardStore/boards/Xilinx/zcu216ld/production/2.0/board.xml as part xczu59dr-ffvf1760-2-i specified in board_part file is either invalid or not available
WARNING: [Board 49-26] cannot add Board Part xilinx.com:zcu670:part0:2.0 available at C:/Xilinx1/Vivado/2022.2/data/xhub/boards/XilinxBoardStore/boards/Xilinx/zcu670/2.0/board.xml as part xczu67dr-fsve1156-2-i specified in board_part file is either invalid or not available
WARNING: [Board 49-26] cannot add Board Part xilinx.com:zcu670ld:part0:1.0 available at C:/Xilinx1/Vivado/2022.2/data/xhub/boards/XilinxBoardStore/boards/Xilinx/zcu670ld/1.0/board.xml as part xczu57dr-fsve1156-2-i specified in board_part file is either invalid or not available
INFO: [Project 1-313] Project file moved from 'C:/Users/felix/Zyboz7/Proyecto_Base_Booster/Hardware_Proyecto_Booster' since last save.
WARNING: [filemgmt 56-2] IP Repository Path: Could not find the directory 'C:/Users/raimu/OneDrive/Escritorio/UC/SEP_2024_1/SEP/Proyecto_Base_Booster_v2/DEMODEFINITIVA/ip_repo/BUZZER_1.0', nor could it be found using path 'C:/Users/felix/Zyboz7/SEP/Proyecto_Base_Booster_v2/DEMODEFINITIVA/ip_repo/BUZZER_1.0'.
WARNING: [filemgmt 56-2] IP Repository Path: Could not find the directory 'C:/Users/raimu/OneDrive/Escritorio/UC/SEP_2024_1/SEP/Proyecto_Base_Booster_v2/DEMODEFINITIVA/ip_repo/My_PWM_1.0', nor could it be found using path 'C:/Users/felix/Zyboz7/SEP/Proyecto_Base_Booster_v2/DEMODEFINITIVA/ip_repo/My_PWM_1.0'.
CRITICAL WARNING: [Project 1-311] Could not find the file 'C:/Users/raimu/OneDrive/Escritorio/UC/SEP_2024_1/SEP/Proyecto_Base_Booster_v2/DEMODEFINITIVA/DEMODEFINITIVA/Zybo-Z7-Master.xdc', nor could it be found using path 'C:/Users/felix/Zyboz7/SEP/Proyecto_Base_Booster_v2/DEMODEFINITIVA/DEMODEFINITIVA/Zybo-Z7-Master.xdc'.
Scanning sources...
Finished scanning sources
INFO: [IP_Flow 19-234] Refreshing IP repositories
WARNING: [IP_Flow 19-2248] Failed to load user IP repository 'c:/Users/raimu/OneDrive/Escritorio/UC/SEP_2024_1/SEP/Proyecto_Base_Booster_v2/DEMODEFINITIVA/ip_repo/BUZZER_1.0'; Can't find the specified path.
If this directory should no longer be in your list of user repositories, go to the IP Settings dialog and remove it.
WARNING: [IP_Flow 19-2248] Failed to load user IP repository 'c:/Users/raimu/OneDrive/Escritorio/UC/SEP_2024_1/SEP/Proyecto_Base_Booster_v2/DEMODEFINITIVA/ip_repo/My_PWM_1.0'; Can't find the specified path.
If this directory should no longer be in your list of user repositories, go to the IP Settings dialog and remove it.
INFO: [IP_Flow 19-2313] Loaded Vivado IP repository 'C:/Xilinx1/Vivado/2022.2/data/ip'.
WARNING: [BD 41-1661] One or more IPs have been locked in the design 'DEMO.bd'. Please run report_ip_status for more details and recommendations on how to fix this issue.
List of locked IPs:
DEMO_axi_quad_spi_0_0
DEMO_axi_gpio_0_0
DEMO_auto_pc_0
DEMO_axi_quad_spi_1_0
DEMO_ps7_0_axi_periph_0
DEMO_xbar_0
DEMO_axi_iic_0_1

INFO: [Project 1-230] Project 'Hardware_Proyecto_Booster.xpr' upgraded for this version of Vivado.
open_project: Time (s): cpu = 00:00:07 ; elapsed = 00:00:15 . Memory (MB): peak = 1856.770 ; gain = 261.648
report_ip_status -name ip_status 
open_bd_design {C:/Users/raimu/OneDrive/Escritorio/UC/SEP_2024_1/Proyecto_Base_Booster (1)/Hardware_Proyecto_Booster/Hardware_Proyecto_Booster.srcs/sources_1/bd/DEMO/DEMO.bd}
Reading block design file <C:/Users/raimu/OneDrive/Escritorio/UC/SEP_2024_1/Proyecto_Base_Booster (1)/Hardware_Proyecto_Booster/Hardware_Proyecto_Booster.srcs/sources_1/bd/DEMO/DEMO.bd>...
Adding component instance block -- xilinx.com:ip:axi_interconnect:2.1 - ps7_0_axi_periph
Adding component instance block -- xilinx.com:ip:axi_crossbar:2.1 - xbar
Adding component instance block -- xilinx.com:ip:axi_protocol_converter:2.1 - auto_pc
Adding component instance block -- xilinx.com:module_ref:BUZZER:1.0 - BUZZER_0
Adding component instance block -- xilinx.com:ip:axi_gpio:2.0 - axi_gpio_0
Adding component instance block -- xilinx.com:ip:axi_iic:2.0 - axi_iic_0
Adding component instance block -- xilinx.com:ip:axi_quad_spi:3.2 - axi_quad_spi_0
Adding component instance block -- xilinx.com:ip:axi_quad_spi:3.2 - axi_quad_spi_1
Adding component instance block -- xilinx.com:ip:processing_system7:5.5 - processing_system7_0
WARNING: [BD 41-176] The physical port 'S_AXI_GP2_rd_socket' specified in the portmap, is not found on the block! 
WARNING: [BD 41-176] The physical port 'S_AXI_GP2_wr_socket' specified in the portmap, is not found on the block! 
WARNING: [BD 41-176] The physical port 'S_AXI_GP3_rd_socket' specified in the portmap, is not found on the block! 
WARNING: [BD 41-176] The physical port 'S_AXI_GP3_wr_socket' specified in the portmap, is not found on the block! 
Adding component instance block -- xilinx.com:ip:proc_sys_reset:5.0 - rst_ps7_0_50M
Successfully read diagram <DEMO> from block design file <C:/Users/raimu/OneDrive/Escritorio/UC/SEP_2024_1/Proyecto_Base_Booster (1)/Hardware_Proyecto_Booster/Hardware_Proyecto_Booster.srcs/sources_1/bd/DEMO/DEMO.bd>
update_compile_order -fileset sources_1
exit
INFO: [Common 17-206] Exiting Vivado at Wed Jun 12 15:57:51 2024...
