09:32:13 **** Incremental Build of configuration Release for project music_player_sw1 ****
make all 
make --no-print-directory pre-build
a9-linaro-pre-build-step
' '
make --no-print-directory main-build
'Building file: ../src/main.c'
'Invoking: ARM v7 gcc compiler'
arm-none-eabi-gcc -Wall -O2 -c -fmessage-length=0 -MT"src/main.o" -mcpu=cortex-a9 -mfpu=vfpv3 -mfloat-abi=hard -IC:/Users/andre/Projects/IEE2463-SEP-Proyecto-2-Z8/music_player/vitis2/music_player_plt/export/music_player_plt/sw/music_player_plt/standalone_domain/bspinclude/include -MMD -MP -MF"src/main.d" -MT"src/main.o" -o "src/main.o" "../src/main.c"
../src/main.c: In function 'TmrCtrSetupIntrSystem':
../src/main.c:131:13: warning: 'return' with a value, in function returning void [-Wreturn-type]
  131 |      return -1;
      |             ^
../src/main.c:118:6: note: declared here
  118 | void TmrCtrSetupIntrSystem(XTmrCtr *TmrCtrInstancePtr,
      |      ^~~~~~~~~~~~~~~~~~~~~
../src/main.c:156:14: warning: 'return' with a value, in function returning void [-Wreturn-type]
  156 |       return -1;
      |              ^
../src/main.c:118:6: note: declared here
  118 | void TmrCtrSetupIntrSystem(XTmrCtr *TmrCtrInstancePtr,
      |      ^~~~~~~~~~~~~~~~~~~~~
In file included from C:/Users/andre/Projects/IEE2463-SEP-Proyecto-2-Z8/music_player/vitis2/music_player_plt/export/music_player_plt/sw/music_player_plt/standalone_domain/bspinclude/include/xtmrctr.h:157,
                 from ../src/main.c:3:
../src/main.c: In function 'SdReaderSetup':
C:/Users/andre/Projects/IEE2463-SEP-Proyecto-2-Z8/music_player/vitis2/music_player_plt/export/music_player_plt/sw/music_player_plt/standalone_domain/bspinclude/include/xstatus.h:39:41: warning: 'return' with a value, in function returning void [-Wreturn-type]
   39 | #define XST_FAILURE                     1L
      |                                         ^~
../src/main.c:174:17: note: in expansion of macro 'XST_FAILURE'
  174 |          return XST_FAILURE;
      |                 ^~~~~~~~~~~
../src/main.c:167:6: note: declared here
  167 | void SdReaderSetup()
      |      ^~~~~~~~~~~~~
'Finished building: ../src/main.c'
' '
'Building target: music_player_sw1.elf'
'Invoking: ARM v7 gcc linker'
arm-none-eabi-gcc -mcpu=cortex-a9 -mfpu=vfpv3 -mfloat-abi=hard -Wl,-build-id=none -specs=Xilinx.spec -Wl,-T -Wl,../src/lscript.ld -LC:/Users/andre/Projects/IEE2463-SEP-Proyecto-2-Z8/music_player/vitis2/music_player_plt/export/music_player_plt/sw/music_player_plt/standalone_domain/bsplib/lib -o "music_player_sw1.elf"  ./src/main.o ./src/platform.o   -Wl,--start-group,-lxil,-lgcc,-lc,--end-group -Wl,--start-group,-lxilffs,-lxil,-lgcc,-lc,--end-group
'Finished building target: music_player_sw1.elf'
' '
'Invoking: ARM v7 Print Size'
arm-none-eabi-size music_player_sw1.elf  |tee "music_player_sw1.elf.size"
   text	   data	    bss	    dec	    hex	filename
  60160	   1992	  26224	  88376	  15938	music_player_sw1.elf
'Finished building: music_player_sw1.elf.size'
' '

09:32:15 Build Finished (took 1s.422ms)

