Copyright 1986-2020 Xilinx, Inc. All Rights Reserved.
------------------------------------------------------------------------------------
| Tool Version : Vivado v.2020.1 (win64) Build 2902540 Wed May 27 19:54:49 MDT 2020
| Date         : Fri Jul  4 18:59:50 2025
| Host         : Ro running 64-bit major release  (build 9200)
| Command      : upgrade_ip
| Device       : xc7z010clg400-1
------------------------------------------------------------------------------------

Upgrade Log for IP 'DEMO_axi_buzzer_0_0'

1. Summary
----------

SUCCESS in the upgrade of DEMO_axi_buzzer_0_0 (xilinx.com:user:axi_buzzer:1.0) from (Rev. 4) to (Rev. 5)






Copyright 1986-2020 Xilinx, Inc. All Rights Reserved.
------------------------------------------------------------------------------------
| Tool Version : Vivado v.2020.1 (win64) Build 2902540 Wed May 27 19:54:49 MDT 2020
| Date         : Fri Jul  4 18:45:20 2025
| Host         : Ro running 64-bit major release  (build 9200)
| Command      : upgrade_ip
| Device       : xc7z010clg400-1
------------------------------------------------------------------------------------

Upgrade Log for IP 'DEMO_axi_buzzer_0_0'

1. Summary
----------

SUCCESS in the upgrade of DEMO_axi_buzzer_0_0 (xilinx.com:user:axi_buzzer:1.0) from (Rev. 3) to (Rev. 4)






Copyright 1986-2020 Xilinx, Inc. All Rights Reserved.
------------------------------------------------------------------------------------
| Tool Version : Vivado v.2020.1 (win64) Build 2902540 Wed May 27 19:54:49 MDT 2020
| Date         : Fri Jul  4 18:28:28 2025
| Host         : Ro running 64-bit major release  (build 9200)
| Command      : upgrade_ip
| Device       : xc7z010clg400-1
------------------------------------------------------------------------------------

Upgrade Log for IP 'DEMO_axi_buzzer_0_0'

1. Summary
----------

CAUTION (success, with warnings) in the upgrade of DEMO_axi_buzzer_0_0 (xilinx.com:user:axi_buzzer:1.0) from (Rev. 2) to (Rev. 3)

After upgrade, an IP may have parameter and port differences compared to the original customization. Please review the parameters within the IP customization GUI to ensure proper functionality. Also, please review the updated IP instantiation template to ensure proper connectivity, and update your design if required.

2. Connection Warnings
----------------------

Detected external port differences while upgrading 'DEMO_axi_buzzer_0_0'. These changes may impact your design.


-Upgrade has added port 'vio'


