#-----------------------------------------------------------
# Vivado v2020.1 (64-bit)
# SW Build 2902540 on Wed May 27 19:54:49 MDT 2020
# IP Build 2902112 on Wed May 27 22:43:36 MDT 2020
# Start of session at: Thu Jul  3 10:41:23 2025
# Process ID: 14164
# Current directory: D:/proyectosep2/IEE2463-SEP-Proyecto-2-Z8/full_hardware/vivado
# Command line: vivado.exe -gui_launcher_event rodinguilauncherevent14764 D:\proyectosep2\IEE2463-SEP-Proyecto-2-Z8\full_hardware\vivado\vivado.xpr
# Log file: D:/proyectosep2/IEE2463-SEP-Proyecto-2-Z8/full_hardware/vivado/vivado.log
# Journal file: D:/proyectosep2/IEE2463-SEP-Proyecto-2-Z8/full_hardware/vivado\vivado.jou
#-----------------------------------------------------------
start_gui
open_project D:/proyectosep2/IEE2463-SEP-Proyecto-2-Z8/full_hardware/vivado/vivado.xpr
Scanning sources...
Finished scanning sources
INFO: [IP_Flow 19-234] Refreshing IP repositories
INFO: [IP_Flow 19-1700] Loaded user IP repository 'd:/proyectosep2/IEE2463-SEP-Proyecto-2-Z8/ipcore'.
INFO: [IP_Flow 19-2313] Loaded Vivado IP repository 'D:/Xilinx/Vivado/2020.1/data/ip'.
open_project: Time (s): cpu = 00:00:33 ; elapsed = 00:00:54 . Memory (MB): peak = 1022.203 ; gain = 27.406
update_compile_order -fileset sources_1
INFO: [Vivado 12-8231] Launching Vitis
INFO: [Vivado 12-417] Running vitis
INFO: [Vivado 12-8232] Vitis launch initiated. Please check console for any further messages.
exit
INFO: [Common 17-206] Exiting Vivado at Fri Jul  4 01:58:35 2025...
