#-----------------------------------------------------------
# Vivado v2020.1 (64-bit)
# SW Build 2902540 on Wed May 27 19:54:49 MDT 2020
# IP Build 2902112 on Wed May 27 22:43:36 MDT 2020
# Start of session at: Fri Jul  4 19:19:03 2025
# Process ID: 19216
# Current directory: D:/proyectosep2/rep2/IEE2463-SEP-Proyecto-2-Z8/full_hardware/vivado
# Command line: vivado.exe -gui_launcher_event rodinguilauncherevent9604 D:\proyectosep2\rep2\IEE2463-SEP-Proyecto-2-Z8\full_hardware\vivado\vivado.xpr
# Log file: D:/proyectosep2/rep2/IEE2463-SEP-Proyecto-2-Z8/full_hardware/vivado/vivado.log
# Journal file: D:/proyectosep2/rep2/IEE2463-SEP-Proyecto-2-Z8/full_hardware/vivado\vivado.jou
#-----------------------------------------------------------
start_gui
open_project D:/proyectosep2/rep2/IEE2463-SEP-Proyecto-2-Z8/full_hardware/vivado/vivado.xpr
INFO: [Project 1-313] Project file moved from 'D:/proyectosep2/IEE2463-SEP-Proyecto-2-Z8/full_hardware/vivado' since last save.
Scanning sources...
Finished scanning sources
WARNING: [Project 1-312] File not found as 'D:/proyectosep2/U/2025/Primer_semestre/SEP/LAB10/project_1/project_1.srcs/sources_1/bd/DEMO/ip/DEMO_axi_timer_0_0/DEMO_axi_timer_0_0.xci'; using path 'D:/U/2025/Primer_semestre/SEP/LAB10/project_1/project_1.srcs/sources_1/bd/DEMO/ip/DEMO_axi_timer_0_0/DEMO_axi_timer_0_0.xci' instead.
WARNING: [Project 1-312] File not found as 'D:/proyectosep2/U/2025/Primer_semestre/SEP/LAB10/project_1/project_1.srcs/sources_1/bd/DEMO/ip/DEMO_axi_timer_0_0/DEMO_axi_timer_0_0.xci'; using path 'D:/U/2025/Primer_semestre/SEP/LAB10/project_1/project_1.srcs/sources_1/bd/DEMO/ip/DEMO_axi_timer_0_0/DEMO_axi_timer_0_0.xci' instead.
WARNING: [Project 1-312] File not found as 'D:/proyectosep2/U/2025/Primer_semestre/SEP/LAB10/project_1/project_1.srcs/sources_1/bd/DEMO/ip/DEMO_axi_gpio_1_0/DEMO_axi_gpio_1_0.xci'; using path 'D:/U/2025/Primer_semestre/SEP/LAB10/project_1/project_1.srcs/sources_1/bd/DEMO/ip/DEMO_axi_gpio_1_0/DEMO_axi_gpio_1_0.xci' instead.
WARNING: [Project 1-312] File not found as 'D:/proyectosep2/U/2025/Primer_semestre/SEP/LAB10/project_1/project_1.srcs/sources_1/bd/DEMO/ip/DEMO_axi_gpio_1_0/DEMO_axi_gpio_1_0.xci'; using path 'D:/U/2025/Primer_semestre/SEP/LAB10/project_1/project_1.srcs/sources_1/bd/DEMO/ip/DEMO_axi_gpio_1_0/DEMO_axi_gpio_1_0.xci' instead.
WARNING: [Project 1-312] File not found as 'D:/proyectosep2/U/2025/Primer_semestre/SEP/LAB10/project_1/project_1.srcs/sources_1/bd/DEMO/ip/DEMO_axi_timer_0_1/DEMO_axi_timer_0_1.xci'; using path 'D:/U/2025/Primer_semestre/SEP/LAB10/project_1/project_1.srcs/sources_1/bd/DEMO/ip/DEMO_axi_timer_0_1/DEMO_axi_timer_0_1.xci' instead.
WARNING: [Project 1-312] File not found as 'D:/proyectosep2/U/2025/Primer_semestre/SEP/LAB10/project_1/project_1.srcs/sources_1/bd/DEMO/ip/DEMO_axi_timer_0_1/DEMO_axi_timer_0_1.xci'; using path 'D:/U/2025/Primer_semestre/SEP/LAB10/project_1/project_1.srcs/sources_1/bd/DEMO/ip/DEMO_axi_timer_0_1/DEMO_axi_timer_0_1.xci' instead.
INFO: [IP_Flow 19-234] Refreshing IP repositories
INFO: [IP_Flow 19-1700] Loaded user IP repository 'd:/proyectosep2/rep2/IEE2463-SEP-Proyecto-2-Z8/ipcore'.
INFO: [IP_Flow 19-2313] Loaded Vivado IP repository 'D:/Xilinx/Vivado/2020.1/data/ip'.
WARNING: [Project 1-533] File 'D:/U/2025/Primer_semestre/SEP/LAB10/project_1/project_1.srcs/sources_1/bd/DEMO/ip/DEMO_axi_timer_0_1/DEMO_axi_timer_0_1.xci' could not be found in the subdesign 'D:/proyectosep2/rep2/IEE2463-SEP-Proyecto-2-Z8/full_hardware/vivado/vivado.srcs/sources_1/bd/DEMO/DEMO.bd', but fileset 'DEMO_axi_timer_0_1' still exists. The fileset and corresponding run(s) will be deleted the next time top-level synthesis is run.
WARNING: [Project 1-533] File 'D:/U/2025/Primer_semestre/SEP/LAB10/project_1/project_1.srcs/sources_1/bd/DEMO/ip/DEMO_axi_timer_0_0/DEMO_axi_timer_0_0.xci' could not be found in the subdesign 'D:/proyectosep2/rep2/IEE2463-SEP-Proyecto-2-Z8/full_hardware/vivado/vivado.srcs/sources_1/bd/DEMO/DEMO.bd', but fileset 'DEMO_axi_timer_0_0' still exists. The fileset and corresponding run(s) will be deleted the next time top-level synthesis is run.
WARNING: [Project 1-533] File 'D:/U/2025/Primer_semestre/SEP/LAB10/project_1/project_1.srcs/sources_1/bd/DEMO/ip/DEMO_axi_gpio_1_0/DEMO_axi_gpio_1_0.xci' could not be found in the subdesign 'D:/proyectosep2/rep2/IEE2463-SEP-Proyecto-2-Z8/full_hardware/vivado/vivado.srcs/sources_1/bd/DEMO/DEMO.bd', but fileset 'DEMO_axi_gpio_1_0' still exists. The fileset and corresponding run(s) will be deleted the next time top-level synthesis is run.
open_project: Time (s): cpu = 00:00:24 ; elapsed = 00:00:15 . Memory (MB): peak = 1082.676 ; gain = 0.000
update_module_reference {DEMO_debouncer_0_0 DEMO_debouncer_0_1 DEMO_debouncer_0_2}
INFO: [IP_Flow 19-5107] Inferred bus interface 'clk' of definition 'xilinx.com:signal:clock:1.0' (from Xilinx Repository).
WARNING: [IP_Flow 19-5661] Bus Interface 'clk' does not have any bus interfaces associated with it.
INFO: [IP_Flow 19-234] Refreshing IP repositories
INFO: [IP_Flow 19-1700] Loaded user IP repository 'd:/proyectosep2/rep2/IEE2463-SEP-Proyecto-2-Z8/ipcore'.
Adding component instance block -- xilinx.com:ip:axi_interconnect:2.1 - ps7_0_axi_periph
Adding component instance block -- xilinx.com:ip:axi_crossbar:2.1 - xbar
Adding component instance block -- xilinx.com:ip:axi_protocol_converter:2.1 - auto_pc
Adding component instance block -- xilinx.com:ip:axi_gpio:2.0 - axi_gpio_0
Adding component instance block -- xilinx.com:ip:axi_iic:2.0 - axi_iic_0
Adding component instance block -- xilinx.com:ip:axi_quad_spi:3.2 - axi_quad_spi_0
Adding component instance block -- xilinx.com:ip:axi_quad_spi:3.2 - axi_quad_spi_1
Adding component instance block -- xilinx.com:ip:processing_system7:5.5 - processing_system7_0
WARNING: [BD 41-176] The physical port 'S_AXI_GP2_rd_socket' specified in the portmap, is not found on the block! 
WARNING: [BD 41-176] The physical port 'S_AXI_GP2_wr_socket' specified in the portmap, is not found on the block! 
WARNING: [BD 41-176] The physical port 'S_AXI_GP3_rd_socket' specified in the portmap, is not found on the block! 
WARNING: [BD 41-176] The physical port 'S_AXI_GP3_wr_socket' specified in the portmap, is not found on the block! 
Adding component instance block -- xilinx.com:ip:proc_sys_reset:5.0 - rst_ps7_0_50M
Adding component instance block -- xilinx.com:ip:axi_gpio:2.0 - axi_gpio_1
INFO: [BD 41-434] Could not find an IP with XCI file by name: DEMO_axi_gpio_1_0 
Adding component instance block -- xilinx.com:ip:xlconcat:2.1 - xlconcat_0
INFO: [BD 41-434] Could not find an IP with XCI file by name: DEMO_xlconcat_0_0 
Adding component instance block -- xilinx.com:ip:axi_timer:2.0 - axi_timer_0
INFO: [BD 41-434] Could not find an IP with XCI file by name: DEMO_axi_timer_0_0 
Adding component instance block -- xilinx.com:ip:axi_timer:2.0 - axi_timer_1
INFO: [BD 41-434] Could not find an IP with XCI file by name: DEMO_axi_timer_0_1 
Adding component instance block -- xilinx.com:ip:ila:6.2 - ila_0
INFO: [xilinx.com:ip:ila:6.2-6] /ila_0: Xilinx recommends using the System ILA IP in IP Integrator. The System ILA IP is functionally equivalent to an ILA and offers additional benefits in debugging interfaces both within IP Integrator and the Hardware Manager. Consult the Programming and Debug User Guide UG908 for further details.
Adding component instance block -- xilinx.com:ip:xlconcat:2.1 - xlconcat_1
Adding component instance block -- xilinx.com:ip:axi_gpio:2.0 - axi_gpio_2
Adding component instance block -- xilinx.com:module_ref:debouncer:1.0 - debouncer_0
Adding component instance block -- xilinx.com:module_ref:debouncer:1.0 - debouncer_1
Adding component instance block -- xilinx.com:module_ref:debouncer:1.0 - debouncer_2
Adding component instance block -- xilinx.com:user:axi_buzzer:1.0 - axi_buzzer_0
WARNING: [BD 41-1731] Type mismatch between connected pins: /axi_gpio_2/ip2intc_irpt(intr) and /ila_0/probe1(undef)
Successfully read diagram <DEMO> from BD file <D:/proyectosep2/rep2/IEE2463-SEP-Proyecto-2-Z8/full_hardware/vivado/vivado.srcs/sources_1/bd/DEMO/DEMO.bd>
INFO: [BD 41-433] 
Design successfully migrated to use XCI files...
Wrote  : <D:/proyectosep2/rep2/IEE2463-SEP-Proyecto-2-Z8/full_hardware/vivado/vivado.srcs/sources_1/bd/DEMO/ui/bd_58220e03.ui> 
Upgrading 'D:/proyectosep2/rep2/IEE2463-SEP-Proyecto-2-Z8/full_hardware/vivado/vivado.srcs/sources_1/bd/DEMO/DEMO.bd'
INFO: [IP_Flow 19-1972] Upgraded DEMO_debouncer_0_0 from debouncer_v1_0 1.0 to debouncer_v1_0 1.0
INFO: [IP_Flow 19-1972] Upgraded DEMO_debouncer_0_1 from debouncer_v1_0 1.0 to debouncer_v1_0 1.0
INFO: [IP_Flow 19-1972] Upgraded DEMO_debouncer_0_2 from debouncer_v1_0 1.0 to debouncer_v1_0 1.0
Wrote  : <D:\proyectosep2\rep2\IEE2463-SEP-Proyecto-2-Z8\full_hardware\vivado\vivado.srcs\sources_1\bd\DEMO\DEMO.bd> 
Wrote  : <D:/proyectosep2/rep2/IEE2463-SEP-Proyecto-2-Z8/full_hardware/vivado/vivado.srcs/sources_1/bd/DEMO/ui/bd_58220e03.ui> 
upgrade_ip: Time (s): cpu = 00:00:09 ; elapsed = 00:00:07 . Memory (MB): peak = 1361.238 ; gain = 0.000
update_module_reference: Time (s): cpu = 00:00:10 ; elapsed = 00:00:13 . Memory (MB): peak = 1361.238 ; gain = 0.000
update_compile_order -fileset sources_1
set_property  ip_repo_paths  {} [current_project]
update_ip_catalog
INFO: [IP_Flow 19-234] Refreshing IP repositories
INFO: [IP_Flow 19-1704] No user IP repositories specified
set_property  ip_repo_paths  D:/proyectosep2/IEE2463-SEP-Proyecto-2-Z8/ipcore [current_project]
update_ip_catalog
INFO: [IP_Flow 19-234] Refreshing IP repositories
INFO: [IP_Flow 19-1700] Loaded user IP repository 'd:/proyectosep2/IEE2463-SEP-Proyecto-2-Z8/ipcore'.
report_ip_status -name ip_status 
upgrade_ip -vlnv xilinx.com:user:axi_buzzer:1.0 [get_ips  DEMO_axi_buzzer_0_0] -log ip_upgrade.log
Upgrading 'D:/proyectosep2/rep2/IEE2463-SEP-Proyecto-2-Z8/full_hardware/vivado/vivado.srcs/sources_1/bd/DEMO/DEMO.bd'
INFO: [IP_Flow 19-3422] Upgraded DEMO_axi_buzzer_0_0 (axi_buzzer_v1.0 1.0) from revision 2 to revision 5
WARNING: [IP_Flow 19-4698] Upgrade has added port 'vio'
WARNING: [IP_Flow 19-3298] Detected external port differences while upgrading 'DEMO_axi_buzzer_0_0'. These changes may impact your design.
CRITICAL WARNING: [Coretcl 2-1279] The upgrade of 'DEMO_axi_buzzer_0_0' has identified issues that may require user intervention. Please review the upgrade log 'd:/proyectosep2/rep2/IEE2463-SEP-Proyecto-2-Z8/full_hardware/vivado/ip_upgrade.log', and verify that the upgraded IP is correctly configured.
Wrote  : <D:\proyectosep2\rep2\IEE2463-SEP-Proyecto-2-Z8\full_hardware\vivado\vivado.srcs\sources_1\bd\DEMO\DEMO.bd> 
Wrote  : <D:/proyectosep2/rep2/IEE2463-SEP-Proyecto-2-Z8/full_hardware/vivado/vivado.srcs/sources_1/bd/DEMO/ui/bd_58220e03.ui> 
INFO: [Coretcl 2-1525] Wrote upgrade log to 'D:/proyectosep2/rep2/IEE2463-SEP-Proyecto-2-Z8/full_hardware/vivado/ip_upgrade.log'.
export_ip_user_files -of_objects [get_ips DEMO_axi_buzzer_0_0] -no_script -sync -force -quiet
export_ip_user_files -of_objects  [get_files D:/proyectosep2/rep2/IEE2463-SEP-Proyecto-2-Z8/full_hardware/vivado/vivado.srcs/sources_1/bd/DEMO/hdl/DEMO_wrapper.vhd] -no_script -reset -force -quiet
remove_files  D:/proyectosep2/rep2/IEE2463-SEP-Proyecto-2-Z8/full_hardware/vivado/vivado.srcs/sources_1/bd/DEMO/hdl/DEMO_wrapper.vhd
update_compile_order -fileset sources_1
startgroup
create_bd_cell -type ip -vlnv xilinx.com:ip:vio:3.0 vio_0
endgroup
set_property location {6 1812 31} [get_bd_cells vio_0]
set_property -dict [list CONFIG.C_PROBE_OUT0_INIT_VAL {0x0FF} CONFIG.C_PROBE_OUT0_WIDTH {16} CONFIG.C_EN_PROBE_IN_ACTIVITY {0} CONFIG.C_NUM_PROBE_IN {0}] [get_bd_cells vio_0]
connect_bd_net [get_bd_pins vio_0/probe_out0] [get_bd_pins axi_buzzer_0/vio]
connect_bd_net [get_bd_pins vio_0/clk] [get_bd_pins processing_system7_0/FCLK_CLK0]
disconnect_bd_net /axi_gpio_2_ip2intc_irpt [get_bd_pins ila_0/probe1]
disconnect_bd_net /BTN0_0_1 [get_bd_pins ila_0/probe2]
disconnect_bd_net /debouncer_0_press [get_bd_pins ila_0/probe3]
WARNING: [IP_Flow 19-4067] Ignoring invalid widget type specified checkbox.Providing a default widget
startgroup
set_property -dict [list CONFIG.C_NUM_OF_PROBES {5}] [get_bd_cells ila_0]
endgroup
connect_bd_net [get_bd_pins ila_0/probe1] [get_bd_pins axi_timer_0/interrupt]
WARNING: [BD 41-1731] Type mismatch between connected pins: /axi_timer_0/interrupt(intr) and /ila_0/probe1(undef)
connect_bd_net [get_bd_pins ila_0/probe2] [get_bd_pins axi_timer_1/interrupt]
WARNING: [BD 41-1731] Type mismatch between connected pins: /axi_timer_1/interrupt(intr) and /ila_0/probe2(undef)
connect_bd_net [get_bd_pins ila_0/probe3] [get_bd_pins axi_gpio_1/ip2intc_irpt]
WARNING: [BD 41-1731] Type mismatch between connected pins: /axi_gpio_1/ip2intc_irpt(intr) and /ila_0/probe3(undef)
connect_bd_net [get_bd_pins ila_0/probe4] [get_bd_pins axi_gpio_2/ip2intc_irpt]
WARNING: [BD 41-1731] Type mismatch between connected pins: /axi_gpio_2/ip2intc_irpt(intr) and /ila_0/probe4(undef)
startgroup
create_bd_cell -type ip -vlnv xilinx.com:ip:ila:6.2 ila_1
INFO: [xilinx.com:ip:ila:6.2-6] /ila_1: Xilinx recommends using the System ILA IP in IP Integrator. The System ILA IP is functionally equivalent to an ILA and offers additional benefits in debugging interfaces both within IP Integrator and the Hardware Manager. Consult the Programming and Debug User Guide UG908 for further details.
endgroup
set_property location {5 1784 -95} [get_bd_cells ila_1]
WARNING: [IP_Flow 19-4067] Ignoring invalid widget type specified checkbox.Providing a default widget
set_property -dict [list CONFIG.C_NUM_OF_PROBES {19} CONFIG.C_SLOT_0_AXI_PROTOCOL {AXI4LITE}] [get_bd_cells ila_1]
connect_bd_intf_net [get_bd_intf_pins ila_1/SLOT_0_AXI] [get_bd_intf_pins axi_buzzer_0/S00_AXI]
connect_bd_net [get_bd_pins ila_1/clk] [get_bd_pins processing_system7_0/FCLK_CLK0]
regenerate_bd_layout
validate_bd_design
INFO: [xilinx.com:ip:axi_quad_spi:3.2-1] /axi_quad_spi_1 
                   #######################################################################################
                   INFO: AXI Quad SPI core's AXI Lite Clock and EXT SPI CLK are synchronous to each other.
                   ########################################################################################
INFO: [xilinx.com:ip:axi_quad_spi:3.2-1] /axi_quad_spi_0 
                   #######################################################################################
                   INFO: AXI Quad SPI core's AXI Lite Clock and EXT SPI CLK are synchronous to each other.
                   ########################################################################################
validate_bd_design: Time (s): cpu = 00:00:15 ; elapsed = 00:00:13 . Memory (MB): peak = 2063.695 ; gain = 0.000
save_bd_design
Wrote  : <D:\proyectosep2\rep2\IEE2463-SEP-Proyecto-2-Z8\full_hardware\vivado\vivado.srcs\sources_1\bd\DEMO\DEMO.bd> 
Wrote  : <D:/proyectosep2/rep2/IEE2463-SEP-Proyecto-2-Z8/full_hardware/vivado/vivado.srcs/sources_1/bd/DEMO/ui/bd_58220e03.ui> 
save_project_as Zybomon2_hw D:/proyectosep2/IEE2463-SEP-Proyecto-2-Z8/Zybomon2_hw -force
INFO: [IP_Flow 19-5107] Inferred bus interface 'clk' of definition 'xilinx.com:signal:clock:1.0' (from Xilinx Repository).
WARNING: [IP_Flow 19-5661] Bus Interface 'clk' does not have any bus interfaces associated with it.
INFO: [IP_Flow 19-234] Refreshing IP repositories
INFO: [IP_Flow 19-1700] Loaded user IP repository 'd:/proyectosep2/IEE2463-SEP-Proyecto-2-Z8/ipcore'.
INFO: [IP_Flow 19-5107] Inferred bus interface 'clk' of definition 'xilinx.com:signal:clock:1.0' (from Xilinx Repository).
WARNING: [IP_Flow 19-5661] Bus Interface 'clk' does not have any bus interfaces associated with it.
INFO: [IP_Flow 19-234] Refreshing IP repositories
INFO: [IP_Flow 19-1700] Loaded user IP repository 'd:/proyectosep2/IEE2463-SEP-Proyecto-2-Z8/ipcore'.
INFO: [IP_Flow 19-5107] Inferred bus interface 'clk' of definition 'xilinx.com:signal:clock:1.0' (from Xilinx Repository).
WARNING: [IP_Flow 19-5661] Bus Interface 'clk' does not have any bus interfaces associated with it.
INFO: [IP_Flow 19-234] Refreshing IP repositories
INFO: [IP_Flow 19-1700] Loaded user IP repository 'd:/proyectosep2/IEE2463-SEP-Proyecto-2-Z8/ipcore'.
make_wrapper -files [get_files D:/proyectosep2/IEE2463-SEP-Proyecto-2-Z8/Zybomon2_hw/Zybomon2_hw.srcs/sources_1/bd/DEMO/DEMO.bd] -top
INFO: [BD 41-1662] The design 'DEMO.bd' is already validated. Therefore parameter propagation will not be re-run.
Wrote  : <D:\proyectosep2\IEE2463-SEP-Proyecto-2-Z8\Zybomon2_hw\Zybomon2_hw.srcs\sources_1\bd\DEMO\DEMO.bd> 
VHDL Output written to : D:/proyectosep2/IEE2463-SEP-Proyecto-2-Z8/Zybomon2_hw/Zybomon2_hw.srcs/sources_1/bd/DEMO/synth/DEMO.vhd
VHDL Output written to : D:/proyectosep2/IEE2463-SEP-Proyecto-2-Z8/Zybomon2_hw/Zybomon2_hw.srcs/sources_1/bd/DEMO/sim/DEMO.vhd
VHDL Output written to : D:/proyectosep2/IEE2463-SEP-Proyecto-2-Z8/Zybomon2_hw/Zybomon2_hw.srcs/sources_1/bd/DEMO/hdl/DEMO_wrapper.vhd
add_files -norecurse D:/proyectosep2/IEE2463-SEP-Proyecto-2-Z8/Zybomon2_hw/Zybomon2_hw.srcs/sources_1/bd/DEMO/hdl/DEMO_wrapper.vhd
update_compile_order -fileset sources_1
set_property top DEMO_wrapper [current_fileset]
update_compile_order -fileset sources_1
reset_run synth_1
reset_run DEMO_processing_system7_0_0_synth_1
reset_run DEMO_ila_0_0_synth_1
launch_runs impl_1 -to_step write_bitstream -jobs 6
INFO: [BD 41-1662] The design 'DEMO.bd' is already validated. Therefore parameter propagation will not be re-run.
Wrote  : <D:\proyectosep2\IEE2463-SEP-Proyecto-2-Z8\Zybomon2_hw\Zybomon2_hw.srcs\sources_1\bd\DEMO\DEMO.bd> 
VHDL Output written to : D:/proyectosep2/IEE2463-SEP-Proyecto-2-Z8/Zybomon2_hw/Zybomon2_hw.srcs/sources_1/bd/DEMO/synth/DEMO.vhd
VHDL Output written to : D:/proyectosep2/IEE2463-SEP-Proyecto-2-Z8/Zybomon2_hw/Zybomon2_hw.srcs/sources_1/bd/DEMO/sim/DEMO.vhd
VHDL Output written to : D:/proyectosep2/IEE2463-SEP-Proyecto-2-Z8/Zybomon2_hw/Zybomon2_hw.srcs/sources_1/bd/DEMO/hdl/DEMO_wrapper.vhd
WARNING: [IP_Flow 19-5611] Unable to find an associated reset port for the interface 'M_AXI_GP0'. A default connection has been created.
INFO: [BD 41-1029] Generation completed for the IP Integrator block processing_system7_0 .
WARNING: [IP_Flow 19-4994] Overwriting existing constraint file 'd:/proyectosep2/IEE2463-SEP-Proyecto-2-Z8/Zybomon2_hw/Zybomon2_hw.srcs/sources_1/bd/DEMO/ip/DEMO_ila_0_0/DEMO_ila_0_0_ooc.xdc'
INFO: [BD 41-1029] Generation completed for the IP Integrator block ila_0 .
INFO: [BD 41-1029] Generation completed for the IP Integrator block debouncer_0 .
INFO: [BD 41-1029] Generation completed for the IP Integrator block debouncer_1 .
INFO: [BD 41-1029] Generation completed for the IP Integrator block debouncer_2 .
INFO: [BD 41-1029] Generation completed for the IP Integrator block axi_buzzer_0 .
INFO: [BD 41-1029] Generation completed for the IP Integrator block axi_gpio_1 .
INFO: [BD 41-1029] Generation completed for the IP Integrator block xlconcat_0 .
WARNING: [IP_Flow 19-4994] Overwriting existing constraint file 'd:/proyectosep2/IEE2463-SEP-Proyecto-2-Z8/Zybomon2_hw/Zybomon2_hw.srcs/sources_1/bd/DEMO/ip/DEMO_axi_timer_0_0/DEMO_axi_timer_0_0_ooc.xdc'
INFO: [BD 41-1029] Generation completed for the IP Integrator block axi_timer_0 .
WARNING: [IP_Flow 19-4994] Overwriting existing constraint file 'd:/proyectosep2/IEE2463-SEP-Proyecto-2-Z8/Zybomon2_hw/Zybomon2_hw.srcs/sources_1/bd/DEMO/ip/DEMO_axi_timer_1_0/DEMO_axi_timer_1_0_ooc.xdc'
INFO: [BD 41-1029] Generation completed for the IP Integrator block axi_timer_1 .
WARNING: [IP_Flow 19-4994] Overwriting existing constraint file 'd:/proyectosep2/IEE2463-SEP-Proyecto-2-Z8/Zybomon2_hw/Zybomon2_hw.srcs/sources_1/bd/DEMO/ip/DEMO_auto_pc_0/DEMO_auto_pc_0_ooc.xdc'
INFO: [BD 41-1029] Generation completed for the IP Integrator block ps7_0_axi_periph/s00_couplers/auto_pc .
INFO: [BD 41-1029] Generation completed for the IP Integrator block vio_0 .
WARNING: [IP_Flow 19-4994] Overwriting existing constraint file 'd:/proyectosep2/IEE2463-SEP-Proyecto-2-Z8/Zybomon2_hw/Zybomon2_hw.srcs/sources_1/bd/DEMO/ip/DEMO_ila_1_0/DEMO_ila_1_0_ooc.xdc'
INFO: [BD 41-1029] Generation completed for the IP Integrator block ila_1 .
Exporting to file D:/proyectosep2/IEE2463-SEP-Proyecto-2-Z8/Zybomon2_hw/Zybomon2_hw.srcs/sources_1/bd/DEMO/hw_handoff/DEMO.hwh
Generated Block Design Tcl file D:/proyectosep2/IEE2463-SEP-Proyecto-2-Z8/Zybomon2_hw/Zybomon2_hw.srcs/sources_1/bd/DEMO/hw_handoff/DEMO_bd.tcl
Generated Hardware Definition File D:/proyectosep2/IEE2463-SEP-Proyecto-2-Z8/Zybomon2_hw/Zybomon2_hw.srcs/sources_1/bd/DEMO/synth/DEMO.hwdef
[Fri Jul  4 19:28:06 2025] Launched DEMO_processing_system7_0_0_synth_1, DEMO_ila_0_0_synth_1, DEMO_axi_buzzer_0_0_synth_1, DEMO_debouncer_0_0_synth_1, DEMO_debouncer_0_1_synth_1, DEMO_debouncer_0_2_synth_1, DEMO_axi_gpio_1_0_synth_1, DEMO_axi_timer_0_0_synth_1, DEMO_axi_timer_1_0_synth_1, DEMO_ila_1_0_synth_1, DEMO_vio_0_0_synth_1, DEMO_auto_pc_0_synth_1, synth_1...
Run output will be captured here:
DEMO_processing_system7_0_0_synth_1: D:/proyectosep2/IEE2463-SEP-Proyecto-2-Z8/Zybomon2_hw/Zybomon2_hw.runs/DEMO_processing_system7_0_0_synth_1/runme.log
DEMO_ila_0_0_synth_1: D:/proyectosep2/IEE2463-SEP-Proyecto-2-Z8/Zybomon2_hw/Zybomon2_hw.runs/DEMO_ila_0_0_synth_1/runme.log
DEMO_axi_buzzer_0_0_synth_1: D:/proyectosep2/IEE2463-SEP-Proyecto-2-Z8/Zybomon2_hw/Zybomon2_hw.runs/DEMO_axi_buzzer_0_0_synth_1/runme.log
DEMO_debouncer_0_0_synth_1: D:/proyectosep2/IEE2463-SEP-Proyecto-2-Z8/Zybomon2_hw/Zybomon2_hw.runs/DEMO_debouncer_0_0_synth_1/runme.log
DEMO_debouncer_0_1_synth_1: D:/proyectosep2/IEE2463-SEP-Proyecto-2-Z8/Zybomon2_hw/Zybomon2_hw.runs/DEMO_debouncer_0_1_synth_1/runme.log
DEMO_debouncer_0_2_synth_1: D:/proyectosep2/IEE2463-SEP-Proyecto-2-Z8/Zybomon2_hw/Zybomon2_hw.runs/DEMO_debouncer_0_2_synth_1/runme.log
DEMO_axi_gpio_1_0_synth_1: D:/proyectosep2/IEE2463-SEP-Proyecto-2-Z8/Zybomon2_hw/Zybomon2_hw.runs/DEMO_axi_gpio_1_0_synth_1/runme.log
DEMO_axi_timer_0_0_synth_1: D:/proyectosep2/IEE2463-SEP-Proyecto-2-Z8/Zybomon2_hw/Zybomon2_hw.runs/DEMO_axi_timer_0_0_synth_1/runme.log
DEMO_axi_timer_1_0_synth_1: D:/proyectosep2/IEE2463-SEP-Proyecto-2-Z8/Zybomon2_hw/Zybomon2_hw.runs/DEMO_axi_timer_1_0_synth_1/runme.log
DEMO_ila_1_0_synth_1: D:/proyectosep2/IEE2463-SEP-Proyecto-2-Z8/Zybomon2_hw/Zybomon2_hw.runs/DEMO_ila_1_0_synth_1/runme.log
DEMO_vio_0_0_synth_1: D:/proyectosep2/IEE2463-SEP-Proyecto-2-Z8/Zybomon2_hw/Zybomon2_hw.runs/DEMO_vio_0_0_synth_1/runme.log
DEMO_auto_pc_0_synth_1: D:/proyectosep2/IEE2463-SEP-Proyecto-2-Z8/Zybomon2_hw/Zybomon2_hw.runs/DEMO_auto_pc_0_synth_1/runme.log
synth_1: D:/proyectosep2/IEE2463-SEP-Proyecto-2-Z8/Zybomon2_hw/Zybomon2_hw.runs/synth_1/runme.log
[Fri Jul  4 19:28:07 2025] Launched impl_1...
Run output will be captured here: D:/proyectosep2/IEE2463-SEP-Proyecto-2-Z8/Zybomon2_hw/Zybomon2_hw.runs/impl_1/runme.log
launch_runs: Time (s): cpu = 00:00:30 ; elapsed = 00:00:38 . Memory (MB): peak = 2063.695 ; gain = 0.000
set_property pfm_name {} [get_files -all {D:/proyectosep2/IEE2463-SEP-Proyecto-2-Z8/Zybomon2_hw/Zybomon2_hw.srcs/sources_1/bd/DEMO/DEMO.bd}]
write_hw_platform -fixed -include_bit -force -file D:/proyectosep2/IEE2463-SEP-Proyecto-2-Z8/Zybomon2_hw/DEMO_wrapper.xsa
INFO: [Vivado 12-4895] Creating Hardware Platform: D:/proyectosep2/IEE2463-SEP-Proyecto-2-Z8/Zybomon2_hw/DEMO_wrapper.xsa ...
INFO: [Hsi 55-2053] elapsed time for repository (D:/Xilinx/Vivado/2020.1/data\embeddedsw) loading 2 seconds
INFO: [Vivado 12-4896] Successfully created Hardware Platform: D:/proyectosep2/IEE2463-SEP-Proyecto-2-Z8/Zybomon2_hw/DEMO_wrapper.xsa
write_hw_platform: Time (s): cpu = 00:00:09 ; elapsed = 00:00:12 . Memory (MB): peak = 2063.695 ; gain = 0.000
INFO: [Vivado 12-8231] Launching Vitis
INFO: [Vivado 12-417] Running vitis
INFO: [Vivado 12-8232] Vitis launch initiated. Please check console for any further messages.
exit
INFO: [Common 17-206] Exiting Vivado at Sat Jul  5 00:02:09 2025...
