23:35:24 **** Incremental Build of configuration Debug for project ps_sw ****
make all 
make --no-print-directory pre-build
a9-linaro-pre-build-step
' '
make --no-print-directory main-build
'Building file: ../src/menus_logica.c'
'Invoking: ARM v7 gcc compiler'
arm-none-eabi-gcc -Wall -O0 -g3 -c -fmessage-length=0 -MT"src/menus_logica.o" -mcpu=cortex-a9 -mfpu=vfpv3 -mfloat-abi=hard -IC:/Users/andre/Projects/IEE2463-SEP-Proyecto-2-Z8/vitis/ps_2/export/ps_2/sw/ps_2/standalone_domain/bspinclude/include -MMD -MP -MF"src/menus_logica.d" -MT"src/menus_logica.o" -o "src/menus_logica.o" "../src/menus_logica.c"
'Finished building: ../src/menus_logica.c'
' '
'Building target: ps_sw.elf'
'Invoking: ARM v7 gcc linker'
arm-none-eabi-gcc -mcpu=cortex-a9 -mfpu=vfpv3 -mfloat-abi=hard -Wl,-build-id=none -specs=Xilinx.spec -Wl,-T -Wl,../src/lscript.ld -LC:/Users/andre/Projects/IEE2463-SEP-Proyecto-2-Z8/vitis/ps_2/export/ps_2/sw/ps_2/standalone_domain/bsplib/lib -o "ps_sw.elf"  ./src/main.o ./src/menus_logica.o   -Wl,--start-group,-lxil,-lgcc,-lc,--end-group
'Finished building target: ps_sw.elf'
' '
'Invoking: ARM v7 Print Size'
arm-none-eabi-size ps_sw.elf  |tee "ps_sw.elf.size"
   text	   data	    bss	    dec	    hex	filename
  22200	   1160	  22584	  45944	   b378	ps_sw.elf
'Finished building: ps_sw.elf.size'
' '

23:35:27 Build Finished (took 2s.775ms)

