08:59:05 INFO  : Launching XSCT server: xsct.bat -n  -interactive C:\Users\andre\Projects\IEE2463-SEP-Proyecto-2-Z8\input_reader\vitis2\temp_xsdb_launch_script.tcl
08:59:05 INFO  : Registering command handlers for Vitis TCF services
08:59:09 INFO  : XSCT server has started successfully.
08:59:09 INFO  : plnx-install-location is set to ''
08:59:09 INFO  : Platform repository initialization has completed.
08:59:10 INFO  : Successfully done setting XSCT server connection channel  
08:59:10 INFO  : Successfully done query RDI_DATADIR 
08:59:10 INFO  : Successfully done setting workspace for the tool. 
09:00:40 INFO  : Result from executing command 'getProjects': input_reader_plt
09:00:40 INFO  : Result from executing command 'getPlatforms': 
09:01:01 INFO  : Successfully done sdx_reload_mss "C:/Users/andre/Projects/IEE2463-SEP-Proyecto-2-Z8/input_reader/vitis2/input_reader_plt/zynq_fsbl/zynq_fsbl_bsp/system.mss"
09:01:06 INFO  : (SwPlatform) Successfully done removeLibrary 
09:01:06 INFO  : (SwPlatform)  Successfully done add_library 
09:01:08 INFO  : (SwPlatform) Successfully done update_mss 
09:01:08 INFO  : Successfully done sdx_reload_mss "C:/Users/andre/Projects/IEE2463-SEP-Proyecto-2-Z8/input_reader/vitis2/input_reader_plt/zynq_fsbl/zynq_fsbl_bsp/system.mss"
09:01:18 ERROR : (XSDB Server)rm: no se puede efectuar `lstat' sobre «*.o»: Invalid argument

09:01:18 ERROR : (XSDB Server)make: *** [Makefile:42: clean] Error 1

09:01:24 INFO  : Successfully done sdx_reload_mss "C:/Users/andre/Projects/IEE2463-SEP-Proyecto-2-Z8/input_reader/vitis2/input_reader_plt/ps7_cortexa9_0/standalone_domain/bsp/system.mss"
09:01:29 INFO  : (SwPlatform)  Successfully done add_library 
09:01:31 INFO  : (SwPlatform) Successfully done update_mss 
09:01:31 INFO  : Successfully done sdx_reload_mss "C:/Users/andre/Projects/IEE2463-SEP-Proyecto-2-Z8/input_reader/vitis2/input_reader_plt/ps7_cortexa9_0/standalone_domain/bsp/system.mss"
09:03:07 INFO  : Result from executing command 'getProjects': input_reader_plt
09:03:07 INFO  : Result from executing command 'getPlatforms': input_reader_plt|C:/Users/andre/Projects/IEE2463-SEP-Proyecto-2-Z8/input_reader/vitis2/input_reader_plt/export/input_reader_plt/input_reader_plt.xpfm
09:05:09 INFO  : Checking for BSP changes to sync application flags for project 'input_reader_sw'...
09:05:57 INFO  : Checking for BSP changes to sync application flags for project 'input_reader_sw'...
09:06:31 INFO  : Connected to target on host '127.0.0.1' and port '3121'.
09:06:32 INFO  : Jtag cable 'Digilent Zybo Z7 210351B3FC8DA' is selected.
09:06:32 INFO  : 'jtag frequency' command is executed.
09:06:32 INFO  : Context for 'APU' is selected.
09:06:32 INFO  : System reset is completed.
09:06:35 INFO  : 'after 3000' command is executed.
09:06:36 INFO  : 'targets -set -filter {jtag_cable_name =~ "Digilent Zybo Z7 210351B3FC8DA" && level==0 && jtag_device_ctx=="jsn-Zybo Z7-210351B3FC8DA-13722093-0"}' command is executed.
09:06:37 INFO  : FPGA configured successfully with bitstream "C:/Users/andre/Projects/IEE2463-SEP-Proyecto-2-Z8/input_reader/vitis2/input_reader_sw/_ide/bitstream/DEMO_wrapper.bit"
09:06:37 INFO  : Context for 'APU' is selected.
09:06:38 INFO  : Hardware design and registers information is loaded from 'C:/Users/andre/Projects/IEE2463-SEP-Proyecto-2-Z8/input_reader/vitis2/input_reader_plt/export/input_reader_plt/hw/DEMO_wrapper.xsa'.
09:06:38 INFO  : 'configparams force-mem-access 1' command is executed.
09:06:38 INFO  : Context for 'APU' is selected.
09:06:38 INFO  : Sourcing of 'C:/Users/andre/Projects/IEE2463-SEP-Proyecto-2-Z8/input_reader/vitis2/input_reader_sw/_ide/psinit/ps7_init.tcl' is done.
09:06:38 INFO  : 'ps7_init' command is executed.
09:06:38 INFO  : 'ps7_post_config' command is executed.
09:06:39 INFO  : Context for processor 'ps7_cortexa9_0' is selected.
09:06:40 INFO  : The application 'C:/Users/andre/Projects/IEE2463-SEP-Proyecto-2-Z8/input_reader/vitis2/input_reader_sw/Debug/input_reader_sw.elf' is downloaded to processor 'ps7_cortexa9_0'.
09:06:40 INFO  : 'configparams force-mem-access 0' command is executed.
09:06:40 INFO  : ----------------XSDB Script----------------
connect -url tcp:127.0.0.1:3121
targets -set -nocase -filter {name =~"APU*"}
rst -system
after 3000
targets -set -filter {jtag_cable_name =~ "Digilent Zybo Z7 210351B3FC8DA" && level==0 && jtag_device_ctx=="jsn-Zybo Z7-210351B3FC8DA-13722093-0"}
fpga -file C:/Users/andre/Projects/IEE2463-SEP-Proyecto-2-Z8/input_reader/vitis2/input_reader_sw/_ide/bitstream/DEMO_wrapper.bit
targets -set -nocase -filter {name =~"APU*"}
loadhw -hw C:/Users/andre/Projects/IEE2463-SEP-Proyecto-2-Z8/input_reader/vitis2/input_reader_plt/export/input_reader_plt/hw/DEMO_wrapper.xsa -mem-ranges [list {0x40000000 0xbfffffff}] -regs
configparams force-mem-access 1
targets -set -nocase -filter {name =~"APU*"}
source C:/Users/andre/Projects/IEE2463-SEP-Proyecto-2-Z8/input_reader/vitis2/input_reader_sw/_ide/psinit/ps7_init.tcl
ps7_init
ps7_post_config
targets -set -nocase -filter {name =~ "*A9*#0"}
dow C:/Users/andre/Projects/IEE2463-SEP-Proyecto-2-Z8/input_reader/vitis2/input_reader_sw/Debug/input_reader_sw.elf
configparams force-mem-access 0
----------------End of Script----------------

09:06:40 INFO  : Context for processor 'ps7_cortexa9_0' is selected.
09:06:40 INFO  : 'con' command is executed.
09:06:40 INFO  : ----------------XSDB Script (After Launch)----------------
targets -set -nocase -filter {name =~ "*A9*#0"}
con
----------------End of Script----------------

09:06:40 INFO  : Launch script is exported to file 'C:\Users\andre\Projects\IEE2463-SEP-Proyecto-2-Z8\input_reader\vitis2\.sdk\launch_scripts\single_application_debug\systemdebugger_input_reader_sw_system_standalone.tcl'
09:13:14 INFO  : Checking for BSP changes to sync application flags for project 'input_reader_sw'...
09:13:36 INFO  : Disconnected from the channel tcfchan#4.
09:13:36 INFO  : Connected to target on host '127.0.0.1' and port '3121'.
09:13:37 INFO  : Jtag cable 'Digilent Zybo Z7 210351B3FC8DA' is selected.
09:13:37 INFO  : 'jtag frequency' command is executed.
09:13:37 INFO  : Context for 'APU' is selected.
09:13:37 INFO  : System reset is completed.
09:13:40 INFO  : 'after 3000' command is executed.
09:13:40 INFO  : 'targets -set -filter {jtag_cable_name =~ "Digilent Zybo Z7 210351B3FC8DA" && level==0 && jtag_device_ctx=="jsn-Zybo Z7-210351B3FC8DA-13722093-0"}' command is executed.
09:13:41 INFO  : FPGA configured successfully with bitstream "C:/Users/andre/Projects/IEE2463-SEP-Proyecto-2-Z8/input_reader/vitis2/input_reader_sw/_ide/bitstream/DEMO_wrapper.bit"
09:13:41 INFO  : Context for 'APU' is selected.
09:13:41 INFO  : Hardware design and registers information is loaded from 'C:/Users/andre/Projects/IEE2463-SEP-Proyecto-2-Z8/input_reader/vitis2/input_reader_plt/export/input_reader_plt/hw/DEMO_wrapper.xsa'.
09:13:41 INFO  : 'configparams force-mem-access 1' command is executed.
09:13:41 INFO  : Context for 'APU' is selected.
09:13:41 INFO  : Sourcing of 'C:/Users/andre/Projects/IEE2463-SEP-Proyecto-2-Z8/input_reader/vitis2/input_reader_sw/_ide/psinit/ps7_init.tcl' is done.
09:13:42 INFO  : 'ps7_init' command is executed.
09:13:42 INFO  : 'ps7_post_config' command is executed.
09:13:42 INFO  : Context for processor 'ps7_cortexa9_0' is selected.
09:13:43 INFO  : The application 'C:/Users/andre/Projects/IEE2463-SEP-Proyecto-2-Z8/input_reader/vitis2/input_reader_sw/Debug/input_reader_sw.elf' is downloaded to processor 'ps7_cortexa9_0'.
09:13:43 INFO  : 'configparams force-mem-access 0' command is executed.
09:13:43 INFO  : ----------------XSDB Script----------------
connect -url tcp:127.0.0.1:3121
targets -set -nocase -filter {name =~"APU*"}
rst -system
after 3000
targets -set -filter {jtag_cable_name =~ "Digilent Zybo Z7 210351B3FC8DA" && level==0 && jtag_device_ctx=="jsn-Zybo Z7-210351B3FC8DA-13722093-0"}
fpga -file C:/Users/andre/Projects/IEE2463-SEP-Proyecto-2-Z8/input_reader/vitis2/input_reader_sw/_ide/bitstream/DEMO_wrapper.bit
targets -set -nocase -filter {name =~"APU*"}
loadhw -hw C:/Users/andre/Projects/IEE2463-SEP-Proyecto-2-Z8/input_reader/vitis2/input_reader_plt/export/input_reader_plt/hw/DEMO_wrapper.xsa -mem-ranges [list {0x40000000 0xbfffffff}] -regs
configparams force-mem-access 1
targets -set -nocase -filter {name =~"APU*"}
source C:/Users/andre/Projects/IEE2463-SEP-Proyecto-2-Z8/input_reader/vitis2/input_reader_sw/_ide/psinit/ps7_init.tcl
ps7_init
ps7_post_config
targets -set -nocase -filter {name =~ "*A9*#0"}
dow C:/Users/andre/Projects/IEE2463-SEP-Proyecto-2-Z8/input_reader/vitis2/input_reader_sw/Debug/input_reader_sw.elf
configparams force-mem-access 0
----------------End of Script----------------

09:13:43 INFO  : Context for processor 'ps7_cortexa9_0' is selected.
09:13:43 INFO  : 'con' command is executed.
09:13:43 INFO  : ----------------XSDB Script (After Launch)----------------
targets -set -nocase -filter {name =~ "*A9*#0"}
con
----------------End of Script----------------

09:13:43 INFO  : Launch script is exported to file 'C:\Users\andre\Projects\IEE2463-SEP-Proyecto-2-Z8\input_reader\vitis2\.sdk\launch_scripts\single_application_debug\systemdebugger_input_reader_sw_system_standalone.tcl'
09:21:18 INFO  : Checking for BSP changes to sync application flags for project 'input_reader_sw'...
09:21:41 INFO  : Disconnected from the channel tcfchan#6.
09:21:41 INFO  : Connected to target on host '127.0.0.1' and port '3121'.
09:21:42 INFO  : Jtag cable 'Digilent Zybo Z7 210351B3FC8DA' is selected.
09:21:42 INFO  : 'jtag frequency' command is executed.
09:21:42 INFO  : Context for 'APU' is selected.
09:21:42 INFO  : System reset is completed.
09:21:45 INFO  : 'after 3000' command is executed.
09:21:45 INFO  : 'targets -set -filter {jtag_cable_name =~ "Digilent Zybo Z7 210351B3FC8DA" && level==0 && jtag_device_ctx=="jsn-Zybo Z7-210351B3FC8DA-13722093-0"}' command is executed.
09:21:46 INFO  : FPGA configured successfully with bitstream "C:/Users/andre/Projects/IEE2463-SEP-Proyecto-2-Z8/input_reader/vitis2/input_reader_sw/_ide/bitstream/DEMO_wrapper.bit"
09:21:46 INFO  : Context for 'APU' is selected.
09:21:46 INFO  : Hardware design and registers information is loaded from 'C:/Users/andre/Projects/IEE2463-SEP-Proyecto-2-Z8/input_reader/vitis2/input_reader_plt/export/input_reader_plt/hw/DEMO_wrapper.xsa'.
09:21:46 INFO  : 'configparams force-mem-access 1' command is executed.
09:21:46 INFO  : Context for 'APU' is selected.
09:21:46 INFO  : Sourcing of 'C:/Users/andre/Projects/IEE2463-SEP-Proyecto-2-Z8/input_reader/vitis2/input_reader_sw/_ide/psinit/ps7_init.tcl' is done.
09:21:47 INFO  : 'ps7_init' command is executed.
09:21:47 INFO  : 'ps7_post_config' command is executed.
09:21:47 INFO  : Context for processor 'ps7_cortexa9_0' is selected.
09:21:48 INFO  : The application 'C:/Users/andre/Projects/IEE2463-SEP-Proyecto-2-Z8/input_reader/vitis2/input_reader_sw/Debug/input_reader_sw.elf' is downloaded to processor 'ps7_cortexa9_0'.
09:21:48 INFO  : 'configparams force-mem-access 0' command is executed.
09:21:48 INFO  : ----------------XSDB Script----------------
connect -url tcp:127.0.0.1:3121
targets -set -nocase -filter {name =~"APU*"}
rst -system
after 3000
targets -set -filter {jtag_cable_name =~ "Digilent Zybo Z7 210351B3FC8DA" && level==0 && jtag_device_ctx=="jsn-Zybo Z7-210351B3FC8DA-13722093-0"}
fpga -file C:/Users/andre/Projects/IEE2463-SEP-Proyecto-2-Z8/input_reader/vitis2/input_reader_sw/_ide/bitstream/DEMO_wrapper.bit
targets -set -nocase -filter {name =~"APU*"}
loadhw -hw C:/Users/andre/Projects/IEE2463-SEP-Proyecto-2-Z8/input_reader/vitis2/input_reader_plt/export/input_reader_plt/hw/DEMO_wrapper.xsa -mem-ranges [list {0x40000000 0xbfffffff}] -regs
configparams force-mem-access 1
targets -set -nocase -filter {name =~"APU*"}
source C:/Users/andre/Projects/IEE2463-SEP-Proyecto-2-Z8/input_reader/vitis2/input_reader_sw/_ide/psinit/ps7_init.tcl
ps7_init
ps7_post_config
targets -set -nocase -filter {name =~ "*A9*#0"}
dow C:/Users/andre/Projects/IEE2463-SEP-Proyecto-2-Z8/input_reader/vitis2/input_reader_sw/Debug/input_reader_sw.elf
configparams force-mem-access 0
----------------End of Script----------------

09:21:48 INFO  : Context for processor 'ps7_cortexa9_0' is selected.
09:21:49 INFO  : 'con' command is executed.
09:21:49 INFO  : ----------------XSDB Script (After Launch)----------------
targets -set -nocase -filter {name =~ "*A9*#0"}
con
----------------End of Script----------------

09:21:49 INFO  : Launch script is exported to file 'C:\Users\andre\Projects\IEE2463-SEP-Proyecto-2-Z8\input_reader\vitis2\.sdk\launch_scripts\single_application_debug\systemdebugger_input_reader_sw_system_standalone.tcl'
09:29:51 INFO  : Disconnected from the channel tcfchan#8.
