Nothing to build in platform 'music_player_v2_plt'

01:41:00 **** Incremental Build of configuration Debug for project music_player_v2_sw ****
make all 
make --no-print-directory pre-build
a9-linaro-pre-build-step
' '
make --no-print-directory main-build
'Building file: ../src/main.c'
'Invoking: ARM v7 gcc compiler'
arm-none-eabi-gcc -Wall -O0 -g3 -c -fmessage-length=0 -MT"src/main.o" -mcpu=cortex-a9 -mfpu=vfpv3 -mfloat-abi=hard -ID:/proyectosep2/IEE2463-SEP-Proyecto-2-Z8/music_player_v2/vitis/music_player_v2_plt/export/music_player_v2_plt/sw/music_player_v2_plt/standalone_domain/bspinclude/include -MMD -MP -MF"src/main.d" -MT"src/main.o" -o "src/main.o" "../src/main.c"
../src/main.c: In function 'TmrCtrSetupIntrSystem':
../src/main.c:126:13: warning: 'return' with a value, in function returning void [-Wreturn-type]
  126 |      return -1;
      |             ^
../src/main.c:113:6: note: declared here
  113 | void TmrCtrSetupIntrSystem(XTmrCtr *TmrCtrInstancePtr,
      |      ^~~~~~~~~~~~~~~~~~~~~
../src/main.c:151:14: warning: 'return' with a value, in function returning void [-Wreturn-type]
  151 |       return -1;
      |              ^
../src/main.c:113:6: note: declared here
  113 | void TmrCtrSetupIntrSystem(XTmrCtr *TmrCtrInstancePtr,
      |      ^~~~~~~~~~~~~~~~~~~~~
In file included from D:/proyectosep2/IEE2463-SEP-Proyecto-2-Z8/music_player_v2/vitis/music_player_v2_plt/export/music_player_v2_plt/sw/music_player_v2_plt/standalone_domain/bspinclude/include/xtmrctr.h:157,
                 from ../src/main.c:3:
../src/main.c: In function 'SdReaderSetup':
D:/proyectosep2/IEE2463-SEP-Proyecto-2-Z8/music_player_v2/vitis/music_player_v2_plt/export/music_player_v2_plt/sw/music_player_v2_plt/standalone_domain/bspinclude/include/xstatus.h:39:41: warning: 'return' with a value, in function returning void [-Wreturn-type]
   39 | #define XST_FAILURE                     1L
      |                                         ^~
../src/main.c:169:17: note: in expansion of macro 'XST_FAILURE'
  169 |          return XST_FAILURE;
      |                 ^~~~~~~~~~~
../src/main.c:162:6: note: declared here
  162 | void SdReaderSetup()
      |      ^~~~~~~~~~~~~
'Finished building: ../src/main.c'
' '
'Building target: music_player_v2_sw.elf'
'Invoking: ARM v7 gcc linker'
arm-none-eabi-gcc -mcpu=cortex-a9 -mfpu=vfpv3 -mfloat-abi=hard -Wl,-build-id=none -specs=Xilinx.spec -Wl,-T -Wl,../src/lscript.ld -LD:/proyectosep2/IEE2463-SEP-Proyecto-2-Z8/music_player_v2/vitis/music_player_v2_plt/export/music_player_v2_plt/sw/music_player_v2_plt/standalone_domain/bsplib/lib -o "music_player_v2_sw.elf"  ./src/main.o ./src/platform.o   -Wl,--start-group,-lxil,-lgcc,-lc,--end-group -Wl,--start-group,-lxilffs,-lxil,-lgcc,-lc,--end-group
'Finished building target: music_player_v2_sw.elf'
' '
'Invoking: ARM v7 Print Size'
arm-none-eabi-size music_player_v2_sw.elf  |tee "music_player_v2_sw.elf.size"
   text	   data	    bss	    dec	    hex	filename
  59692	   1976	  26208	  87876	  15744	music_player_v2_sw.elf
'Finished building: music_player_v2_sw.elf.size'
' '
01:41:01 **** Incremental Build of configuration Debug for project music_player_v2_sw_system ****
make all 
Generating bif file for the system project
generate_system_bif.bat 50893 D:/proyectosep2/IEE2463-SEP-Proyecto-2-Z8/music_player_v2/vitis/music_player_v2_plt/export/music_player_v2_plt/music_player_v2_plt.xpfm standalone_domain D:/proyectosep2/IEE2463-SEP-Proyecto-2-Z8/music_player_v2/vitis/music_player_v2_sw_system/Debug/system.bif
sdcard_gen --xpfm D:/proyectosep2/IEE2463-SEP-Proyecto-2-Z8/music_player_v2/vitis/music_player_v2_plt/export/music_player_v2_plt/music_player_v2_plt.xpfm --sys_config music_player_v2_plt --bif D:/proyectosep2/IEE2463-SEP-Proyecto-2-Z8/music_player_v2/vitis/music_player_v2_sw_system/Debug/system.bif --bitstream D:/proyectosep2/IEE2463-SEP-Proyecto-2-Z8/music_player_v2/vitis/music_player_v2_sw/_ide/bitstream/design_1_wrapper.bit --elf D:/proyectosep2/IEE2463-SEP-Proyecto-2-Z8/music_player_v2/vitis/music_player_v2_sw/Debug/music_player_v2_sw.elf,ps7_cortexa9_0
creating BOOT.BIN using D:/proyectosep2/IEE2463-SEP-Proyecto-2-Z8/music_player_v2/vitis/music_player_v2_sw/_ide/bitstream/design_1_wrapper.bit
Running D:/Xilinx/Vitis/2020.1/bin/bootgen  -image D:/proyectosep2/IEE2463-SEP-Proyecto-2-Z8/music_player_v2/vitis/music_player_v2_sw_system/Debug/sd_card_temp/boot.bif -w -o i BOOT.BIN
