#-----------------------------------------------------------
# Vivado v2020.1 (64-bit)
# SW Build 2902540 on Wed May 27 19:54:49 MDT 2020
# IP Build 2902112 on Wed May 27 22:43:36 MDT 2020
# Start of session at: Tue Jun 24 21:03:15 2025
# Process ID: 1600
# Current directory: D:/proyectosep2/IEE2463-SEP-Proyecto-2-Z8/PS/vivado/Ps
# Command line: vivado.exe -gui_launcher_event rodinguilauncherevent2808 D:\proyectosep2\IEE2463-SEP-Proyecto-2-Z8\PS\vivado\Ps\Ps.xpr
# Log file: D:/proyectosep2/IEE2463-SEP-Proyecto-2-Z8/PS/vivado/Ps/vivado.log
# Journal file: D:/proyectosep2/IEE2463-SEP-Proyecto-2-Z8/PS/vivado/Ps\vivado.jou
#-----------------------------------------------------------
start_gui
open_project D:/proyectosep2/IEE2463-SEP-Proyecto-2-Z8/PS/vivado/Ps/Ps.xpr
INFO: [Project 1-313] Project file moved from 'C:/Users/andre/Projects/IEE2463-SEP-Proyecto-2-Z8/PS/vivado/Ps' since last save.
Scanning sources...
Finished scanning sources
WARNING: [filemgmt 56-2] IPUserFilesDir: Could not find the directory 'D:/proyectosep2/IEE2463-SEP-Proyecto-2-Z8/PS/vivado/Ps/Ps.ip_user_files', nor could it be found using path 'C:/Users/andre/Projects/IEE2463-SEP-Proyecto-2-Z8/PS/vivado/Ps/Ps.ip_user_files'.
INFO: [IP_Flow 19-234] Refreshing IP repositories
INFO: [IP_Flow 19-1704] No user IP repositories specified
INFO: [IP_Flow 19-2313] Loaded Vivado IP repository 'D:/Xilinx/Vivado/2020.1/data/ip'.
open_project: Time (s): cpu = 00:00:25 ; elapsed = 00:00:37 . Memory (MB): peak = 973.895 ; gain = 35.191
update_compile_order -fileset sources_1
open_bd_design {D:/proyectosep2/IEE2463-SEP-Proyecto-2-Z8/PS/vivado/Ps/Ps.srcs/sources_1/bd/design_1/design_1.bd}
Adding component instance block -- xilinx.com:ip:processing_system7:5.5 - processing_system7_0
WARNING: [BD 41-176] The physical port 'S_AXI_GP2_rd_socket' specified in the portmap, is not found on the block! 
WARNING: [BD 41-176] The physical port 'S_AXI_GP2_wr_socket' specified in the portmap, is not found on the block! 
WARNING: [BD 41-176] The physical port 'S_AXI_GP3_rd_socket' specified in the portmap, is not found on the block! 
WARNING: [BD 41-176] The physical port 'S_AXI_GP3_wr_socket' specified in the portmap, is not found on the block! 
Adding component instance block -- xilinx.com:ip:axi_gpio:2.0 - axi_gpio_0
Adding component instance block -- xilinx.com:ip:axi_interconnect:2.1 - ps7_0_axi_periph
Adding component instance block -- xilinx.com:ip:axi_protocol_converter:2.1 - auto_pc
Adding component instance block -- xilinx.com:ip:proc_sys_reset:5.0 - rst_ps7_0_100M
Successfully read diagram <design_1> from BD file <D:/proyectosep2/IEE2463-SEP-Proyecto-2-Z8/PS/vivado/Ps/Ps.srcs/sources_1/bd/design_1/design_1.bd>
open_bd_design: Time (s): cpu = 00:00:11 ; elapsed = 00:00:20 . Memory (MB): peak = 1128.520 ; gain = 72.543
INFO: [Vivado 12-8231] Launching Vitis
INFO: [Vivado 12-417] Running vitis
INFO: [Vivado 12-8232] Vitis launch initiated. Please check console for any further messages.
exit
INFO: [Common 17-206] Exiting Vivado at Wed Jun 25 03:30:14 2025...
