#-----------------------------------------------------------
# Vivado v2020.1 (64-bit)
# SW Build 2902540 on Wed May 27 19:54:49 MDT 2020
# IP Build 2902112 on Wed May 27 22:43:36 MDT 2020
# Start of session at: Sun May 25 22:16:10 2025
# Process ID: 13128
# Current directory: D:/proyectosep2/IEE2463-SEP-Proyecto-2-Z8/project_1
# Command line: vivado.exe -gui_launcher_event rodinguilauncherevent3188 D:\proyectosep2\IEE2463-SEP-Proyecto-2-Z8\project_1\tmp_edit_project.xpr
# Log file: D:/proyectosep2/IEE2463-SEP-Proyecto-2-Z8/project_1/vivado.log
# Journal file: D:/proyectosep2/IEE2463-SEP-Proyecto-2-Z8/project_1\vivado.jou
#-----------------------------------------------------------
start_gui
open_project D:/proyectosep2/IEE2463-SEP-Proyecto-2-Z8/project_1/tmp_edit_project.xpr
INFO: [Project 1-313] Project file moved from 'D:/proyectosep2/project_1' since last save.
Scanning sources...
Finished scanning sources
WARNING: [filemgmt 56-2] Default IP Output Path : Could not find the directory 'D:/proyectosep2/IEE2463-SEP-Proyecto-2-Z8/project_1/tmp_edit_project.srcs/sources_1', nor could it be found using path 'D:/proyectosep2/project_1/tmp_edit_project.srcs/sources_1'.
WARNING: [filemgmt 56-2] IPUserFilesDir: Could not find the directory 'D:/proyectosep2/IEE2463-SEP-Proyecto-2-Z8/project_1/tmp_edit_project.ip_user_files', nor could it be found using path 'D:/proyectosep2/project_1/tmp_edit_project.ip_user_files'.
INFO: [IP_Flow 19-234] Refreshing IP repositories
INFO: [IP_Flow 19-1700] Loaded user IP repository 'd:/proyectosep2/IEE2463-SEP-Proyecto-2-Z8/project_1'.
INFO: [IP_Flow 19-2313] Loaded Vivado IP repository 'D:/Xilinx/Vivado/2020.1/data/ip'.
open_project: Time (s): cpu = 00:00:12 ; elapsed = 00:00:08 . Memory (MB): peak = 1080.078 ; gain = 0.000
update_compile_order -fileset sources_1
exit
INFO: [Common 17-206] Exiting Vivado at Mon May 26 00:24:44 2025...
