Nothing to build in platform 'input_reader_plt'

22:08:50 **** Incremental Build of configuration Debug for project input_reader_sw ****
make all 
make --no-print-directory pre-build
a9-linaro-pre-build-step
' '
make --no-print-directory main-build
'Building file: ../src/main.c'
'Invoking: ARM v7 gcc compiler'
arm-none-eabi-gcc -Wall -O0 -g3 -c -fmessage-length=0 -MT"src/main.o" -mcpu=cortex-a9 -mfpu=vfpv3 -mfloat-abi=hard -ID:/proyectosep2/IEE2463-SEP-Proyecto-2-Z8/input_reader/vitis/input_reader_plt/export/input_reader_plt/sw/input_reader_plt/standalone_domain/bspinclude/include -MMD -MP -MF"src/main.d" -MT"src/main.o" -o "src/main.o" "../src/main.c"
../src/main.c: In function 'main':
../src/main.c:106:2: warning: implicit declaration of function 'InterruptSetUp' [-Wimplicit-function-declaration]
  106 |  InterruptSetUp(&TimerInst0, &gpio1, TMRCTR_DEVICE_ID);
      |  ^~~~~~~~~~~~~~
../src/main.c: At top level:
../src/main.c:113:6: warning: conflicting types for 'InterruptSetUp'
  113 | void InterruptSetUp(XTmrCtr *TmrCtrInstancePtr, XGpio *LightGpioInstancePtr,
      |      ^~~~~~~~~~~~~~
../src/main.c:106:2: note: previous implicit declaration of 'InterruptSetUp' was here
  106 |  InterruptSetUp(&TimerInst0, &gpio1, TMRCTR_DEVICE_ID);
      |  ^~~~~~~~~~~~~~
../src/main.c: In function 'InterruptSetUp':
../src/main.c:126:14: warning: 'return' with a value, in function returning void [-Wreturn-type]
  126 |       return -1;
      |              ^
../src/main.c:113:6: note: declared here
  113 | void InterruptSetUp(XTmrCtr *TmrCtrInstancePtr, XGpio *LightGpioInstancePtr,
      |      ^~~~~~~~~~~~~~
../src/main.c:155:15: warning: 'return' with a value, in function returning void [-Wreturn-type]
  155 |        return -1;
      |               ^
../src/main.c:113:6: note: declared here
  113 | void InterruptSetUp(XTmrCtr *TmrCtrInstancePtr, XGpio *LightGpioInstancePtr,
      |      ^~~~~~~~~~~~~~
../src/main.c:162:12: warning: 'return' with a value, in function returning void [-Wreturn-type]
  162 |     return -1;
      |            ^
../src/main.c:113:6: note: declared here
  113 | void InterruptSetUp(XTmrCtr *TmrCtrInstancePtr, XGpio *LightGpioInstancePtr,
      |      ^~~~~~~~~~~~~~
'Finished building: ../src/main.c'
' '
'Building target: input_reader_sw.elf'
'Invoking: ARM v7 gcc linker'
arm-none-eabi-gcc -mcpu=cortex-a9 -mfpu=vfpv3 -mfloat-abi=hard -Wl,-build-id=none -specs=Xilinx.spec -Wl,-T -Wl,../src/lscript.ld -LD:/proyectosep2/IEE2463-SEP-Proyecto-2-Z8/input_reader/vitis/input_reader_plt/export/input_reader_plt/sw/input_reader_plt/standalone_domain/bsplib/lib -o "input_reader_sw.elf"  ./src/ADC.o ./src/Delay.o ./src/I2C.o ./src/LCD_Driver.o ./src/LCD_GUI.o ./src/LCD_SPI.o ./src/font12.o ./src/font16.o ./src/font20.o ./src/font24.o ./src/font8.o ./src/main.o ./src/platform.o   -Wl,--start-group,-lxil,-lgcc,-lc,--end-group
'Finished building target: input_reader_sw.elf'
' '
'Invoking: ARM v7 Print Size'
arm-none-eabi-size input_reader_sw.elf  |tee "input_reader_sw.elf.size"
   text	   data	    bss	    dec	    hex	filename
 223901	   3500	  23216	 250617	  3d2f9	input_reader_sw.elf
'Finished building: input_reader_sw.elf.size'
' '
22:08:51 **** Incremental Build of configuration Debug for project input_reader_sw_system ****
make all 
Generating bif file for the system project
generate_system_bif.bat 52074 D:/proyectosep2/IEE2463-SEP-Proyecto-2-Z8/input_reader/vitis/input_reader_plt/export/input_reader_plt/input_reader_plt.xpfm standalone_domain D:/proyectosep2/IEE2463-SEP-Proyecto-2-Z8/input_reader/vitis/input_reader_sw_system/Debug/system.bif
sdcard_gen --xpfm D:/proyectosep2/IEE2463-SEP-Proyecto-2-Z8/input_reader/vitis/input_reader_plt/export/input_reader_plt/input_reader_plt.xpfm --sys_config input_reader_plt --bif D:/proyectosep2/IEE2463-SEP-Proyecto-2-Z8/input_reader/vitis/input_reader_sw_system/Debug/system.bif --bitstream D:/proyectosep2/IEE2463-SEP-Proyecto-2-Z8/input_reader/vitis/input_reader_sw/_ide/bitstream/DEMO_wrapper.bit --elf D:/proyectosep2/IEE2463-SEP-Proyecto-2-Z8/input_reader/vitis/input_reader_sw/Debug/input_reader_sw.elf,ps7_cortexa9_0
creating BOOT.BIN using D:/proyectosep2/IEE2463-SEP-Proyecto-2-Z8/input_reader/vitis/input_reader_sw/_ide/bitstream/DEMO_wrapper.bit
Running D:/Xilinx/Vitis/2020.1/bin/bootgen  -image D:/proyectosep2/IEE2463-SEP-Proyecto-2-Z8/input_reader/vitis/input_reader_sw_system/Debug/sd_card_temp/boot.bif -w -o i BOOT.BIN
