08:56:27 **** Incremental Build of configuration Debug for project input_reader_sw ****
make all 
make --no-print-directory pre-build
a9-linaro-pre-build-step
' '
make --no-print-directory main-build
'Building target: input_reader_sw.elf'
'Invoking: ARM v7 gcc linker'
arm-none-eabi-gcc -mcpu=cortex-a9 -mfpu=vfpv3 -mfloat-abi=hard -Wl,-build-id=none -specs=Xilinx.spec -Wl,-T -Wl,../src/lscript.ld -LC:/Users/andre/Projects/IEE2463-SEP-Proyecto-2-Z8/input_reader/vitis/input_reader_plt/export/input_reader_plt/sw/input_reader_plt/standalone_domain/bsplib/lib -o "input_reader_sw.elf"  ./src/ADC.o ./src/Bitmap.o ./src/Delay.o ./src/I2C.o ./src/LCD_Driver.o ./src/LCD_GUI.o ./src/LCD_SPI.o ./src/font12.o ./src/font16.o ./src/font20.o ./src/font24.o ./src/font8.o ./src/main.o ./src/platform.o   -Wl,--start-group,-lxil,-lgcc,-lc,--end-group
c:/xilinx/vitis/2020.1/gnu/aarch32/nt/gcc-arm-none-eabi/x86_64-oesdk-mingw32/usr/bin/arm-xilinx-eabi/../../libexec/arm-xilinx-eabi/gcc/arm-xilinx-eabi/9.2.0/real-ld.exe: ./src/Bitmap.o: in function `Open_Sprite':
C:\Users\andre\Projects\IEE2463-SEP-Proyecto-2-Z8\input_reader\vitis\input_reader_sw\Debug/../src/Bitmap.c:138: undefined reference to `f_open'
c:/xilinx/vitis/2020.1/gnu/aarch32/nt/gcc-arm-none-eabi/x86_64-oesdk-mingw32/usr/bin/arm-xilinx-eabi/../../libexec/arm-xilinx-eabi/gcc/arm-xilinx-eabi/9.2.0/real-ld.exe: C:\Users\andre\Projects\IEE2463-SEP-Proyecto-2-Z8\input_reader\vitis\input_reader_sw\Debug/../src/Bitmap.c:148: undefined reference to `f_lseek'
c:/xilinx/vitis/2020.1/gnu/aarch32/nt/gcc-arm-none-eabi/x86_64-oesdk-mingw32/usr/bin/arm-xilinx-eabi/../../libexec/arm-xilinx-eabi/gcc/arm-xilinx-eabi/9.2.0/real-ld.exe: C:\Users\andre\Projects\IEE2463-SEP-Proyecto-2-Z8\input_reader\vitis\input_reader_sw\Debug/../src/Bitmap.c:156: undefined reference to `f_read'
c:/xilinx/vitis/2020.1/gnu/aarch32/nt/gcc-arm-none-eabi/x86_64-oesdk-mingw32/usr/bin/arm-xilinx-eabi/../../libexec/arm-xilinx-eabi/gcc/arm-xilinx-eabi/9.2.0/real-ld.exe: C:\Users\andre\Projects\IEE2463-SEP-Proyecto-2-Z8\input_reader\vitis\input_reader_sw\Debug/../src/Bitmap.c:170: undefined reference to `f_lseek'
c:/xilinx/vitis/2020.1/gnu/aarch32/nt/gcc-arm-none-eabi/x86_64-oesdk-mingw32/usr/bin/arm-xilinx-eabi/../../libexec/arm-xilinx-eabi/gcc/arm-xilinx-eabi/9.2.0/real-ld.exe: C:\Users\andre\Projects\IEE2463-SEP-Proyecto-2-Z8\input_reader\vitis\input_reader_sw\Debug/../src/Bitmap.c:178: undefined reference to `f_read'
c:/xilinx/vitis/2020.1/gnu/aarch32/nt/gcc-arm-none-eabi/x86_64-oesdk-mingw32/usr/bin/arm-xilinx-eabi/../../libexec/arm-xilinx-eabi/gcc/arm-xilinx-eabi/9.2.0/real-ld.exe: C:\Users\andre\Projects\IEE2463-SEP-Proyecto-2-Z8\input_reader\vitis\input_reader_sw\Debug/../src/Bitmap.c:191: undefined reference to `f_lseek'
c:/xilinx/vitis/2020.1/gnu/aarch32/nt/gcc-arm-none-eabi/x86_64-oesdk-mingw32/usr/bin/arm-xilinx-eabi/../../libexec/arm-xilinx-eabi/gcc/arm-xilinx-eabi/9.2.0/real-ld.exe: C:\Users\andre\Projects\IEE2463-SEP-Proyecto-2-Z8\input_reader\vitis\input_reader_sw\Debug/../src/Bitmap.c:199: undefined reference to `f_read'
c:/xilinx/vitis/2020.1/gnu/aarch32/nt/gcc-arm-none-eabi/x86_64-oesdk-mingw32/usr/bin/arm-xilinx-eabi/../../libexec/arm-xilinx-eabi/gcc/arm-xilinx-eabi/9.2.0/real-ld.exe: C:\Users\andre\Projects\IEE2463-SEP-Proyecto-2-Z8\input_reader\vitis\input_reader_sw\Debug/../src/Bitmap.c:210: undefined reference to `f_read'
c:/xilinx/vitis/2020.1/gnu/aarch32/nt/gcc-arm-none-eabi/x86_64-oesdk-mingw32/usr/bin/arm-xilinx-eabi/../../libexec/arm-xilinx-eabi/gcc/arm-xilinx-eabi/9.2.0/real-ld.exe: C:\Users\andre\Projects\IEE2463-SEP-Proyecto-2-Z8\input_reader\vitis\input_reader_sw\Debug/../src/Bitmap.c:228: undefined reference to `f_lseek'
c:/xilinx/vitis/2020.1/gnu/aarch32/nt/gcc-arm-none-eabi/x86_64-oesdk-mingw32/usr/bin/arm-xilinx-eabi/../../libexec/arm-xilinx-eabi/gcc/arm-xilinx-eabi/9.2.0/real-ld.exe: C:\Users\andre\Projects\IEE2463-SEP-Proyecto-2-Z8\input_reader\vitis\input_reader_sw\Debug/../src/Bitmap.c:245: undefined reference to `f_read'
c:/xilinx/vitis/2020.1/gnu/aarch32/nt/gcc-arm-none-eabi/x86_64-oesdk-mingw32/usr/bin/arm-xilinx-eabi/../../libexec/arm-xilinx-eabi/gcc/arm-xilinx-eabi/9.2.0/real-ld.exe: C:\Users\andre\Projects\IEE2463-SEP-Proyecto-2-Z8\input_reader\vitis\input_reader_sw\Debug/../src/Bitmap.c:260: undefined reference to `f_read'
c:/xilinx/vitis/2020.1/gnu/aarch32/nt/gcc-arm-none-eabi/x86_64-oesdk-mingw32/usr/bin/arm-xilinx-eabi/../../libexec/arm-xilinx-eabi/gcc/arm-xilinx-eabi/9.2.0/real-ld.exe: C:\Users\andre\Projects\IEE2463-SEP-Proyecto-2-Z8\input_reader\vitis\input_reader_sw\Debug/../src/Bitmap.c:262: undefined reference to `f_close'
c:/xilinx/vitis/2020.1/gnu/aarch32/nt/gcc-arm-none-eabi/x86_64-oesdk-mingw32/usr/bin/arm-xilinx-eabi/../../libexec/arm-xilinx-eabi/gcc/arm-xilinx-eabi/9.2.0/real-ld.exe: ./src/main.o: in function `SdReaderSetup':
C:\Users\andre\Projects\IEE2463-SEP-Proyecto-2-Z8\input_reader\vitis\input_reader_sw\Debug/../src/main.c:463: undefined reference to `f_mount'
collect2.exe: error: ld returned 1 exit status
'Finished building target: input_reader_sw.elf'
' '
'Invoking: ARM v7 Print Size'
arm-none-eabi-size input_reader_sw.elf  |tee "input_reader_sw.elf.size"
arm-none-eabi-size: 'input_reader_sw.elf': No such file
'Finished building: input_reader_sw.elf.size'
' '

08:56:29 Build Finished (took 1s.820ms)

