#-----------------------------------------------------------
# Vivado v2020.1 (64-bit)
# SW Build 2902540 on Wed May 27 19:54:49 MDT 2020
# IP Build 2902112 on Wed May 27 22:43:36 MDT 2020
# Start of session at: Tue Jun 17 12:13:45 2025
# Process ID: 18408
# Current directory: D:/proyectosep2/IEE2463-SEP-Proyecto-2-Z8/music_player_v2/project_1
# Command line: vivado.exe -gui_launcher_event rodinguilauncherevent11388 D:\proyectosep2\IEE2463-SEP-Proyecto-2-Z8\music_player_v2\project_1\project_1.xpr
# Log file: D:/proyectosep2/IEE2463-SEP-Proyecto-2-Z8/music_player_v2/project_1/vivado.log
# Journal file: D:/proyectosep2/IEE2463-SEP-Proyecto-2-Z8/music_player_v2/project_1\vivado.jou
#-----------------------------------------------------------
start_gui
open_project D:/proyectosep2/IEE2463-SEP-Proyecto-2-Z8/music_player_v2/project_1/project_1.xpr
Scanning sources...
Finished scanning sources
INFO: [IP_Flow 19-234] Refreshing IP repositories
INFO: [IP_Flow 19-1700] Loaded user IP repository 'd:/proyectosep2/IEE2463-SEP-Proyecto-2-Z8/ipcore'.
INFO: [IP_Flow 19-2313] Loaded Vivado IP repository 'D:/Xilinx/Vivado/2020.1/data/ip'.
open_project: Time (s): cpu = 00:00:29 ; elapsed = 00:00:40 . Memory (MB): peak = 1013.680 ; gain = 75.812
update_compile_order -fileset sources_1
INFO: [Vivado 12-8231] Launching Vitis
INFO: [Vivado 12-417] Running vitis
INFO: [Vivado 12-8232] Vitis launch initiated. Please check console for any further messages.
exit
INFO: [Common 17-206] Exiting Vivado at Tue Jun 17 15:28:30 2025...
