
*** Running vivado
    with args -log design_1_axi_buzzer_0_0.vds -m64 -product Vivado -mode batch -messageDb vivado.pb -notrace -source design_1_axi_buzzer_0_0.tcl



****** Vivado v2020.1 (64-bit)
  **** SW Build 2902540 on Wed May 27 19:54:49 MDT 2020
  **** IP Build 2902112 on Wed May 27 22:43:36 MDT 2020
    ** Copyright 1986-2020 Xilinx, Inc. All Rights Reserved.

source design_1_axi_buzzer_0_0.tcl -notrace
INFO: [IP_Flow 19-234] Refreshing IP repositories
INFO: [IP_Flow 19-1700] Loaded user IP repository 'd:/proyectosep2/IEE2463-SEP-Proyecto-2-Z8/ipcore'.
INFO: [IP_Flow 19-2313] Loaded Vivado IP repository 'D:/Xilinx/Vivado/2020.1/data/ip'.
WARNING: [IP_Flow 19-4995] The host OS only allows 260 characters in a normal path. The IP cache path is more than 80 characters. If you experience issues with IP caching, please consider changing the IP cache to a location with a shorter path. Alternately consider using the OS subst command to map part of the path to a drive letter. 
Current IP cache path is d:/proyectosep2/IEE2463-SEP-Proyecto-2-Z8/music_player_v2/project_1/project_1.cache/ip 
Command: synth_design -top design_1_axi_buzzer_0_0 -part xc7z010clg400-1 -mode out_of_context
Starting synth_design
Attempting to get a license for feature 'Synthesis' and/or device 'xc7z010'
INFO: [Common 17-349] Got license for feature 'Synthesis' and/or device 'xc7z010'
INFO: [Device 21-403] Loading part xc7z010clg400-1
INFO: [Synth 8-7079] Multithreading enabled for synth_design using a maximum of 2 processes.
INFO: [Synth 8-7078] Launching helper process for spawning children vivado processes
INFO: [Synth 8-7075] Helper process launched with PID 4644
---------------------------------------------------------------------------------
Starting RTL Elaboration : Time (s): cpu = 00:00:05 ; elapsed = 00:00:08 . Memory (MB): peak = 1077.797 ; gain = 0.000
---------------------------------------------------------------------------------
INFO: [Synth 8-638] synthesizing module 'design_1_axi_buzzer_0_0' [d:/proyectosep2/IEE2463-SEP-Proyecto-2-Z8/music_player_v2/project_1/project_1.srcs/sources_1/bd/design_1/ip/design_1_axi_buzzer_0_0/synth/design_1_axi_buzzer_0_0.vhd:84]
	Parameter C_S00_AXI_DATA_WIDTH bound to: 32 - type: integer 
	Parameter C_S00_AXI_ADDR_WIDTH bound to: 4 - type: integer 
	Parameter SAMPLE_RATE bound to: 12500 - type: integer 
INFO: [Synth 8-3491] module 'axi_buzzer_v1_0' declared at 'd:/proyectosep2/IEE2463-SEP-Proyecto-2-Z8/music_player_v2/project_1/project_1.srcs/sources_1/bd/design_1/ipshared/a7e7/hdl/axi_buzzer_v1_0.vhd:5' bound to instance 'U0' of component 'axi_buzzer_v1_0' [d:/proyectosep2/IEE2463-SEP-Proyecto-2-Z8/music_player_v2/project_1/project_1.srcs/sources_1/bd/design_1/ip/design_1_axi_buzzer_0_0/synth/design_1_axi_buzzer_0_0.vhd:155]
INFO: [Synth 8-638] synthesizing module 'axi_buzzer_v1_0' [d:/proyectosep2/IEE2463-SEP-Proyecto-2-Z8/music_player_v2/project_1/project_1.srcs/sources_1/bd/design_1/ipshared/a7e7/hdl/axi_buzzer_v1_0.vhd:50]
	Parameter SAMPLE_RATE bound to: 12500 - type: integer 
	Parameter C_S00_AXI_DATA_WIDTH bound to: 32 - type: integer 
	Parameter C_S00_AXI_ADDR_WIDTH bound to: 4 - type: integer 
	Parameter SAMPLE_RATE bound to: 12500 - type: integer 
	Parameter C_S_AXI_DATA_WIDTH bound to: 32 - type: integer 
	Parameter C_S_AXI_ADDR_WIDTH bound to: 4 - type: integer 
INFO: [Synth 8-3491] module 'axi_buzzer_v1_0_S00_AXI' declared at 'd:/proyectosep2/IEE2463-SEP-Proyecto-2-Z8/music_player_v2/project_1/project_1.srcs/sources_1/bd/design_1/ipshared/a7e7/hdl/axi_buzzer_v1_0_S00_AXI.vhd:6' bound to instance 'axi_buzzer_v1_0_S00_AXI_inst' of component 'axi_buzzer_v1_0_S00_AXI' [d:/proyectosep2/IEE2463-SEP-Proyecto-2-Z8/music_player_v2/project_1/project_1.srcs/sources_1/bd/design_1/ipshared/a7e7/hdl/axi_buzzer_v1_0.vhd:89]
INFO: [Synth 8-638] synthesizing module 'axi_buzzer_v1_0_S00_AXI' [d:/proyectosep2/IEE2463-SEP-Proyecto-2-Z8/music_player_v2/project_1/project_1.srcs/sources_1/bd/design_1/ipshared/a7e7/hdl/axi_buzzer_v1_0_S00_AXI.vhd:88]
	Parameter SAMPLE_RATE bound to: 12500 - type: integer 
	Parameter C_S_AXI_DATA_WIDTH bound to: 32 - type: integer 
	Parameter C_S_AXI_ADDR_WIDTH bound to: 4 - type: integer 
INFO: [Synth 8-226] default block is never used [d:/proyectosep2/IEE2463-SEP-Proyecto-2-Z8/music_player_v2/project_1/project_1.srcs/sources_1/bd/design_1/ipshared/a7e7/hdl/axi_buzzer_v1_0_S00_AXI.vhd:245]
INFO: [Synth 8-226] default block is never used [d:/proyectosep2/IEE2463-SEP-Proyecto-2-Z8/music_player_v2/project_1/project_1.srcs/sources_1/bd/design_1/ipshared/a7e7/hdl/axi_buzzer_v1_0_S00_AXI.vhd:375]
INFO: [Synth 8-3491] module 'proportional_pwm' declared at 'd:/proyectosep2/IEE2463-SEP-Proyecto-2-Z8/music_player_v2/project_1/project_1.srcs/sources_1/bd/design_1/ipshared/proportional_pwm.vhd:36' bound to instance 'buzzer_pwm' of component 'proportional_pwm' [d:/proyectosep2/IEE2463-SEP-Proyecto-2-Z8/music_player_v2/project_1/project_1.srcs/sources_1/bd/design_1/ipshared/a7e7/hdl/axi_buzzer_v1_0_S00_AXI.vhd:409]
INFO: [Synth 8-638] synthesizing module 'proportional_pwm' [d:/proyectosep2/IEE2463-SEP-Proyecto-2-Z8/music_player_v2/project_1/project_1.srcs/sources_1/bd/design_1/ipshared/proportional_pwm.vhd:46]
INFO: [Synth 8-256] done synthesizing module 'proportional_pwm' (1#1) [d:/proyectosep2/IEE2463-SEP-Proyecto-2-Z8/music_player_v2/project_1/project_1.srcs/sources_1/bd/design_1/ipshared/proportional_pwm.vhd:46]
INFO: [Synth 8-256] done synthesizing module 'axi_buzzer_v1_0_S00_AXI' (2#1) [d:/proyectosep2/IEE2463-SEP-Proyecto-2-Z8/music_player_v2/project_1/project_1.srcs/sources_1/bd/design_1/ipshared/a7e7/hdl/axi_buzzer_v1_0_S00_AXI.vhd:88]
INFO: [Synth 8-256] done synthesizing module 'axi_buzzer_v1_0' (3#1) [d:/proyectosep2/IEE2463-SEP-Proyecto-2-Z8/music_player_v2/project_1/project_1.srcs/sources_1/bd/design_1/ipshared/a7e7/hdl/axi_buzzer_v1_0.vhd:50]
INFO: [Synth 8-256] done synthesizing module 'design_1_axi_buzzer_0_0' (4#1) [d:/proyectosep2/IEE2463-SEP-Proyecto-2-Z8/music_player_v2/project_1/project_1.srcs/sources_1/bd/design_1/ip/design_1_axi_buzzer_0_0/synth/design_1_axi_buzzer_0_0.vhd:84]
---------------------------------------------------------------------------------
Finished RTL Elaboration : Time (s): cpu = 00:00:06 ; elapsed = 00:00:09 . Memory (MB): peak = 1134.047 ; gain = 56.250
---------------------------------------------------------------------------------
---------------------------------------------------------------------------------
Start Handling Custom Attributes
---------------------------------------------------------------------------------
---------------------------------------------------------------------------------
Finished Handling Custom Attributes : Time (s): cpu = 00:00:08 ; elapsed = 00:00:11 . Memory (MB): peak = 1134.047 ; gain = 56.250
---------------------------------------------------------------------------------
---------------------------------------------------------------------------------
Finished RTL Optimization Phase 1 : Time (s): cpu = 00:00:08 ; elapsed = 00:00:11 . Memory (MB): peak = 1134.047 ; gain = 56.250
---------------------------------------------------------------------------------
Netlist sorting complete. Time (s): cpu = 00:00:00 ; elapsed = 00:00:00.007 . Memory (MB): peak = 1134.047 ; gain = 0.000
INFO: [Project 1-570] Preparing netlist for logic optimization

Processing XDC Constraints
Initializing timing engine
Completed Processing XDC Constraints

Netlist sorting complete. Time (s): cpu = 00:00:00 ; elapsed = 00:00:00 . Memory (MB): peak = 1232.598 ; gain = 0.000
INFO: [Project 1-111] Unisim Transformation Summary:
No Unisim elements were transformed.

Constraint Validation Runtime : Time (s): cpu = 00:00:00 ; elapsed = 00:00:00.149 . Memory (MB): peak = 1232.621 ; gain = 0.023
---------------------------------------------------------------------------------
Finished Constraint Validation : Time (s): cpu = 00:00:15 ; elapsed = 00:00:20 . Memory (MB): peak = 1232.621 ; gain = 154.824
---------------------------------------------------------------------------------
---------------------------------------------------------------------------------
Start Loading Part and Timing Information
---------------------------------------------------------------------------------
Loading part: xc7z010clg400-1
---------------------------------------------------------------------------------
Finished Loading Part and Timing Information : Time (s): cpu = 00:00:15 ; elapsed = 00:00:20 . Memory (MB): peak = 1232.621 ; gain = 154.824
---------------------------------------------------------------------------------
---------------------------------------------------------------------------------
Start Applying 'set_property' XDC Constraints
---------------------------------------------------------------------------------
---------------------------------------------------------------------------------
Finished applying 'set_property' XDC Constraints : Time (s): cpu = 00:00:15 ; elapsed = 00:00:20 . Memory (MB): peak = 1232.621 ; gain = 154.824
---------------------------------------------------------------------------------
INFO: [Synth 8-802] inferred FSM for state register 'state_reg' in module 'axi_buzzer_v1_0_S00_AXI'
---------------------------------------------------------------------------------------------------
                   State |                     New Encoding |                Previous Encoding 
---------------------------------------------------------------------------------------------------
                  s_idle |                           000001 |                              000
      s_bvalid_flag_down |                           000010 |                              001
            s_play_byte1 |                           000100 |                              010
            s_play_byte2 |                           001000 |                              011
            s_play_byte3 |                           010000 |                              100
            s_play_byte4 |                           100000 |                              101
---------------------------------------------------------------------------------------------------
INFO: [Synth 8-3354] encoded FSM with state register 'state_reg' using encoding 'one-hot' in module 'axi_buzzer_v1_0_S00_AXI'
---------------------------------------------------------------------------------
Finished RTL Optimization Phase 2 : Time (s): cpu = 00:00:15 ; elapsed = 00:00:20 . Memory (MB): peak = 1232.621 ; gain = 154.824
---------------------------------------------------------------------------------
---------------------------------------------------------------------------------
Start RTL Component Statistics 
---------------------------------------------------------------------------------
Detailed RTL Component Info : 
+---Adders : 
	   2 Input    8 Bit       Adders := 4     
+---Registers : 
	               32 Bit    Registers := 6     
	                8 Bit    Registers := 3     
	                4 Bit    Registers := 2     
	                2 Bit    Registers := 2     
	                1 Bit    Registers := 9     
+---Muxes : 
	   2 Input   32 Bit        Muxes := 4     
	   4 Input   32 Bit        Muxes := 5     
	   6 Input    8 Bit        Muxes := 1     
	   2 Input    1 Bit        Muxes := 6     
	   6 Input    1 Bit        Muxes := 3     
---------------------------------------------------------------------------------
Finished RTL Component Statistics 
---------------------------------------------------------------------------------
---------------------------------------------------------------------------------
Start Part Resource Summary
---------------------------------------------------------------------------------
Part Resources:
DSPs: 80 (col length:40)
BRAMs: 120 (col length: RAMB18 40 RAMB36 20)
---------------------------------------------------------------------------------
Finished Part Resource Summary
---------------------------------------------------------------------------------
---------------------------------------------------------------------------------
Start Cross Boundary and Area Optimization
---------------------------------------------------------------------------------
---------------------------------------------------------------------------------
Finished Cross Boundary and Area Optimization : Time (s): cpu = 00:00:18 ; elapsed = 00:00:23 . Memory (MB): peak = 1232.621 ; gain = 154.824
---------------------------------------------------------------------------------
---------------------------------------------------------------------------------
Start Applying XDC Timing Constraints
---------------------------------------------------------------------------------
---------------------------------------------------------------------------------
Finished Applying XDC Timing Constraints : Time (s): cpu = 00:00:28 ; elapsed = 00:00:34 . Memory (MB): peak = 1232.621 ; gain = 154.824
---------------------------------------------------------------------------------
---------------------------------------------------------------------------------
Start Timing Optimization
---------------------------------------------------------------------------------
---------------------------------------------------------------------------------
Finished Timing Optimization : Time (s): cpu = 00:00:29 ; elapsed = 00:00:34 . Memory (MB): peak = 1232.621 ; gain = 154.824
---------------------------------------------------------------------------------
---------------------------------------------------------------------------------
Start Technology Mapping
---------------------------------------------------------------------------------
---------------------------------------------------------------------------------
Finished Technology Mapping : Time (s): cpu = 00:00:29 ; elapsed = 00:00:34 . Memory (MB): peak = 1250.805 ; gain = 173.008
---------------------------------------------------------------------------------
---------------------------------------------------------------------------------
Start IO Insertion
---------------------------------------------------------------------------------
---------------------------------------------------------------------------------
Start Flattening Before IO Insertion
---------------------------------------------------------------------------------
---------------------------------------------------------------------------------
Finished Flattening Before IO Insertion
---------------------------------------------------------------------------------
---------------------------------------------------------------------------------
Start Final Netlist Cleanup
---------------------------------------------------------------------------------
---------------------------------------------------------------------------------
Finished Final Netlist Cleanup
---------------------------------------------------------------------------------
---------------------------------------------------------------------------------
Finished IO Insertion : Time (s): cpu = 00:00:33 ; elapsed = 00:00:38 . Memory (MB): peak = 1250.805 ; gain = 173.008
---------------------------------------------------------------------------------
---------------------------------------------------------------------------------
Start Renaming Generated Instances
---------------------------------------------------------------------------------
---------------------------------------------------------------------------------
Finished Renaming Generated Instances : Time (s): cpu = 00:00:33 ; elapsed = 00:00:38 . Memory (MB): peak = 1250.805 ; gain = 173.008
---------------------------------------------------------------------------------
---------------------------------------------------------------------------------
Start Rebuilding User Hierarchy
---------------------------------------------------------------------------------
---------------------------------------------------------------------------------
Finished Rebuilding User Hierarchy : Time (s): cpu = 00:00:33 ; elapsed = 00:00:38 . Memory (MB): peak = 1250.805 ; gain = 173.008
---------------------------------------------------------------------------------
---------------------------------------------------------------------------------
Start Renaming Generated Ports
---------------------------------------------------------------------------------
---------------------------------------------------------------------------------
Finished Renaming Generated Ports : Time (s): cpu = 00:00:33 ; elapsed = 00:00:38 . Memory (MB): peak = 1250.805 ; gain = 173.008
---------------------------------------------------------------------------------
---------------------------------------------------------------------------------
Start Handling Custom Attributes
---------------------------------------------------------------------------------
---------------------------------------------------------------------------------
Finished Handling Custom Attributes : Time (s): cpu = 00:00:33 ; elapsed = 00:00:38 . Memory (MB): peak = 1250.805 ; gain = 173.008
---------------------------------------------------------------------------------
---------------------------------------------------------------------------------
Start Renaming Generated Nets
---------------------------------------------------------------------------------
---------------------------------------------------------------------------------
Finished Renaming Generated Nets : Time (s): cpu = 00:00:33 ; elapsed = 00:00:38 . Memory (MB): peak = 1250.805 ; gain = 173.008
---------------------------------------------------------------------------------
---------------------------------------------------------------------------------
Start Writing Synthesis Report
---------------------------------------------------------------------------------

Report BlackBoxes: 
+-+--------------+----------+
| |BlackBox name |Instances |
+-+--------------+----------+
+-+--------------+----------+

Report Cell Usage: 
+------+-------+------+
|      |Cell   |Count |
+------+-------+------+
|1     |CARRY4 |    10|
|2     |LUT1   |     4|
|3     |LUT2   |    41|
|4     |LUT3   |     6|
|5     |LUT4   |    46|
|6     |LUT5   |    20|
|7     |LUT6   |    46|
|8     |FDRE   |   240|
|9     |FDSE   |    11|
+------+-------+------+
---------------------------------------------------------------------------------
Finished Writing Synthesis Report : Time (s): cpu = 00:00:33 ; elapsed = 00:00:38 . Memory (MB): peak = 1250.805 ; gain = 173.008
---------------------------------------------------------------------------------
Synthesis finished with 0 errors, 0 critical warnings and 0 warnings.
Synthesis Optimization Runtime : Time (s): cpu = 00:00:24 ; elapsed = 00:00:35 . Memory (MB): peak = 1250.805 ; gain = 74.434
Synthesis Optimization Complete : Time (s): cpu = 00:00:33 ; elapsed = 00:00:38 . Memory (MB): peak = 1250.805 ; gain = 173.008
INFO: [Project 1-571] Translating synthesized netlist
Netlist sorting complete. Time (s): cpu = 00:00:00 ; elapsed = 00:00:00.008 . Memory (MB): peak = 1250.805 ; gain = 0.000
INFO: [Netlist 29-17] Analyzing 10 Unisim elements for replacement
INFO: [Netlist 29-28] Unisim Transformation completed in 0 CPU seconds
INFO: [Project 1-570] Preparing netlist for logic optimization
INFO: [Opt 31-138] Pushed 0 inverter(s) to 0 load pin(s).
Netlist sorting complete. Time (s): cpu = 00:00:00 ; elapsed = 00:00:00 . Memory (MB): peak = 1253.711 ; gain = 0.000
INFO: [Project 1-111] Unisim Transformation Summary:
No Unisim elements were transformed.

INFO: [Common 17-83] Releasing license: Synthesis
32 Infos, 1 Warnings, 0 Critical Warnings and 0 Errors encountered.
synth_design completed successfully
synth_design: Time (s): cpu = 00:00:39 ; elapsed = 00:00:50 . Memory (MB): peak = 1253.711 ; gain = 175.914
INFO: [Common 17-1381] The checkpoint 'D:/proyectosep2/IEE2463-SEP-Proyecto-2-Z8/music_player_v2/project_1/project_1.runs/design_1_axi_buzzer_0_0_synth_1/design_1_axi_buzzer_0_0.dcp' has been generated.
WARNING: [Common 17-576] 'use_project_ipc' is deprecated. This option is deprecated and no longer used.
INFO: [Coretcl 2-1648] Added synthesis output to IP cache for IP design_1_axi_buzzer_0_0, cache-ID = c43833b75ae60b59
INFO: [Coretcl 2-1174] Renamed 3 cell refs.
INFO: [Common 17-1381] The checkpoint 'D:/proyectosep2/IEE2463-SEP-Proyecto-2-Z8/music_player_v2/project_1/project_1.runs/design_1_axi_buzzer_0_0_synth_1/design_1_axi_buzzer_0_0.dcp' has been generated.
INFO: [runtcl-4] Executing : report_utilization -file design_1_axi_buzzer_0_0_utilization_synth.rpt -pb design_1_axi_buzzer_0_0_utilization_synth.pb
INFO: [Common 17-206] Exiting Vivado at Tue Jun 17 00:58:59 2025...
