#-----------------------------------------------------------
# updatemem v2020.1 (64-bit)
# SW Build 2902540 on Wed May 27 19:54:49 MDT 2020
# 
# Start of session at: Tue Jun 17 21:37:27 2025
# Process ID: 22200
# Current directory: d:/proyectosep2/IEE2463-SEP-Proyecto-2-Z8/input_reader/vivado
# Command line: updatemem.exe -mode batch -source D:/Xilinx/Vitis/2020.1/scripts/updatemem/main.tcl -notrace -tclargs -meminfo D:/U/2025/Primer_semestre/SEP/AYU7/vitis/ayu7sw/_ide/bitstream/design_1_wrapper.mmi -data D:/Xilinx/Vitis/2020.1/data/embeddedsw/lib/microblaze/mb_bootloop_le.elf -proc design_1_i/microblaze_0 -bit D:/U/2025/Primer_semestre/SEP/AYU7/vitis/ayu7sw/_ide/bitstream/design_1_wrapper.bit -out D:/U/2025/Primer_semestre/SEP/AYU7/vitis/ayu7sw/_ide/bitstream/download.bit -force
# Log file: d:/proyectosep2/IEE2463-SEP-Proyecto-2-Z8/input_reader/vivado/updatemem.log
# Journal file: d:/proyectosep2/IEE2463-SEP-Proyecto-2-Z8/input_reader/vivado\updatemem.jou
#-----------------------------------------------------------
source D:/Xilinx/Vitis/2020.1/scripts/updatemem/main.tcl -notrace
Command: update_mem -meminfo D:/U/2025/Primer_semestre/SEP/AYU7/vitis/ayu7sw/_ide/bitstream/design_1_wrapper.mmi -data D:/Xilinx/Vitis/2020.1/data/embeddedsw/lib/microblaze/mb_bootloop_le.elf -proc design_1_i/microblaze_0 -bit D:/U/2025/Primer_semestre/SEP/AYU7/vitis/ayu7sw/_ide/bitstream/design_1_wrapper.bit -out D:/U/2025/Primer_semestre/SEP/AYU7/vitis/ayu7sw/_ide/bitstream/download.bit -force
Loading bitfile D:/U/2025/Primer_semestre/SEP/AYU7/vitis/ayu7sw/_ide/bitstream/design_1_wrapper.bit
Loading data files...
Updating memory content...
Creating bitstream...
Writing bitstream D:/U/2025/Primer_semestre/SEP/AYU7/vitis/ayu7sw/_ide/bitstream/download.bit...
0 Infos, 0 Warnings, 0 Critical Warnings and 0 Errors encountered.
update_mem completed successfully
update_mem: Time (s): cpu = 00:00:07 ; elapsed = 00:00:07 . Memory (MB): peak = 1031.469 ; gain = 586.672
INFO: [Common 17-206] Exiting updatemem at Tue Jun 17 21:37:34 2025...
