#-----------------------------------------------------------
# Vivado v2020.1 (64-bit)
# SW Build 2902540 on Wed May 27 19:54:49 MDT 2020
# IP Build 2902112 on Wed May 27 22:43:36 MDT 2020
# Start of session at: Thu Jun 12 13:19:41 2025
# Process ID: 1616
# Current directory: D:/proyectosep2/IEE2463-SEP-Proyecto-2-Z8/input_reader/vivado
# Command line: vivado.exe -gui_launcher_event rodinguilauncherevent16572 D:\proyectosep2\IEE2463-SEP-Proyecto-2-Z8\input_reader\vivado\vivado.xpr
# Log file: D:/proyectosep2/IEE2463-SEP-Proyecto-2-Z8/input_reader/vivado/vivado.log
# Journal file: D:/proyectosep2/IEE2463-SEP-Proyecto-2-Z8/input_reader/vivado\vivado.jou
#-----------------------------------------------------------
start_gui
open_project D:/proyectosep2/IEE2463-SEP-Proyecto-2-Z8/input_reader/vivado/vivado.xpr
Scanning sources...
Finished scanning sources
WARNING: [filemgmt 56-3] IP Repository Path: Could not find the directory 'D:/U/2025/Primer_semestre/SEP/SEP/Proyecto_Base_Booster_v2/DEMODEFINITIVA/ip_repo/BUZZER_1.0'.
WARNING: [filemgmt 56-3] IP Repository Path: Could not find the directory 'D:/U/2025/Primer_semestre/SEP/SEP/Proyecto_Base_Booster_v2/DEMODEFINITIVA/ip_repo/My_PWM_1.0'.
INFO: [IP_Flow 19-234] Refreshing IP repositories
WARNING: [IP_Flow 19-2248] Failed to load user IP repository 'd:/U/2025/Primer_semestre/SEP/SEP/Proyecto_Base_Booster_v2/DEMODEFINITIVA/ip_repo/BUZZER_1.0'; Can't find the specified path.
If this directory should no longer be in your list of user repositories, go to the IP Settings dialog and remove it.
WARNING: [IP_Flow 19-2248] Failed to load user IP repository 'd:/U/2025/Primer_semestre/SEP/SEP/Proyecto_Base_Booster_v2/DEMODEFINITIVA/ip_repo/My_PWM_1.0'; Can't find the specified path.
If this directory should no longer be in your list of user repositories, go to the IP Settings dialog and remove it.
INFO: [IP_Flow 19-2313] Loaded Vivado IP repository 'D:/Xilinx/Vivado/2020.1/data/ip'.
open_project: Time (s): cpu = 00:00:28 ; elapsed = 00:00:43 . Memory (MB): peak = 1008.262 ; gain = 69.594
update_compile_order -fileset sources_1
open_bd_design {D:/proyectosep2/IEE2463-SEP-Proyecto-2-Z8/input_reader/vivado/vivado.srcs/sources_1/bd/DEMO/DEMO.bd}
Adding component instance block -- xilinx.com:ip:axi_interconnect:2.1 - ps7_0_axi_periph
Adding component instance block -- xilinx.com:ip:axi_crossbar:2.1 - xbar
Adding component instance block -- xilinx.com:ip:axi_protocol_converter:2.1 - auto_pc
Adding component instance block -- xilinx.com:module_ref:BUZZER:1.0 - BUZZER_0
Adding component instance block -- xilinx.com:ip:axi_gpio:2.0 - axi_gpio_0
Adding component instance block -- xilinx.com:ip:axi_iic:2.0 - axi_iic_0
Adding component instance block -- xilinx.com:ip:axi_quad_spi:3.2 - axi_quad_spi_0
Adding component instance block -- xilinx.com:ip:axi_quad_spi:3.2 - axi_quad_spi_1
Adding component instance block -- xilinx.com:ip:processing_system7:5.5 - processing_system7_0
WARNING: [BD 41-176] The physical port 'S_AXI_GP2_rd_socket' specified in the portmap, is not found on the block! 
WARNING: [BD 41-176] The physical port 'S_AXI_GP2_wr_socket' specified in the portmap, is not found on the block! 
WARNING: [BD 41-176] The physical port 'S_AXI_GP3_rd_socket' specified in the portmap, is not found on the block! 
WARNING: [BD 41-176] The physical port 'S_AXI_GP3_wr_socket' specified in the portmap, is not found on the block! 
Adding component instance block -- xilinx.com:ip:proc_sys_reset:5.0 - rst_ps7_0_50M
Adding component instance block -- xilinx.com:ip:axi_gpio:2.0 - axi_gpio_1
Adding component instance block -- xilinx.com:ip:xlconcat:2.1 - xlconcat_0
Adding component instance block -- xilinx.com:ip:axi_timer:2.0 - axi_timer_0
Adding component instance block -- xilinx.com:ip:axi_timer:2.0 - axi_timer_1
Successfully read diagram <DEMO> from BD file <D:/proyectosep2/IEE2463-SEP-Proyecto-2-Z8/input_reader/vivado/vivado.srcs/sources_1/bd/DEMO/DEMO.bd>
open_bd_design: Time (s): cpu = 00:00:06 ; elapsed = 00:00:13 . Memory (MB): peak = 1364.473 ; gain = 0.000
INFO: [Vivado 12-8231] Launching Vitis
INFO: [Vivado 12-417] Running vitis
INFO: [Vivado 12-8232] Vitis launch initiated. Please check console for any further messages.
startgroup
create_bd_cell -type ip -vlnv xilinx.com:ip:ila:6.2 ila_0
INFO: [xilinx.com:ip:ila:6.2-6] /ila_0: Xilinx recommends using the System ILA IP in IP Integrator. The System ILA IP is functionally equivalent to an ILA and offers additional benefits in debugging interfaces both within IP Integrator and the Hardware Manager. Consult the Programming and Debug User Guide UG908 for further details.
endgroup
WARNING: [IP_Flow 19-4067] Ignoring invalid widget type specified checkbox.Providing a default widget
set_property -dict [list CONFIG.C_NUM_OF_PROBES {2} CONFIG.C_ENABLE_ILA_AXI_MON {false} CONFIG.C_MONITOR_TYPE {Native}] [get_bd_cells ila_0]
set_property location {4 1172 990} [get_bd_cells ila_0]
connect_bd_net [get_bd_pins ila_0/clk] [get_bd_pins processing_system7_0/FCLK_CLK0]
connect_bd_net [get_bd_ports lirc] [get_bd_pins ila_0/probe0]
connect_bd_net [get_bd_pins ila_0/probe1] [get_bd_pins axi_gpio_1/ip2intc_irpt]
WARNING: [BD 41-1731] Type mismatch between connected pins: /axi_gpio_1/ip2intc_irpt(intr) and /ila_0/probe1(undef)
save_bd_design
Wrote  : <D:\proyectosep2\IEE2463-SEP-Proyecto-2-Z8\input_reader\vivado\vivado.srcs\sources_1\bd\DEMO\DEMO.bd> 
Wrote  : <D:/proyectosep2/IEE2463-SEP-Proyecto-2-Z8/input_reader/vivado/vivado.srcs/sources_1/bd/DEMO/ui/bd_58220e03.ui> 
set_property is_enabled false [get_files  D:/proyectosep2/IEE2463-SEP-Proyecto-2-Z8/input_reader/vivado/vivado.srcs/sources_1/bd/DEMO/hdl/DEMO_wrapper.vhd]
update_compile_order -fileset sources_1
export_ip_user_files -of_objects  [get_files D:/proyectosep2/IEE2463-SEP-Proyecto-2-Z8/input_reader/vivado/vivado.srcs/sources_1/bd/DEMO/hdl/DEMO_wrapper.vhd] -no_script -reset -force -quiet
remove_files  D:/proyectosep2/IEE2463-SEP-Proyecto-2-Z8/input_reader/vivado/vivado.srcs/sources_1/bd/DEMO/hdl/DEMO_wrapper.vhd
make_wrapper -files [get_files D:/proyectosep2/IEE2463-SEP-Proyecto-2-Z8/input_reader/vivado/vivado.srcs/sources_1/bd/DEMO/DEMO.bd] -top
INFO: [xilinx.com:ip:axi_quad_spi:3.2-1] /axi_quad_spi_0 
                   #######################################################################################
                   INFO: AXI Quad SPI core's AXI Lite Clock and EXT SPI CLK are synchronous to each other.
                   ########################################################################################
INFO: [xilinx.com:ip:axi_quad_spi:3.2-1] /axi_quad_spi_0 
                   #######################################################################################
                   INFO: AXI Quad SPI core's AXI Lite Clock and EXT SPI CLK are synchronous to each other.
                   ########################################################################################
INFO: [xilinx.com:ip:axi_quad_spi:3.2-1] /axi_quad_spi_1 
                   #######################################################################################
                   INFO: AXI Quad SPI core's AXI Lite Clock and EXT SPI CLK are synchronous to each other.
                   ########################################################################################
INFO: [xilinx.com:ip:axi_quad_spi:3.2-1] /axi_quad_spi_1 
                   #######################################################################################
                   INFO: AXI Quad SPI core's AXI Lite Clock and EXT SPI CLK are synchronous to each other.
                   ########################################################################################
Wrote  : <D:\proyectosep2\IEE2463-SEP-Proyecto-2-Z8\input_reader\vivado\vivado.srcs\sources_1\bd\DEMO\DEMO.bd> 
VHDL Output written to : D:/proyectosep2/IEE2463-SEP-Proyecto-2-Z8/input_reader/vivado/vivado.srcs/sources_1/bd/DEMO/synth/DEMO.vhd
VHDL Output written to : D:/proyectosep2/IEE2463-SEP-Proyecto-2-Z8/input_reader/vivado/vivado.srcs/sources_1/bd/DEMO/sim/DEMO.vhd
VHDL Output written to : D:/proyectosep2/IEE2463-SEP-Proyecto-2-Z8/input_reader/vivado/vivado.srcs/sources_1/bd/DEMO/hdl/DEMO_wrapper.vhd
make_wrapper: Time (s): cpu = 00:00:37 ; elapsed = 00:00:53 . Memory (MB): peak = 1471.246 ; gain = 106.773
add_files -norecurse D:/proyectosep2/IEE2463-SEP-Proyecto-2-Z8/input_reader/vivado/vivado.srcs/sources_1/bd/DEMO/hdl/DEMO_wrapper.vhd
update_compile_order -fileset sources_1
update_compile_order -fileset sources_1
reset_run synth_1
launch_runs impl_1 -to_step write_bitstream -jobs 6
INFO: [BD 41-1662] The design 'DEMO.bd' is already validated. Therefore parameter propagation will not be re-run.
Wrote  : <D:\proyectosep2\IEE2463-SEP-Proyecto-2-Z8\input_reader\vivado\vivado.srcs\sources_1\bd\DEMO\DEMO.bd> 
Wrote  : <D:/proyectosep2/IEE2463-SEP-Proyecto-2-Z8/input_reader/vivado/vivado.srcs/sources_1/bd/DEMO/ui/bd_58220e03.ui> 
VHDL Output written to : D:/proyectosep2/IEE2463-SEP-Proyecto-2-Z8/input_reader/vivado/vivado.srcs/sources_1/bd/DEMO/synth/DEMO.vhd
VHDL Output written to : D:/proyectosep2/IEE2463-SEP-Proyecto-2-Z8/input_reader/vivado/vivado.srcs/sources_1/bd/DEMO/sim/DEMO.vhd
VHDL Output written to : D:/proyectosep2/IEE2463-SEP-Proyecto-2-Z8/input_reader/vivado/vivado.srcs/sources_1/bd/DEMO/hdl/DEMO_wrapper.vhd
WARNING: [IP_Flow 19-4994] Overwriting existing constraint file 'd:/proyectosep2/IEE2463-SEP-Proyecto-2-Z8/input_reader/vivado/vivado.srcs/sources_1/bd/DEMO/ip/DEMO_ila_0_0/DEMO_ila_0_0_ooc.xdc'
INFO: [BD 41-1029] Generation completed for the IP Integrator block ila_0 .
WARNING: [IP_Flow 19-4994] Overwriting existing constraint file 'd:/proyectosep2/IEE2463-SEP-Proyecto-2-Z8/input_reader/vivado/vivado.srcs/sources_1/bd/DEMO/ip/DEMO_auto_pc_0/DEMO_auto_pc_0_ooc.xdc'
INFO: [BD 41-1029] Generation completed for the IP Integrator block ps7_0_axi_periph/s00_couplers/auto_pc .
Exporting to file D:/proyectosep2/IEE2463-SEP-Proyecto-2-Z8/input_reader/vivado/vivado.srcs/sources_1/bd/DEMO/hw_handoff/DEMO.hwh
Generated Block Design Tcl file D:/proyectosep2/IEE2463-SEP-Proyecto-2-Z8/input_reader/vivado/vivado.srcs/sources_1/bd/DEMO/hw_handoff/DEMO_bd.tcl
Generated Hardware Definition File D:/proyectosep2/IEE2463-SEP-Proyecto-2-Z8/input_reader/vivado/vivado.srcs/sources_1/bd/DEMO/synth/DEMO.hwdef
INFO: [IP_Flow 19-4993] Using cached IP synthesis design for IP DEMO_auto_pc_0, cache-ID = f0066fce20473567; cache size = 3.520 MB.
[Thu Jun 12 20:13:07 2025] Launched DEMO_ila_0_0_synth_1, synth_1...
Run output will be captured here:
DEMO_ila_0_0_synth_1: D:/proyectosep2/IEE2463-SEP-Proyecto-2-Z8/input_reader/vivado/vivado.runs/DEMO_ila_0_0_synth_1/runme.log
synth_1: D:/proyectosep2/IEE2463-SEP-Proyecto-2-Z8/input_reader/vivado/vivado.runs/synth_1/runme.log
[Thu Jun 12 20:13:07 2025] Launched impl_1...
Run output will be captured here: D:/proyectosep2/IEE2463-SEP-Proyecto-2-Z8/input_reader/vivado/vivado.runs/impl_1/runme.log
launch_runs: Time (s): cpu = 00:00:04 ; elapsed = 00:00:12 . Memory (MB): peak = 1500.223 ; gain = 28.977
set_property pfm_name {} [get_files -all {D:/proyectosep2/IEE2463-SEP-Proyecto-2-Z8/input_reader/vivado/vivado.srcs/sources_1/bd/DEMO/DEMO.bd}]
write_hw_platform -fixed -include_bit -force -file D:/proyectosep2/IEE2463-SEP-Proyecto-2-Z8/input_reader/vivado/DEMO_wrapper.xsa
INFO: [Vivado 12-4895] Creating Hardware Platform: D:/proyectosep2/IEE2463-SEP-Proyecto-2-Z8/input_reader/vivado/DEMO_wrapper.xsa ...
INFO: [Hsi 55-2053] elapsed time for repository (D:/Xilinx/Vivado/2020.1/data\embeddedsw) loading 1 seconds
INFO: [Vivado 12-4896] Successfully created Hardware Platform: D:/proyectosep2/IEE2463-SEP-Proyecto-2-Z8/input_reader/vivado/DEMO_wrapper.xsa
write_hw_platform: Time (s): cpu = 00:00:06 ; elapsed = 00:00:08 . Memory (MB): peak = 1570.211 ; gain = 53.777
open_hw_manager
connect_hw_server -allow_non_jtag
INFO: [Labtools 27-2285] Connecting to hw_server url TCP:localhost:3121
INFO: [Labtools 27-3415] Connecting to cs_server url TCP:localhost:3042
INFO: [Labtools 27-3417] Launching cs_server...
INFO: [Labtools 27-2221] Launch Output:


****** Xilinx cs_server v2020.1.0
  **** Build date : May 13 2020-21:10:29
    ** Copyright 2017-2020 Xilinx, Inc. All Rights Reserved.



open_hw_target
INFO: [Labtoolstcl 44-466] Opening hw_target localhost:3121/xilinx_tcf/Digilent/210351B3FC8DA
set_property PROGRAM.FILE {D:/proyectosep2/IEE2463-SEP-Proyecto-2-Z8/input_reader/vivado/vivado.runs/impl_1/DEMO_wrapper.bit} [get_hw_devices xc7z010_1]
set_property PROBES.FILE {D:/proyectosep2/IEE2463-SEP-Proyecto-2-Z8/input_reader/vivado/vivado.runs/impl_1/DEMO_wrapper.ltx} [get_hw_devices xc7z010_1]
set_property FULL_PROBES.FILE {D:/proyectosep2/IEE2463-SEP-Proyecto-2-Z8/input_reader/vivado/vivado.runs/impl_1/DEMO_wrapper.ltx} [get_hw_devices xc7z010_1]
current_hw_device [get_hw_devices xc7z010_1]
refresh_hw_device [lindex [get_hw_devices xc7z010_1] 0]
INFO: [Labtools 27-2302] Device xc7z010 (JTAG device index = 1) is programmed with a design that has 1 ILA core(s).
display_hw_ila_data [ get_hw_ila_data hw_ila_data_1 -of_objects [get_hw_ilas -of_objects [get_hw_devices xc7z010_1] -filter {CELL_NAME=~"DEMO_i/ila_0"}]]
run_hw_ila [get_hw_ilas -of_objects [get_hw_devices xc7z010_1] -filter {CELL_NAME=~"DEMO_i/ila_0"}] -trigger_now
INFO: [Labtools 27-1964] The ILA core 'hw_ila_1' trigger was armed at 2025-Jun-12 20:52:39
wait_on_hw_ila [get_hw_ilas -of_objects [get_hw_devices xc7z010_1] -filter {CELL_NAME=~"DEMO_i/ila_0"}]
display_hw_ila_data [upload_hw_ila_data [get_hw_ilas -of_objects [get_hw_devices xc7z010_1] -filter {CELL_NAME=~"DEMO_i/ila_0"}]]
INFO: [Labtools 27-1966] The ILA core 'hw_ila_1' triggered at 2025-Jun-12 20:52:39
INFO: [Labtools 27-3304] ILA Waveform data saved to file D:/proyectosep2/IEE2463-SEP-Proyecto-2-Z8/input_reader/vivado/vivado.hw/backup/hw_ila_data_1.ila. Use Tcl command 'read_hw_ila_data' or Vivado File->Import->Import ILA Data menu item to import the previously saved data.
set_property TRIGGER_COMPARE_VALUE eq1'b1 [get_hw_probes DEMO_i/lirc_1 -of_objects [get_hw_ilas -of_objects [get_hw_devices xc7z010_1] -filter {CELL_NAME=~"DEMO_i/ila_0"}]]
run_hw_ila [get_hw_ilas -of_objects [get_hw_devices xc7z010_1] -filter {CELL_NAME=~"DEMO_i/ila_0"}]
INFO: [Labtools 27-1964] The ILA core 'hw_ila_1' trigger was armed at 2025-Jun-12 20:52:55
wait_on_hw_ila [get_hw_ilas -of_objects [get_hw_devices xc7z010_1] -filter {CELL_NAME=~"DEMO_i/ila_0"}]
display_hw_ila_data [upload_hw_ila_data [get_hw_ilas -of_objects [get_hw_devices xc7z010_1] -filter {CELL_NAME=~"DEMO_i/ila_0"}]]
INFO: [Labtools 27-1966] The ILA core 'hw_ila_1' triggered at 2025-Jun-12 20:53:24
INFO: [Labtools 27-3304] ILA Waveform data saved to file D:/proyectosep2/IEE2463-SEP-Proyecto-2-Z8/input_reader/vivado/vivado.hw/backup/hw_ila_data_1.ila. Use Tcl command 'read_hw_ila_data' or Vivado File->Import->Import ILA Data menu item to import the previously saved data.
run_hw_ila [get_hw_ilas -of_objects [get_hw_devices xc7z010_1] -filter {CELL_NAME=~"DEMO_i/ila_0"}] -trigger_now
INFO: [Labtools 27-1964] The ILA core 'hw_ila_1' trigger was armed at 2025-Jun-12 20:53:43
wait_on_hw_ila [get_hw_ilas -of_objects [get_hw_devices xc7z010_1] -filter {CELL_NAME=~"DEMO_i/ila_0"}]
display_hw_ila_data [upload_hw_ila_data [get_hw_ilas -of_objects [get_hw_devices xc7z010_1] -filter {CELL_NAME=~"DEMO_i/ila_0"}]]
INFO: [Labtools 27-1966] The ILA core 'hw_ila_1' triggered at 2025-Jun-12 20:53:43
INFO: [Labtools 27-3304] ILA Waveform data saved to file D:/proyectosep2/IEE2463-SEP-Proyecto-2-Z8/input_reader/vivado/vivado.hw/backup/hw_ila_data_1.ila. Use Tcl command 'read_hw_ila_data' or Vivado File->Import->Import ILA Data menu item to import the previously saved data.
run_hw_ila [get_hw_ilas -of_objects [get_hw_devices xc7z010_1] -filter {CELL_NAME=~"DEMO_i/ila_0"}]
INFO: [Labtools 27-1964] The ILA core 'hw_ila_1' trigger was armed at 2025-Jun-12 20:53:49
wait_on_hw_ila [get_hw_ilas -of_objects [get_hw_devices xc7z010_1] -filter {CELL_NAME=~"DEMO_i/ila_0"}]
display_hw_ila_data [upload_hw_ila_data [get_hw_ilas -of_objects [get_hw_devices xc7z010_1] -filter {CELL_NAME=~"DEMO_i/ila_0"}]]
INFO: [Labtools 27-1966] The ILA core 'hw_ila_1' triggered at 2025-Jun-12 20:54:11
INFO: [Labtools 27-3304] ILA Waveform data saved to file D:/proyectosep2/IEE2463-SEP-Proyecto-2-Z8/input_reader/vivado/vivado.hw/backup/hw_ila_data_1.ila. Use Tcl command 'read_hw_ila_data' or Vivado File->Import->Import ILA Data menu item to import the previously saved data.
run_hw_ila [get_hw_ilas -of_objects [get_hw_devices xc7z010_1] -filter {CELL_NAME=~"DEMO_i/ila_0"}] -trigger_now
INFO: [Labtools 27-1964] The ILA core 'hw_ila_1' trigger was armed at 2025-Jun-12 20:58:32
wait_on_hw_ila [get_hw_ilas -of_objects [get_hw_devices xc7z010_1] -filter {CELL_NAME=~"DEMO_i/ila_0"}]
display_hw_ila_data [upload_hw_ila_data [get_hw_ilas -of_objects [get_hw_devices xc7z010_1] -filter {CELL_NAME=~"DEMO_i/ila_0"}]]
INFO: [Labtools 27-1966] The ILA core 'hw_ila_1' triggered at 2025-Jun-12 20:58:32
INFO: [Labtools 27-3304] ILA Waveform data saved to file D:/proyectosep2/IEE2463-SEP-Proyecto-2-Z8/input_reader/vivado/vivado.hw/backup/hw_ila_data_1.ila. Use Tcl command 'read_hw_ila_data' or Vivado File->Import->Import ILA Data menu item to import the previously saved data.
run_hw_ila [get_hw_ilas -of_objects [get_hw_devices xc7z010_1] -filter {CELL_NAME=~"DEMO_i/ila_0"}]
INFO: [Labtools 27-1964] The ILA core 'hw_ila_1' trigger was armed at 2025-Jun-12 20:58:36
ERROR: [Xicom 50-38] xicom: Unable to connect to debug core(s) on the target device. Check cable connectivity and that the target board is powered up then use the disconnect_hw_server and connect_hw_server to re-initialize the hardware target. Use open_hw_target to re-register the hardware device.
ERROR: [Xicom 50-38] xicom: Unable to connect to debug core(s) on the target device. Check cable connectivity and that the target board is powered up then use the disconnect_hw_server and connect_hw_server to re-initialize the hardware target. Use open_hw_target to re-register the hardware device.
ERROR: [Xicom 50-38] xicom: Unable to connect to debug core(s) on the target device. Check cable connectivity and that the target board is powered up then use the disconnect_hw_server and connect_hw_server to re-initialize the hardware target. Use open_hw_target to re-register the hardware device.
ERROR: [Xicom 50-38] xicom: Unable to connect to debug core(s) on the target device. Check cable connectivity and that the target board is powered up then use the disconnect_hw_server and connect_hw_server to re-initialize the hardware target. Use open_hw_target to re-register the hardware device.
ERROR: [Xicom 50-38] xicom: Unable to connect to debug core(s) on the target device. Check cable connectivity and that the target board is powered up then use the disconnect_hw_server and connect_hw_server to re-initialize the hardware target. Use open_hw_target to re-register the hardware device.
ERROR: [Xicom 50-38] xicom: Unable to connect to debug core(s) on the target device. Check cable connectivity and that the target board is powered up then use the disconnect_hw_server and connect_hw_server to re-initialize the hardware target. Use open_hw_target to re-register the hardware device.
ERROR: [Xicom 50-38] xicom: Unable to connect to debug core(s) on the target device. Check cable connectivity and that the target board is powered up then use the disconnect_hw_server and connect_hw_server to re-initialize the hardware target. Use open_hw_target to re-register the hardware device.
ERROR: [Xicom 50-38] xicom: Unable to connect to debug core(s) on the target device. Check cable connectivity and that the target board is powered up then use the disconnect_hw_server and connect_hw_server to re-initialize the hardware target. Use open_hw_target to re-register the hardware device.
ERROR: [Xicom 50-38] xicom: Unable to connect to debug core(s) on the target device. Check cable connectivity and that the target board is powered up then use the disconnect_hw_server and connect_hw_server to re-initialize the hardware target. Use open_hw_target to re-register the hardware device.
run_hw_ila [get_hw_ilas -of_objects [get_hw_devices xc7z010_1] -filter {CELL_NAME=~"DEMO_i/ila_0"}] -trigger_now
INFO: [Labtools 27-1964] The ILA core 'hw_ila_1' trigger was armed at 2025-Jun-12 21:00:44
wait_on_hw_ila [get_hw_ilas -of_objects [get_hw_devices xc7z010_1] -filter {CELL_NAME=~"DEMO_i/ila_0"}]
display_hw_ila_data [upload_hw_ila_data [get_hw_ilas -of_objects [get_hw_devices xc7z010_1] -filter {CELL_NAME=~"DEMO_i/ila_0"}]]
INFO: [Labtools 27-1966] The ILA core 'hw_ila_1' triggered at 2025-Jun-12 21:00:44
INFO: [Labtools 27-3304] ILA Waveform data saved to file D:/proyectosep2/IEE2463-SEP-Proyecto-2-Z8/input_reader/vivado/vivado.hw/backup/hw_ila_data_1.ila. Use Tcl command 'read_hw_ila_data' or Vivado File->Import->Import ILA Data menu item to import the previously saved data.
run_hw_ila [get_hw_ilas -of_objects [get_hw_devices xc7z010_1] -filter {CELL_NAME=~"DEMO_i/ila_0"}]
INFO: [Labtools 27-1964] The ILA core 'hw_ila_1' trigger was armed at 2025-Jun-12 21:00:48
wait_on_hw_ila [get_hw_ilas -of_objects [get_hw_devices xc7z010_1] -filter {CELL_NAME=~"DEMO_i/ila_0"}]
display_hw_ila_data [upload_hw_ila_data [get_hw_ilas -of_objects [get_hw_devices xc7z010_1] -filter {CELL_NAME=~"DEMO_i/ila_0"}]]
INFO: [Labtools 27-1966] The ILA core 'hw_ila_1' triggered at 2025-Jun-12 21:00:53
INFO: [Labtools 27-3304] ILA Waveform data saved to file D:/proyectosep2/IEE2463-SEP-Proyecto-2-Z8/input_reader/vivado/vivado.hw/backup/hw_ila_data_1.ila. Use Tcl command 'read_hw_ila_data' or Vivado File->Import->Import ILA Data menu item to import the previously saved data.
run_hw_ila [get_hw_ilas -of_objects [get_hw_devices xc7z010_1] -filter {CELL_NAME=~"DEMO_i/ila_0"}]
INFO: [Labtools 27-1964] The ILA core 'hw_ila_1' trigger was armed at 2025-Jun-12 21:01:00
wait_on_hw_ila -timeout 0 [get_hw_ilas -of_objects [get_hw_devices xc7z010_1] -filter {CELL_NAME=~"DEMO_i/ila_0"}]
upload_hw_ila_data [get_hw_ilas -of_objects [get_hw_devices xc7z010_1] -filter {CELL_NAME=~"DEMO_i/ila_0"}]
INFO: [Labtools 27-1965] The ILA core 'hw_ila_1' trigger was stopped by user at 2025-Jun-12 21:01:02
WARNING: [Labtools 27-157] hw_ila [hw_ila_1] stopped. No data to upload.
run_hw_ila [get_hw_ilas -of_objects [get_hw_devices xc7z010_1] -filter {CELL_NAME=~"DEMO_i/ila_0"}] -trigger_now
INFO: [Labtools 27-1964] The ILA core 'hw_ila_1' trigger was armed at 2025-Jun-12 21:01:02
wait_on_hw_ila [get_hw_ilas -of_objects [get_hw_devices xc7z010_1] -filter {CELL_NAME=~"DEMO_i/ila_0"}]
display_hw_ila_data [upload_hw_ila_data [get_hw_ilas -of_objects [get_hw_devices xc7z010_1] -filter {CELL_NAME=~"DEMO_i/ila_0"}]]
INFO: [Labtools 27-1966] The ILA core 'hw_ila_1' triggered at 2025-Jun-12 21:01:02
INFO: [Labtools 27-3304] ILA Waveform data saved to file D:/proyectosep2/IEE2463-SEP-Proyecto-2-Z8/input_reader/vivado/vivado.hw/backup/hw_ila_data_1.ila. Use Tcl command 'read_hw_ila_data' or Vivado File->Import->Import ILA Data menu item to import the previously saved data.
run_hw_ila [get_hw_ilas -of_objects [get_hw_devices xc7z010_1] -filter {CELL_NAME=~"DEMO_i/ila_0"}]
INFO: [Labtools 27-1964] The ILA core 'hw_ila_1' trigger was armed at 2025-Jun-12 21:01:04
wait_on_hw_ila [get_hw_ilas -of_objects [get_hw_devices xc7z010_1] -filter {CELL_NAME=~"DEMO_i/ila_0"}]
display_hw_ila_data [upload_hw_ila_data [get_hw_ilas -of_objects [get_hw_devices xc7z010_1] -filter {CELL_NAME=~"DEMO_i/ila_0"}]]
INFO: [Labtools 27-1966] The ILA core 'hw_ila_1' triggered at 2025-Jun-12 21:01:11
INFO: [Labtools 27-3304] ILA Waveform data saved to file D:/proyectosep2/IEE2463-SEP-Proyecto-2-Z8/input_reader/vivado/vivado.hw/backup/hw_ila_data_1.ila. Use Tcl command 'read_hw_ila_data' or Vivado File->Import->Import ILA Data menu item to import the previously saved data.
ERROR: [Labtoolstcl 44-513] HW Target shutdown. Closing target: localhost:3121/xilinx_tcf/Digilent/210351B3FC8DA
INFO: [Vivado 12-8231] Launching Vitis
INFO: [Vivado 12-417] Running vitis
INFO: [Vivado 12-8232] Vitis launch initiated. Please check console for any further messages.
INFO: [Labtoolstcl 44-466] Opening hw_target localhost:3121/xilinx_tcf/Digilent/210351B3FC8DA
WARNING: [Labtoolstcl 44-129] No matching hw_ila_data was found.
INFO: [Labtools 27-1435] Device xc7z010 (JTAG device index = 1) is not programmed (DONE status = 0).
WARNING: [Labtoolstcl 44-129] No matching hw_ila_data was found.
ERROR: [Labtoolstcl 44-513] HW Target shutdown. Closing target: localhost:3121/xilinx_tcf/Digilent/210351B3FC8DA
exit
INFO: [Common 17-206] Exiting Vivado at Thu Jun 12 22:10:39 2025...
