03:01:39 **** Incremental Build of project full_hardware_plt ****
buildplatform.bat 51095 full_hardware_plt no_domain_build 
XSDB Server Channel: tcfchan#2
03:01:41 **** Incremental Build of configuration Debug for project full_hardware_sw ****
make all 
make --no-print-directory pre-build
a9-linaro-pre-build-step
' '
make --no-print-directory main-build
make[1]: Nothing to be done for 'main-build'.
03:01:42 **** Incremental Build of configuration Debug for project music_player_sw ****
make all 
make --no-print-directory pre-build
a9-linaro-pre-build-step
' '
make --no-print-directory main-build
make[1]: Nothing to be done for 'main-build'.
03:01:42 **** Incremental Build of configuration Debug for project full_hardware_sw_system ****
make all 
Generating bif file for the system project
generate_system_bif.bat 51095 D:/proyectosep2/IEE2463-SEP-Proyecto-2-Z8/full_hardware/vitis/full_hardware_plt/export/full_hardware_plt/full_hardware_plt.xpfm standalone_domain,music_domain D:/proyectosep2/IEE2463-SEP-Proyecto-2-Z8/full_hardware/vitis/full_hardware_sw_system/Debug/system.bif
sdcard_gen --xpfm D:/proyectosep2/IEE2463-SEP-Proyecto-2-Z8/full_hardware/vitis/full_hardware_plt/export/full_hardware_plt/full_hardware_plt.xpfm --sys_config full_hardware_plt --bif D:/proyectosep2/IEE2463-SEP-Proyecto-2-Z8/full_hardware/vitis/full_hardware_sw_system/Debug/system.bif --bitstream D:/proyectosep2/IEE2463-SEP-Proyecto-2-Z8/full_hardware/vitis/full_hardware_sw/_ide/bitstream/DEMO_wrapper.bit --elf D:/proyectosep2/IEE2463-SEP-Proyecto-2-Z8/full_hardware/vitis/full_hardware_sw/Debug/full_hardware_sw.elf,ps7_cortexa9_0 --elf D:/proyectosep2/IEE2463-SEP-Proyecto-2-Z8/full_hardware/vitis/music_player_sw/Debug/music_player_sw.elf,ps7_cortexa9_1
creating BOOT.BIN using D:/proyectosep2/IEE2463-SEP-Proyecto-2-Z8/full_hardware/vitis/full_hardware_sw/_ide/bitstream/DEMO_wrapper.bit
Running D:/Xilinx/Vitis/2020.1/bin/bootgen  -image D:/proyectosep2/IEE2463-SEP-Proyecto-2-Z8/full_hardware/vitis/full_hardware_sw_system/Debug/sd_card_temp/boot.bif -w -o i BOOT.BIN
