23:26:23 **** Incremental Build of configuration Debug for project music_player_sw ****
make all 
make --no-print-directory pre-build
a9-linaro-pre-build-step
' '
make --no-print-directory main-build
'Building file: ../src/ADC.c'
'Invoking: ARM v7 gcc compiler'
arm-none-eabi-gcc -Wall -O0 -g3 -c -fmessage-length=0 -MT"src/ADC.o" -mcpu=cortex-a9 -mfpu=vfpv3 -mfloat-abi=hard -IC:/Users/andre/Projects/IEE2463-SEP-Proyecto-2-Z8/full_hardware/vitis/full_hardware_plt/export/full_hardware_plt/sw/full_hardware_plt/music_domain/bspinclude/include -MMD -MP -MF"src/ADC.d" -MT"src/ADC.o" -o "src/ADC.o" "../src/ADC.c"
'Finished building: ../src/ADC.c'
' '
'Building file: ../src/Bitmap.c'
'Invoking: ARM v7 gcc compiler'
arm-none-eabi-gcc -Wall -O0 -g3 -c -fmessage-length=0 -MT"src/Bitmap.o" -mcpu=cortex-a9 -mfpu=vfpv3 -mfloat-abi=hard -IC:/Users/andre/Projects/IEE2463-SEP-Proyecto-2-Z8/full_hardware/vitis/full_hardware_plt/export/full_hardware_plt/sw/full_hardware_plt/music_domain/bspinclude/include -MMD -MP -MF"src/Bitmap.d" -MT"src/Bitmap.o" -o "src/Bitmap.o" "../src/Bitmap.c"
../src/Bitmap.c: In function 'Open_Sprite':
../src/Bitmap.c:229:9: warning: unused variable 'Sprite' [-Wunused-variable]
  229 |  BITMAP Sprite;
      |         ^~~~~~
../src/Bitmap.c:155:6: warning: variable 'FileSize' set but not used [-Wunused-but-set-variable]
  155 |  u32 FileSize;
      |      ^~~~~~~~
'Finished building: ../src/Bitmap.c'
' '
'Building file: ../src/Delay.c'
'Invoking: ARM v7 gcc compiler'
arm-none-eabi-gcc -Wall -O0 -g3 -c -fmessage-length=0 -MT"src/Delay.o" -mcpu=cortex-a9 -mfpu=vfpv3 -mfloat-abi=hard -IC:/Users/andre/Projects/IEE2463-SEP-Proyecto-2-Z8/full_hardware/vitis/full_hardware_plt/export/full_hardware_plt/sw/full_hardware_plt/music_domain/bspinclude/include -MMD -MP -MF"src/Delay.d" -MT"src/Delay.o" -o "src/Delay.o" "../src/Delay.c"
'Finished building: ../src/Delay.c'
' '
'Building file: ../src/LCD_Driver.c'
'Invoking: ARM v7 gcc compiler'
arm-none-eabi-gcc -Wall -O0 -g3 -c -fmessage-length=0 -MT"src/LCD_Driver.o" -mcpu=cortex-a9 -mfpu=vfpv3 -mfloat-abi=hard -IC:/Users/andre/Projects/IEE2463-SEP-Proyecto-2-Z8/full_hardware/vitis/full_hardware_plt/export/full_hardware_plt/sw/full_hardware_plt/music_domain/bspinclude/include -MMD -MP -MF"src/LCD_Driver.d" -MT"src/LCD_Driver.o" -o "src/LCD_Driver.o" "../src/LCD_Driver.c"
'Finished building: ../src/LCD_Driver.c'
' '
'Building file: ../src/LCD_GUI.c'
'Invoking: ARM v7 gcc compiler'
arm-none-eabi-gcc -Wall -O0 -g3 -c -fmessage-length=0 -MT"src/LCD_GUI.o" -mcpu=cortex-a9 -mfpu=vfpv3 -mfloat-abi=hard -IC:/Users/andre/Projects/IEE2463-SEP-Proyecto-2-Z8/full_hardware/vitis/full_hardware_plt/export/full_hardware_plt/sw/full_hardware_plt/music_domain/bspinclude/include -MMD -MP -MF"src/LCD_GUI.d" -MT"src/LCD_GUI.o" -o "src/LCD_GUI.o" "../src/LCD_GUI.c"
'Finished building: ../src/LCD_GUI.c'
' '
'Building file: ../src/LCD_SPI.c'
'Invoking: ARM v7 gcc compiler'
arm-none-eabi-gcc -Wall -O0 -g3 -c -fmessage-length=0 -MT"src/LCD_SPI.o" -mcpu=cortex-a9 -mfpu=vfpv3 -mfloat-abi=hard -IC:/Users/andre/Projects/IEE2463-SEP-Proyecto-2-Z8/full_hardware/vitis/full_hardware_plt/export/full_hardware_plt/sw/full_hardware_plt/music_domain/bspinclude/include -MMD -MP -MF"src/LCD_SPI.d" -MT"src/LCD_SPI.o" -o "src/LCD_SPI.o" "../src/LCD_SPI.c"
'Finished building: ../src/LCD_SPI.c'
' '
'Building file: ../src/gameUI.c'
'Invoking: ARM v7 gcc compiler'
arm-none-eabi-gcc -Wall -O0 -g3 -c -fmessage-length=0 -MT"src/gameUI.o" -mcpu=cortex-a9 -mfpu=vfpv3 -mfloat-abi=hard -IC:/Users/andre/Projects/IEE2463-SEP-Proyecto-2-Z8/full_hardware/vitis/full_hardware_plt/export/full_hardware_plt/sw/full_hardware_plt/music_domain/bspinclude/include -MMD -MP -MF"src/gameUI.d" -MT"src/gameUI.o" -o "src/gameUI.o" "../src/gameUI.c"
'Finished building: ../src/gameUI.c'
' '
'Building file: ../src/main.c'
'Invoking: ARM v7 gcc compiler'
arm-none-eabi-gcc -Wall -O0 -g3 -c -fmessage-length=0 -MT"src/main.o" -mcpu=cortex-a9 -mfpu=vfpv3 -mfloat-abi=hard -IC:/Users/andre/Projects/IEE2463-SEP-Proyecto-2-Z8/full_hardware/vitis/full_hardware_plt/export/full_hardware_plt/sw/full_hardware_plt/music_domain/bspinclude/include -MMD -MP -MF"src/main.d" -MT"src/main.o" -o "src/main.o" "../src/main.c"
'Finished building: ../src/main.c'
' '
'Building file: ../src/zybomon.c'
'Invoking: ARM v7 gcc compiler'
arm-none-eabi-gcc -Wall -O0 -g3 -c -fmessage-length=0 -MT"src/zybomon.o" -mcpu=cortex-a9 -mfpu=vfpv3 -mfloat-abi=hard -IC:/Users/andre/Projects/IEE2463-SEP-Proyecto-2-Z8/full_hardware/vitis/full_hardware_plt/export/full_hardware_plt/sw/full_hardware_plt/music_domain/bspinclude/include -MMD -MP -MF"src/zybomon.d" -MT"src/zybomon.o" -o "src/zybomon.o" "../src/zybomon.c"
'Finished building: ../src/zybomon.c'
' '
'Building target: music_player_sw.elf'
'Invoking: ARM v7 gcc linker'
arm-none-eabi-gcc -mcpu=cortex-a9 -mfpu=vfpv3 -mfloat-abi=hard -Wl,-build-id=none -specs=Xilinx.spec -Wl,-T -Wl,../src/lscript.ld -LC:/Users/andre/Projects/IEE2463-SEP-Proyecto-2-Z8/full_hardware/vitis/full_hardware_plt/export/full_hardware_plt/sw/full_hardware_plt/music_domain/bsplib/lib -o "music_player_sw.elf"  ./src/ADC.o ./src/Bitmap.o ./src/Delay.o ./src/I2C.o ./src/LCD_Driver.o ./src/LCD_GUI.o ./src/LCD_SPI.o ./src/audio.o ./src/font12.o ./src/font16.o ./src/font20.o ./src/font24.o ./src/font8.o ./src/gameUI.o ./src/main.o ./src/platform.o ./src/states.o ./src/zybomon.o   -lm -Wl,--start-group,-lxil,-lgcc,-lc,--end-group -Wl,--start-group,-lxilffs,-lxil,-lgcc,-lc,--end-group
'Finished building target: music_player_sw.elf'
' '
'Invoking: ARM v7 Print Size'
arm-none-eabi-size music_player_sw.elf  |tee "music_player_sw.elf.size"
   text	   data	    bss	    dec	    hex	filename
 423060	   3584	 618240	1044884	  ff194	music_player_sw.elf
'Finished building: music_player_sw.elf.size'
' '

23:26:30 Build Finished (took 6s.774ms)

