23:47:31 **** Incremental Build of configuration Debug for project music_player_sw ****
make all 
make --no-print-directory pre-build
a9-linaro-pre-build-step
' '
make --no-print-directory main-build
'Building file: ../src/Bitmap.c'
'Invoking: ARM v7 gcc compiler'
arm-none-eabi-gcc -Wall -O0 -g3 -c -fmessage-length=0 -MT"src/Bitmap.o" -mcpu=cortex-a9 -mfpu=vfpv3 -mfloat-abi=hard -ID:/proyectosep2/IEE2463-SEP-Proyecto-2-Z8/full_hardware/vitis/full_hardware_plt/export/full_hardware_plt/sw/full_hardware_plt/music_domain/bspinclude/include -MMD -MP -MF"src/Bitmap.d" -MT"src/Bitmap.o" -o "src/Bitmap.o" "../src/Bitmap.c"
'Finished building: ../src/Bitmap.c'
' '
'Building file: ../src/gameUI.c'
'Invoking: ARM v7 gcc compiler'
arm-none-eabi-gcc -Wall -O0 -g3 -c -fmessage-length=0 -MT"src/gameUI.o" -mcpu=cortex-a9 -mfpu=vfpv3 -mfloat-abi=hard -ID:/proyectosep2/IEE2463-SEP-Proyecto-2-Z8/full_hardware/vitis/full_hardware_plt/export/full_hardware_plt/sw/full_hardware_plt/music_domain/bspinclude/include -MMD -MP -MF"src/gameUI.d" -MT"src/gameUI.o" -o "src/gameUI.o" "../src/gameUI.c"
'Finished building: ../src/gameUI.c'
' '
'Building file: ../src/main.c'
'Invoking: ARM v7 gcc compiler'
arm-none-eabi-gcc -Wall -O0 -g3 -c -fmessage-length=0 -MT"src/main.o" -mcpu=cortex-a9 -mfpu=vfpv3 -mfloat-abi=hard -ID:/proyectosep2/IEE2463-SEP-Proyecto-2-Z8/full_hardware/vitis/full_hardware_plt/export/full_hardware_plt/sw/full_hardware_plt/music_domain/bspinclude/include -MMD -MP -MF"src/main.d" -MT"src/main.o" -o "src/main.o" "../src/main.c"
'Finished building: ../src/main.c'
' '
'Building file: ../src/zybomon.c'
'Invoking: ARM v7 gcc compiler'
arm-none-eabi-gcc -Wall -O0 -g3 -c -fmessage-length=0 -MT"src/zybomon.o" -mcpu=cortex-a9 -mfpu=vfpv3 -mfloat-abi=hard -ID:/proyectosep2/IEE2463-SEP-Proyecto-2-Z8/full_hardware/vitis/full_hardware_plt/export/full_hardware_plt/sw/full_hardware_plt/music_domain/bspinclude/include -MMD -MP -MF"src/zybomon.d" -MT"src/zybomon.o" -o "src/zybomon.o" "../src/zybomon.c"
../src/zybomon.c: In function 'auto_trainer_battle':
../src/zybomon.c:184:6: warning: unused variable 'max_uses' [-Wunused-variable]
  184 |  int max_uses = -1; // Variable para rastrear el máximo número de usos
      |      ^~~~~~~~
../src/zybomon.c:175:9: warning: unused variable 'oponent_type' [-Wunused-variable]
  175 |  E_TYPE oponent_type = oponent_active.e_type;
      |         ^~~~~~~~~~~~
'Finished building: ../src/zybomon.c'
' '
'Building target: music_player_sw.elf'
'Invoking: ARM v7 gcc linker'
arm-none-eabi-gcc -mcpu=cortex-a9 -mfpu=vfpv3 -mfloat-abi=hard -Wl,-build-id=none -specs=Xilinx.spec -Wl,-T -Wl,../src/lscript.ld -LD:/proyectosep2/IEE2463-SEP-Proyecto-2-Z8/full_hardware/vitis/full_hardware_plt/export/full_hardware_plt/sw/full_hardware_plt/music_domain/bsplib/lib -o "music_player_sw.elf"  ./src/ADC.o ./src/Bitmap.o ./src/Delay.o ./src/I2C.o ./src/LCD_Driver.o ./src/LCD_GUI.o ./src/LCD_SPI.o ./src/audio.o ./src/font12.o ./src/font16.o ./src/font20.o ./src/font24.o ./src/font8.o ./src/gameUI.o ./src/main.o ./src/platform.o ./src/states.o ./src/zybomon.o   -lm -Wl,--start-group,-lxil,-lgcc,-lc,--end-group -Wl,--start-group,-lxilffs,-lxil,-lgcc,-lc,--end-group
'Finished building target: music_player_sw.elf'
' '
'Invoking: ARM v7 Print Size'
arm-none-eabi-size music_player_sw.elf  |tee "music_player_sw.elf.size"
   text	   data	    bss	    dec	    hex	filename
 424532	   3584	 618240	1046356	  ff754	music_player_sw.elf
'Finished building: music_player_sw.elf.size'
' '

23:47:33 Build Finished (took 1s.811ms)

