01:10:33 INFO  : Launching XSCT server: xsct.bat -n  -interactive D:\proyectosep2\IEE2463-SEP-Proyecto-2-Z8\music_player_v2\vitis\temp_xsdb_launch_script.tcl
01:10:33 INFO  : Registering command handlers for Vitis TCF services
01:10:40 INFO  : Platform repository initialization has completed.
01:10:41 INFO  : XSCT server has started successfully.
01:10:41 INFO  : plnx-install-location is set to ''
01:10:48 INFO  : Successfully done setting XSCT server connection channel  
01:10:48 INFO  : Successfully done query RDI_DATADIR 
01:10:48 INFO  : Successfully done setting workspace for the tool. 
01:12:02 INFO  : Result from executing command 'getProjects': music_player_v2_plt
01:12:02 INFO  : Result from executing command 'getPlatforms': 
01:13:21 INFO  : Successfully done sdx_reload_mss "D:/proyectosep2/IEE2463-SEP-Proyecto-2-Z8/music_player_v2/vitis/music_player_v2_plt/zynq_fsbl/zynq_fsbl_bsp/system.mss"
01:13:25 INFO  : (SwPlatform) Successfully done update_mss 
01:13:25 INFO  : No changes in MSS file content so sources will not be generated.
01:13:26 INFO  : Successfully done sdx_reload_mss "D:/proyectosep2/IEE2463-SEP-Proyecto-2-Z8/music_player_v2/vitis/music_player_v2_plt/ps7_cortexa9_0/standalone_domain/bsp/system.mss"
01:13:29 INFO  : (SwPlatform)  Successfully done add_library 
01:13:30 INFO  : (SwPlatform) Successfully done update_mss 
01:13:31 INFO  : Successfully done sdx_reload_mss "D:/proyectosep2/IEE2463-SEP-Proyecto-2-Z8/music_player_v2/vitis/music_player_v2_plt/ps7_cortexa9_0/standalone_domain/bsp/system.mss"
01:13:38 INFO  : Successfully done sdx_reload_mss "D:/proyectosep2/IEE2463-SEP-Proyecto-2-Z8/music_player_v2/vitis/music_player_v2_plt/ps7_cortexa9_0/standalone_domain/bsp/system.mss"
01:13:38 INFO  : No changes in MSS file content so sources will not be generated.
01:14:31 INFO  : Result from executing command 'getProjects': music_player_v2_plt
01:14:31 INFO  : Result from executing command 'getPlatforms': music_player_v2_plt|D:/proyectosep2/IEE2463-SEP-Proyecto-2-Z8/music_player_v2/vitis/music_player_v2_plt/export/music_player_v2_plt/music_player_v2_plt.xpfm
01:30:15 INFO  : Checking for BSP changes to sync application flags for project 'music_player_v2_sw'...
01:30:30 INFO  : Checking for BSP changes to sync application flags for project 'music_player_v2_sw'...
01:30:40 INFO  : Checking for BSP changes to sync application flags for project 'music_player_v2_sw'...
01:30:56 INFO  : Checking for BSP changes to sync application flags for project 'music_player_v2_sw'...
01:31:13 INFO  : Checking for BSP changes to sync application flags for project 'music_player_v2_sw'...
01:33:07 INFO  : Connected to target on host '127.0.0.1' and port '3121'.
01:33:08 INFO  : Jtag cable 'Digilent Zybo Z7 210351B3FC8DA' is selected.
01:33:08 INFO  : 'jtag frequency' command is executed.
01:33:08 INFO  : Context for 'APU' is selected.
01:33:08 INFO  : System reset is completed.
01:33:11 INFO  : 'after 3000' command is executed.
01:33:11 INFO  : 'targets -set -filter {jtag_cable_name =~ "Digilent Zybo Z7 210351B3FC8DA" && level==0 && jtag_device_ctx=="jsn-Zybo Z7-210351B3FC8DA-13722093-0"}' command is executed.
01:33:12 INFO  : FPGA configured successfully with bitstream "D:/proyectosep2/IEE2463-SEP-Proyecto-2-Z8/music_player_v2/vitis/music_player_v2_sw/_ide/bitstream/design_1_wrapper.bit"
01:33:13 INFO  : Context for 'APU' is selected.
01:33:13 INFO  : Hardware design and registers information is loaded from 'D:/proyectosep2/IEE2463-SEP-Proyecto-2-Z8/music_player_v2/vitis/music_player_v2_plt/export/music_player_v2_plt/hw/design_1_wrapper.xsa'.
01:33:13 INFO  : 'configparams force-mem-access 1' command is executed.
01:33:13 INFO  : Context for 'APU' is selected.
01:33:13 INFO  : Sourcing of 'D:/proyectosep2/IEE2463-SEP-Proyecto-2-Z8/music_player_v2/vitis/music_player_v2_sw/_ide/psinit/ps7_init.tcl' is done.
01:33:13 INFO  : 'ps7_init' command is executed.
01:33:13 INFO  : 'ps7_post_config' command is executed.
01:33:13 INFO  : Context for processor 'ps7_cortexa9_0' is selected.
01:33:13 INFO  : The application 'D:/proyectosep2/IEE2463-SEP-Proyecto-2-Z8/music_player_v2/vitis/music_player_v2_sw/Debug/music_player_v2_sw.elf' is downloaded to processor 'ps7_cortexa9_0'.
01:33:13 INFO  : 'configparams force-mem-access 0' command is executed.
01:33:13 INFO  : ----------------XSDB Script----------------
connect -url tcp:127.0.0.1:3121
targets -set -nocase -filter {name =~"APU*"}
rst -system
after 3000
targets -set -filter {jtag_cable_name =~ "Digilent Zybo Z7 210351B3FC8DA" && level==0 && jtag_device_ctx=="jsn-Zybo Z7-210351B3FC8DA-13722093-0"}
fpga -file D:/proyectosep2/IEE2463-SEP-Proyecto-2-Z8/music_player_v2/vitis/music_player_v2_sw/_ide/bitstream/design_1_wrapper.bit
targets -set -nocase -filter {name =~"APU*"}
loadhw -hw D:/proyectosep2/IEE2463-SEP-Proyecto-2-Z8/music_player_v2/vitis/music_player_v2_plt/export/music_player_v2_plt/hw/design_1_wrapper.xsa -mem-ranges [list {0x40000000 0xbfffffff}] -regs
configparams force-mem-access 1
targets -set -nocase -filter {name =~"APU*"}
source D:/proyectosep2/IEE2463-SEP-Proyecto-2-Z8/music_player_v2/vitis/music_player_v2_sw/_ide/psinit/ps7_init.tcl
ps7_init
ps7_post_config
targets -set -nocase -filter {name =~ "*A9*#0"}
dow D:/proyectosep2/IEE2463-SEP-Proyecto-2-Z8/music_player_v2/vitis/music_player_v2_sw/Debug/music_player_v2_sw.elf
configparams force-mem-access 0
----------------End of Script----------------

01:33:13 INFO  : Context for processor 'ps7_cortexa9_0' is selected.
01:33:13 INFO  : 'con' command is executed.
01:33:13 INFO  : ----------------XSDB Script (After Launch)----------------
targets -set -nocase -filter {name =~ "*A9*#0"}
con
----------------End of Script----------------

01:33:13 INFO  : Launch script is exported to file 'D:\proyectosep2\IEE2463-SEP-Proyecto-2-Z8\music_player_v2\vitis\.sdk\launch_scripts\single_application_debug\systemdebugger_music_player_v2_sw_system_standalone.tcl'
01:37:25 INFO  : Checking for BSP changes to sync application flags for project 'music_player_v2_sw'...
01:37:36 INFO  : Disconnected from the channel tcfchan#7.
01:37:36 INFO  : Connected to target on host '127.0.0.1' and port '3121'.
01:37:42 INFO  : Jtag cable 'Digilent Zybo Z7 210351B3FC8DA' is selected.
01:37:42 INFO  : 'jtag frequency' command is executed.
01:37:42 INFO  : Context for 'APU' is selected.
01:37:42 INFO  : System reset is completed.
01:37:45 INFO  : 'after 3000' command is executed.
01:37:45 INFO  : 'targets -set -filter {jtag_cable_name =~ "Digilent Zybo Z7 210351B3FC8DA" && level==0 && jtag_device_ctx=="jsn-Zybo Z7-210351B3FC8DA-13722093-0"}' command is executed.
01:37:47 INFO  : FPGA configured successfully with bitstream "D:/proyectosep2/IEE2463-SEP-Proyecto-2-Z8/music_player_v2/vitis/music_player_v2_sw/_ide/bitstream/design_1_wrapper.bit"
01:37:47 INFO  : Context for 'APU' is selected.
01:37:47 INFO  : Hardware design and registers information is loaded from 'D:/proyectosep2/IEE2463-SEP-Proyecto-2-Z8/music_player_v2/vitis/music_player_v2_plt/export/music_player_v2_plt/hw/design_1_wrapper.xsa'.
01:37:47 INFO  : 'configparams force-mem-access 1' command is executed.
01:37:47 INFO  : Context for 'APU' is selected.
01:37:47 INFO  : Sourcing of 'D:/proyectosep2/IEE2463-SEP-Proyecto-2-Z8/music_player_v2/vitis/music_player_v2_sw/_ide/psinit/ps7_init.tcl' is done.
01:37:47 INFO  : 'ps7_init' command is executed.
01:37:47 INFO  : 'ps7_post_config' command is executed.
01:37:47 INFO  : Context for processor 'ps7_cortexa9_0' is selected.
01:37:47 INFO  : The application 'D:/proyectosep2/IEE2463-SEP-Proyecto-2-Z8/music_player_v2/vitis/music_player_v2_sw/Debug/music_player_v2_sw.elf' is downloaded to processor 'ps7_cortexa9_0'.
01:37:47 INFO  : 'configparams force-mem-access 0' command is executed.
01:37:47 INFO  : ----------------XSDB Script----------------
connect -url tcp:127.0.0.1:3121
targets -set -nocase -filter {name =~"APU*"}
rst -system
after 3000
targets -set -filter {jtag_cable_name =~ "Digilent Zybo Z7 210351B3FC8DA" && level==0 && jtag_device_ctx=="jsn-Zybo Z7-210351B3FC8DA-13722093-0"}
fpga -file D:/proyectosep2/IEE2463-SEP-Proyecto-2-Z8/music_player_v2/vitis/music_player_v2_sw/_ide/bitstream/design_1_wrapper.bit
targets -set -nocase -filter {name =~"APU*"}
loadhw -hw D:/proyectosep2/IEE2463-SEP-Proyecto-2-Z8/music_player_v2/vitis/music_player_v2_plt/export/music_player_v2_plt/hw/design_1_wrapper.xsa -mem-ranges [list {0x40000000 0xbfffffff}] -regs
configparams force-mem-access 1
targets -set -nocase -filter {name =~"APU*"}
source D:/proyectosep2/IEE2463-SEP-Proyecto-2-Z8/music_player_v2/vitis/music_player_v2_sw/_ide/psinit/ps7_init.tcl
ps7_init
ps7_post_config
targets -set -nocase -filter {name =~ "*A9*#0"}
dow D:/proyectosep2/IEE2463-SEP-Proyecto-2-Z8/music_player_v2/vitis/music_player_v2_sw/Debug/music_player_v2_sw.elf
configparams force-mem-access 0
----------------End of Script----------------

01:37:47 INFO  : Context for processor 'ps7_cortexa9_0' is selected.
01:37:47 INFO  : 'con' command is executed.
01:37:47 INFO  : ----------------XSDB Script (After Launch)----------------
targets -set -nocase -filter {name =~ "*A9*#0"}
con
----------------End of Script----------------

01:37:47 INFO  : Launch script is exported to file 'D:\proyectosep2\IEE2463-SEP-Proyecto-2-Z8\music_player_v2\vitis\.sdk\launch_scripts\single_application_debug\systemdebugger_music_player_v2_sw_system_standalone.tcl'
01:39:09 INFO  : Checking for BSP changes to sync application flags for project 'music_player_v2_sw'...
01:39:17 INFO  : Disconnected from the channel tcfchan#9.
01:39:17 INFO  : Connected to target on host '127.0.0.1' and port '3121'.
01:39:17 INFO  : Jtag cable 'Digilent Zybo Z7 210351B3FC8DA' is selected.
01:39:17 INFO  : 'jtag frequency' command is executed.
01:39:17 INFO  : Context for 'APU' is selected.
01:39:17 INFO  : System reset is completed.
01:39:20 INFO  : 'after 3000' command is executed.
01:39:20 INFO  : 'targets -set -filter {jtag_cable_name =~ "Digilent Zybo Z7 210351B3FC8DA" && level==0 && jtag_device_ctx=="jsn-Zybo Z7-210351B3FC8DA-13722093-0"}' command is executed.
01:39:22 INFO  : FPGA configured successfully with bitstream "D:/proyectosep2/IEE2463-SEP-Proyecto-2-Z8/music_player_v2/vitis/music_player_v2_sw/_ide/bitstream/design_1_wrapper.bit"
01:39:22 INFO  : Context for 'APU' is selected.
01:39:22 INFO  : Hardware design and registers information is loaded from 'D:/proyectosep2/IEE2463-SEP-Proyecto-2-Z8/music_player_v2/vitis/music_player_v2_plt/export/music_player_v2_plt/hw/design_1_wrapper.xsa'.
01:39:22 INFO  : 'configparams force-mem-access 1' command is executed.
01:39:22 INFO  : Context for 'APU' is selected.
01:39:22 INFO  : Sourcing of 'D:/proyectosep2/IEE2463-SEP-Proyecto-2-Z8/music_player_v2/vitis/music_player_v2_sw/_ide/psinit/ps7_init.tcl' is done.
01:39:22 INFO  : 'ps7_init' command is executed.
01:39:22 INFO  : 'ps7_post_config' command is executed.
01:39:22 INFO  : Context for processor 'ps7_cortexa9_0' is selected.
01:39:22 INFO  : The application 'D:/proyectosep2/IEE2463-SEP-Proyecto-2-Z8/music_player_v2/vitis/music_player_v2_sw/Debug/music_player_v2_sw.elf' is downloaded to processor 'ps7_cortexa9_0'.
01:39:22 INFO  : 'configparams force-mem-access 0' command is executed.
01:39:22 INFO  : ----------------XSDB Script----------------
connect -url tcp:127.0.0.1:3121
targets -set -nocase -filter {name =~"APU*"}
rst -system
after 3000
targets -set -filter {jtag_cable_name =~ "Digilent Zybo Z7 210351B3FC8DA" && level==0 && jtag_device_ctx=="jsn-Zybo Z7-210351B3FC8DA-13722093-0"}
fpga -file D:/proyectosep2/IEE2463-SEP-Proyecto-2-Z8/music_player_v2/vitis/music_player_v2_sw/_ide/bitstream/design_1_wrapper.bit
targets -set -nocase -filter {name =~"APU*"}
loadhw -hw D:/proyectosep2/IEE2463-SEP-Proyecto-2-Z8/music_player_v2/vitis/music_player_v2_plt/export/music_player_v2_plt/hw/design_1_wrapper.xsa -mem-ranges [list {0x40000000 0xbfffffff}] -regs
configparams force-mem-access 1
targets -set -nocase -filter {name =~"APU*"}
source D:/proyectosep2/IEE2463-SEP-Proyecto-2-Z8/music_player_v2/vitis/music_player_v2_sw/_ide/psinit/ps7_init.tcl
ps7_init
ps7_post_config
targets -set -nocase -filter {name =~ "*A9*#0"}
dow D:/proyectosep2/IEE2463-SEP-Proyecto-2-Z8/music_player_v2/vitis/music_player_v2_sw/Debug/music_player_v2_sw.elf
configparams force-mem-access 0
----------------End of Script----------------

01:39:22 INFO  : Context for processor 'ps7_cortexa9_0' is selected.
01:39:22 INFO  : 'con' command is executed.
01:39:22 INFO  : ----------------XSDB Script (After Launch)----------------
targets -set -nocase -filter {name =~ "*A9*#0"}
con
----------------End of Script----------------

01:39:22 INFO  : Launch script is exported to file 'D:\proyectosep2\IEE2463-SEP-Proyecto-2-Z8\music_player_v2\vitis\.sdk\launch_scripts\single_application_debug\systemdebugger_music_player_v2_sw_system_standalone.tcl'
01:40:21 INFO  : Checking for BSP changes to sync application flags for project 'music_player_v2_sw'...
01:40:30 INFO  : Disconnected from the channel tcfchan#11.
01:40:30 INFO  : Connected to target on host '127.0.0.1' and port '3121'.
01:40:30 INFO  : Jtag cable 'Digilent Zybo Z7 210351B3FC8DA' is selected.
01:40:30 INFO  : 'jtag frequency' command is executed.
01:40:30 INFO  : Context for 'APU' is selected.
01:40:30 INFO  : System reset is completed.
01:40:33 INFO  : 'after 3000' command is executed.
01:40:33 INFO  : 'targets -set -filter {jtag_cable_name =~ "Digilent Zybo Z7 210351B3FC8DA" && level==0 && jtag_device_ctx=="jsn-Zybo Z7-210351B3FC8DA-13722093-0"}' command is executed.
01:40:34 INFO  : FPGA configured successfully with bitstream "D:/proyectosep2/IEE2463-SEP-Proyecto-2-Z8/music_player_v2/vitis/music_player_v2_sw/_ide/bitstream/design_1_wrapper.bit"
01:40:34 INFO  : Context for 'APU' is selected.
01:40:34 INFO  : Hardware design and registers information is loaded from 'D:/proyectosep2/IEE2463-SEP-Proyecto-2-Z8/music_player_v2/vitis/music_player_v2_plt/export/music_player_v2_plt/hw/design_1_wrapper.xsa'.
01:40:34 INFO  : 'configparams force-mem-access 1' command is executed.
01:40:34 INFO  : Context for 'APU' is selected.
01:40:34 INFO  : Sourcing of 'D:/proyectosep2/IEE2463-SEP-Proyecto-2-Z8/music_player_v2/vitis/music_player_v2_sw/_ide/psinit/ps7_init.tcl' is done.
01:40:34 INFO  : 'ps7_init' command is executed.
01:40:34 INFO  : 'ps7_post_config' command is executed.
01:40:34 INFO  : Context for processor 'ps7_cortexa9_0' is selected.
01:40:35 INFO  : The application 'D:/proyectosep2/IEE2463-SEP-Proyecto-2-Z8/music_player_v2/vitis/music_player_v2_sw/Debug/music_player_v2_sw.elf' is downloaded to processor 'ps7_cortexa9_0'.
01:40:35 INFO  : 'configparams force-mem-access 0' command is executed.
01:40:35 INFO  : ----------------XSDB Script----------------
connect -url tcp:127.0.0.1:3121
targets -set -nocase -filter {name =~"APU*"}
rst -system
after 3000
targets -set -filter {jtag_cable_name =~ "Digilent Zybo Z7 210351B3FC8DA" && level==0 && jtag_device_ctx=="jsn-Zybo Z7-210351B3FC8DA-13722093-0"}
fpga -file D:/proyectosep2/IEE2463-SEP-Proyecto-2-Z8/music_player_v2/vitis/music_player_v2_sw/_ide/bitstream/design_1_wrapper.bit
targets -set -nocase -filter {name =~"APU*"}
loadhw -hw D:/proyectosep2/IEE2463-SEP-Proyecto-2-Z8/music_player_v2/vitis/music_player_v2_plt/export/music_player_v2_plt/hw/design_1_wrapper.xsa -mem-ranges [list {0x40000000 0xbfffffff}] -regs
configparams force-mem-access 1
targets -set -nocase -filter {name =~"APU*"}
source D:/proyectosep2/IEE2463-SEP-Proyecto-2-Z8/music_player_v2/vitis/music_player_v2_sw/_ide/psinit/ps7_init.tcl
ps7_init
ps7_post_config
targets -set -nocase -filter {name =~ "*A9*#0"}
dow D:/proyectosep2/IEE2463-SEP-Proyecto-2-Z8/music_player_v2/vitis/music_player_v2_sw/Debug/music_player_v2_sw.elf
configparams force-mem-access 0
----------------End of Script----------------

01:40:35 INFO  : Context for processor 'ps7_cortexa9_0' is selected.
01:40:35 INFO  : 'con' command is executed.
01:40:35 INFO  : ----------------XSDB Script (After Launch)----------------
targets -set -nocase -filter {name =~ "*A9*#0"}
con
----------------End of Script----------------

01:40:35 INFO  : Launch script is exported to file 'D:\proyectosep2\IEE2463-SEP-Proyecto-2-Z8\music_player_v2\vitis\.sdk\launch_scripts\single_application_debug\systemdebugger_music_player_v2_sw_system_standalone.tcl'
01:41:00 INFO  : Checking for BSP changes to sync application flags for project 'music_player_v2_sw'...
01:41:09 INFO  : Disconnected from the channel tcfchan#13.
01:41:09 INFO  : Connected to target on host '127.0.0.1' and port '3121'.
01:41:15 INFO  : Jtag cable 'Digilent Zybo Z7 210351B3FC8DA' is selected.
01:41:15 INFO  : 'jtag frequency' command is executed.
01:41:15 INFO  : Context for 'APU' is selected.
01:41:15 INFO  : System reset is completed.
01:41:18 INFO  : 'after 3000' command is executed.
01:41:19 INFO  : 'targets -set -filter {jtag_cable_name =~ "Digilent Zybo Z7 210351B3FC8DA" && level==0 && jtag_device_ctx=="jsn-Zybo Z7-210351B3FC8DA-13722093-0"}' command is executed.
01:41:20 INFO  : FPGA configured successfully with bitstream "D:/proyectosep2/IEE2463-SEP-Proyecto-2-Z8/music_player_v2/vitis/music_player_v2_sw/_ide/bitstream/design_1_wrapper.bit"
01:41:20 INFO  : Context for 'APU' is selected.
01:41:20 INFO  : Hardware design and registers information is loaded from 'D:/proyectosep2/IEE2463-SEP-Proyecto-2-Z8/music_player_v2/vitis/music_player_v2_plt/export/music_player_v2_plt/hw/design_1_wrapper.xsa'.
01:41:20 INFO  : 'configparams force-mem-access 1' command is executed.
01:41:20 INFO  : Context for 'APU' is selected.
01:41:20 INFO  : Sourcing of 'D:/proyectosep2/IEE2463-SEP-Proyecto-2-Z8/music_player_v2/vitis/music_player_v2_sw/_ide/psinit/ps7_init.tcl' is done.
01:41:20 INFO  : 'ps7_init' command is executed.
01:41:20 INFO  : 'ps7_post_config' command is executed.
01:41:20 INFO  : Context for processor 'ps7_cortexa9_0' is selected.
01:41:20 INFO  : The application 'D:/proyectosep2/IEE2463-SEP-Proyecto-2-Z8/music_player_v2/vitis/music_player_v2_sw/Debug/music_player_v2_sw.elf' is downloaded to processor 'ps7_cortexa9_0'.
01:41:20 INFO  : 'configparams force-mem-access 0' command is executed.
01:41:20 INFO  : ----------------XSDB Script----------------
connect -url tcp:127.0.0.1:3121
targets -set -nocase -filter {name =~"APU*"}
rst -system
after 3000
targets -set -filter {jtag_cable_name =~ "Digilent Zybo Z7 210351B3FC8DA" && level==0 && jtag_device_ctx=="jsn-Zybo Z7-210351B3FC8DA-13722093-0"}
fpga -file D:/proyectosep2/IEE2463-SEP-Proyecto-2-Z8/music_player_v2/vitis/music_player_v2_sw/_ide/bitstream/design_1_wrapper.bit
targets -set -nocase -filter {name =~"APU*"}
loadhw -hw D:/proyectosep2/IEE2463-SEP-Proyecto-2-Z8/music_player_v2/vitis/music_player_v2_plt/export/music_player_v2_plt/hw/design_1_wrapper.xsa -mem-ranges [list {0x40000000 0xbfffffff}] -regs
configparams force-mem-access 1
targets -set -nocase -filter {name =~"APU*"}
source D:/proyectosep2/IEE2463-SEP-Proyecto-2-Z8/music_player_v2/vitis/music_player_v2_sw/_ide/psinit/ps7_init.tcl
ps7_init
ps7_post_config
targets -set -nocase -filter {name =~ "*A9*#0"}
dow D:/proyectosep2/IEE2463-SEP-Proyecto-2-Z8/music_player_v2/vitis/music_player_v2_sw/Debug/music_player_v2_sw.elf
configparams force-mem-access 0
----------------End of Script----------------

01:41:20 INFO  : Context for processor 'ps7_cortexa9_0' is selected.
01:41:20 INFO  : 'con' command is executed.
01:41:20 INFO  : ----------------XSDB Script (After Launch)----------------
targets -set -nocase -filter {name =~ "*A9*#0"}
con
----------------End of Script----------------

01:41:20 INFO  : Launch script is exported to file 'D:\proyectosep2\IEE2463-SEP-Proyecto-2-Z8\music_player_v2\vitis\.sdk\launch_scripts\single_application_debug\systemdebugger_music_player_v2_sw_system_standalone.tcl'
01:48:28 INFO  : Disconnected from the channel tcfchan#15.
12:31:59 INFO  : Launching XSCT server: xsct.bat -n  -interactive D:\proyectosep2\IEE2463-SEP-Proyecto-2-Z8\music_player_v2\vitis\temp_xsdb_launch_script.tcl
12:32:07 INFO  : XSCT server has started successfully.
12:32:07 INFO  : plnx-install-location is set to ''
12:32:07 INFO  : Successfully done setting XSCT server connection channel  
12:32:07 INFO  : Successfully done setting workspace for the tool. 
12:32:13 INFO  : Registering command handlers for Vitis TCF services
12:32:13 INFO  : Platform repository initialization has completed.
12:32:26 INFO  : Successfully done query RDI_DATADIR 
13:28:39 INFO  : Checking for BSP changes to sync application flags for project 'music_player_v2_sw'...
13:28:46 ERROR : (XSDB Server)ERROR: [Hsi 55-1571] The design file D:/proyectosep2/IEE2463-SEP-Proyecto-2-Z8/music_player_v2/vitis/music_player_v2_plt/export/music_player_v2_plt/hw/design_1_wrapper.xsa is already opened

13:29:53 INFO  : Checking for BSP changes to sync application flags for project 'music_player_v2_sw'...
13:29:57 ERROR : (XSDB Server)ERROR: [Hsi 55-1571] The design file D:/proyectosep2/IEE2463-SEP-Proyecto-2-Z8/music_player_v2/vitis/music_player_v2_plt/export/music_player_v2_plt/hw/design_1_wrapper.xsa is already opened

13:35:36 INFO  : Connected to target on host '127.0.0.1' and port '3121'.
13:35:37 INFO  : Jtag cable 'Digilent Zybo Z7 210351B3FC8DA' is selected.
13:35:37 INFO  : 'jtag frequency' command is executed.
13:35:37 INFO  : Context for 'APU' is selected.
13:35:37 INFO  : System reset is completed.
13:35:40 INFO  : 'after 3000' command is executed.
13:35:40 INFO  : 'targets -set -filter {jtag_cable_name =~ "Digilent Zybo Z7 210351B3FC8DA" && level==0 && jtag_device_ctx=="jsn-Zybo Z7-210351B3FC8DA-13722093-0"}' command is executed.
13:35:42 INFO  : FPGA configured successfully with bitstream "D:/proyectosep2/IEE2463-SEP-Proyecto-2-Z8/music_player_v2/vitis/music_player_v2_sw/_ide/bitstream/design_1_wrapper.bit"
13:35:42 INFO  : Context for 'APU' is selected.
13:35:42 INFO  : Hardware design and registers information is loaded from 'D:/proyectosep2/IEE2463-SEP-Proyecto-2-Z8/music_player_v2/vitis/music_player_v2_plt/export/music_player_v2_plt/hw/design_1_wrapper.xsa'.
13:35:42 INFO  : 'configparams force-mem-access 1' command is executed.
13:35:42 INFO  : Context for 'APU' is selected.
13:35:42 INFO  : Sourcing of 'D:/proyectosep2/IEE2463-SEP-Proyecto-2-Z8/music_player_v2/vitis/music_player_v2_sw/_ide/psinit/ps7_init.tcl' is done.
13:35:43 INFO  : 'ps7_init' command is executed.
13:35:43 INFO  : 'ps7_post_config' command is executed.
13:35:43 INFO  : Context for processor 'ps7_cortexa9_0' is selected.
13:35:43 INFO  : The application 'D:/proyectosep2/IEE2463-SEP-Proyecto-2-Z8/music_player_v2/vitis/music_player_v2_sw/Debug/music_player_v2_sw.elf' is downloaded to processor 'ps7_cortexa9_0'.
13:35:43 INFO  : 'configparams force-mem-access 0' command is executed.
13:35:43 INFO  : ----------------XSDB Script----------------
connect -url tcp:127.0.0.1:3121
targets -set -nocase -filter {name =~"APU*"}
rst -system
after 3000
targets -set -filter {jtag_cable_name =~ "Digilent Zybo Z7 210351B3FC8DA" && level==0 && jtag_device_ctx=="jsn-Zybo Z7-210351B3FC8DA-13722093-0"}
fpga -file D:/proyectosep2/IEE2463-SEP-Proyecto-2-Z8/music_player_v2/vitis/music_player_v2_sw/_ide/bitstream/design_1_wrapper.bit
targets -set -nocase -filter {name =~"APU*"}
loadhw -hw D:/proyectosep2/IEE2463-SEP-Proyecto-2-Z8/music_player_v2/vitis/music_player_v2_plt/export/music_player_v2_plt/hw/design_1_wrapper.xsa -mem-ranges [list {0x40000000 0xbfffffff}] -regs
configparams force-mem-access 1
targets -set -nocase -filter {name =~"APU*"}
source D:/proyectosep2/IEE2463-SEP-Proyecto-2-Z8/music_player_v2/vitis/music_player_v2_sw/_ide/psinit/ps7_init.tcl
ps7_init
ps7_post_config
targets -set -nocase -filter {name =~ "*A9*#0"}
dow D:/proyectosep2/IEE2463-SEP-Proyecto-2-Z8/music_player_v2/vitis/music_player_v2_sw/Debug/music_player_v2_sw.elf
configparams force-mem-access 0
----------------End of Script----------------

13:35:43 INFO  : Context for processor 'ps7_cortexa9_0' is selected.
13:35:43 INFO  : 'con' command is executed.
13:35:43 INFO  : ----------------XSDB Script (After Launch)----------------
targets -set -nocase -filter {name =~ "*A9*#0"}
con
----------------End of Script----------------

13:35:43 INFO  : Launch script is exported to file 'D:\proyectosep2\IEE2463-SEP-Proyecto-2-Z8\music_player_v2\vitis\.sdk\launch_scripts\single_application_debug\systemdebugger_music_player_v2_sw_system_standalone.tcl'
14:04:51 INFO  : Checking for BSP changes to sync application flags for project 'music_player_v2_sw'...
14:04:53 ERROR : (XSDB Server)ERROR: [Hsi 55-1571] The design file D:/proyectosep2/IEE2463-SEP-Proyecto-2-Z8/music_player_v2/vitis/music_player_v2_plt/export/music_player_v2_plt/hw/design_1_wrapper.xsa is already opened

14:05:11 INFO  : Checking for BSP changes to sync application flags for project 'music_player_v2_sw'...
14:05:12 ERROR : (XSDB Server)ERROR: [Hsi 55-1571] The design file D:/proyectosep2/IEE2463-SEP-Proyecto-2-Z8/music_player_v2/vitis/music_player_v2_plt/export/music_player_v2_plt/hw/design_1_wrapper.xsa is already opened

14:07:13 INFO  : Checking for BSP changes to sync application flags for project 'music_player_v2_sw'...
14:07:15 ERROR : (XSDB Server)ERROR: [Hsi 55-1571] The design file D:/proyectosep2/IEE2463-SEP-Proyecto-2-Z8/music_player_v2/vitis/music_player_v2_plt/export/music_player_v2_plt/hw/design_1_wrapper.xsa is already opened

14:08:16 INFO  : Checking for BSP changes to sync application flags for project 'music_player_v2_sw'...
14:08:18 ERROR : (XSDB Server)ERROR: [Hsi 55-1571] The design file D:/proyectosep2/IEE2463-SEP-Proyecto-2-Z8/music_player_v2/vitis/music_player_v2_plt/export/music_player_v2_plt/hw/design_1_wrapper.xsa is already opened

14:09:10 INFO  : Checking for BSP changes to sync application flags for project 'music_player_v2_sw'...
14:09:11 ERROR : (XSDB Server)ERROR: [Hsi 55-1571] The design file D:/proyectosep2/IEE2463-SEP-Proyecto-2-Z8/music_player_v2/vitis/music_player_v2_plt/export/music_player_v2_plt/hw/design_1_wrapper.xsa is already opened

14:09:22 INFO  : Checking for BSP changes to sync application flags for project 'music_player_v2_sw'...
14:09:24 ERROR : (XSDB Server)ERROR: [Hsi 55-1571] The design file D:/proyectosep2/IEE2463-SEP-Proyecto-2-Z8/music_player_v2/vitis/music_player_v2_plt/export/music_player_v2_plt/hw/design_1_wrapper.xsa is already opened

14:09:35 INFO  : Disconnected from the channel tcfchan#3.
14:09:35 INFO  : Connected to target on host '127.0.0.1' and port '3121'.
14:09:35 INFO  : Jtag cable 'Digilent Zybo Z7 210351B3FC8DA' is selected.
14:09:35 INFO  : 'jtag frequency' command is executed.
14:09:35 INFO  : Context for 'APU' is selected.
14:09:35 INFO  : System reset is completed.
14:09:38 INFO  : 'after 3000' command is executed.
14:09:38 INFO  : 'targets -set -filter {jtag_cable_name =~ "Digilent Zybo Z7 210351B3FC8DA" && level==0 && jtag_device_ctx=="jsn-Zybo Z7-210351B3FC8DA-13722093-0"}' command is executed.
14:09:40 INFO  : FPGA configured successfully with bitstream "D:/proyectosep2/IEE2463-SEP-Proyecto-2-Z8/music_player_v2/vitis/music_player_v2_sw/_ide/bitstream/design_1_wrapper.bit"
14:09:40 INFO  : Context for 'APU' is selected.
14:09:42 INFO  : Hardware design and registers information is loaded from 'D:/proyectosep2/IEE2463-SEP-Proyecto-2-Z8/music_player_v2/vitis/music_player_v2_plt/export/music_player_v2_plt/hw/design_1_wrapper.xsa'.
14:09:42 INFO  : 'configparams force-mem-access 1' command is executed.
14:09:42 INFO  : Context for 'APU' is selected.
14:09:42 INFO  : Sourcing of 'D:/proyectosep2/IEE2463-SEP-Proyecto-2-Z8/music_player_v2/vitis/music_player_v2_sw/_ide/psinit/ps7_init.tcl' is done.
14:09:42 INFO  : 'ps7_init' command is executed.
14:09:42 INFO  : 'ps7_post_config' command is executed.
14:09:42 INFO  : Context for processor 'ps7_cortexa9_0' is selected.
14:09:43 INFO  : The application 'D:/proyectosep2/IEE2463-SEP-Proyecto-2-Z8/music_player_v2/vitis/music_player_v2_sw/Debug/music_player_v2_sw.elf' is downloaded to processor 'ps7_cortexa9_0'.
14:09:43 INFO  : 'configparams force-mem-access 0' command is executed.
14:09:43 INFO  : ----------------XSDB Script----------------
connect -url tcp:127.0.0.1:3121
targets -set -nocase -filter {name =~"APU*"}
rst -system
after 3000
targets -set -filter {jtag_cable_name =~ "Digilent Zybo Z7 210351B3FC8DA" && level==0 && jtag_device_ctx=="jsn-Zybo Z7-210351B3FC8DA-13722093-0"}
fpga -file D:/proyectosep2/IEE2463-SEP-Proyecto-2-Z8/music_player_v2/vitis/music_player_v2_sw/_ide/bitstream/design_1_wrapper.bit
targets -set -nocase -filter {name =~"APU*"}
loadhw -hw D:/proyectosep2/IEE2463-SEP-Proyecto-2-Z8/music_player_v2/vitis/music_player_v2_plt/export/music_player_v2_plt/hw/design_1_wrapper.xsa -mem-ranges [list {0x40000000 0xbfffffff}] -regs
configparams force-mem-access 1
targets -set -nocase -filter {name =~"APU*"}
source D:/proyectosep2/IEE2463-SEP-Proyecto-2-Z8/music_player_v2/vitis/music_player_v2_sw/_ide/psinit/ps7_init.tcl
ps7_init
ps7_post_config
targets -set -nocase -filter {name =~ "*A9*#0"}
dow D:/proyectosep2/IEE2463-SEP-Proyecto-2-Z8/music_player_v2/vitis/music_player_v2_sw/Debug/music_player_v2_sw.elf
configparams force-mem-access 0
----------------End of Script----------------

14:09:43 INFO  : Context for processor 'ps7_cortexa9_0' is selected.
14:09:43 INFO  : 'con' command is executed.
14:09:43 INFO  : ----------------XSDB Script (After Launch)----------------
targets -set -nocase -filter {name =~ "*A9*#0"}
con
----------------End of Script----------------

14:09:43 INFO  : Launch script is exported to file 'D:\proyectosep2\IEE2463-SEP-Proyecto-2-Z8\music_player_v2\vitis\.sdk\launch_scripts\single_application_debug\systemdebugger_music_player_v2_sw_system_standalone.tcl'
14:17:50 INFO  : Checking for BSP changes to sync application flags for project 'music_player_v2_sw'...
14:17:52 ERROR : (XSDB Server)ERROR: [Hsi 55-1571] The design file D:/proyectosep2/IEE2463-SEP-Proyecto-2-Z8/music_player_v2/vitis/music_player_v2_plt/export/music_player_v2_plt/hw/design_1_wrapper.xsa is already opened

14:17:58 INFO  : Disconnected from the channel tcfchan#10.
14:17:58 INFO  : Connected to target on host '127.0.0.1' and port '3121'.
14:17:58 INFO  : Jtag cable 'Digilent Zybo Z7 210351B3FC8DA' is selected.
14:17:58 INFO  : 'jtag frequency' command is executed.
14:17:58 INFO  : Context for 'APU' is selected.
14:17:59 INFO  : System reset is completed.
14:18:02 INFO  : 'after 3000' command is executed.
14:18:02 INFO  : 'targets -set -filter {jtag_cable_name =~ "Digilent Zybo Z7 210351B3FC8DA" && level==0 && jtag_device_ctx=="jsn-Zybo Z7-210351B3FC8DA-13722093-0"}' command is executed.
14:18:03 INFO  : FPGA configured successfully with bitstream "D:/proyectosep2/IEE2463-SEP-Proyecto-2-Z8/music_player_v2/vitis/music_player_v2_sw/_ide/bitstream/design_1_wrapper.bit"
14:18:03 INFO  : Context for 'APU' is selected.
14:18:05 INFO  : Hardware design and registers information is loaded from 'D:/proyectosep2/IEE2463-SEP-Proyecto-2-Z8/music_player_v2/vitis/music_player_v2_plt/export/music_player_v2_plt/hw/design_1_wrapper.xsa'.
14:18:05 INFO  : 'configparams force-mem-access 1' command is executed.
14:18:05 INFO  : Context for 'APU' is selected.
14:18:05 INFO  : Sourcing of 'D:/proyectosep2/IEE2463-SEP-Proyecto-2-Z8/music_player_v2/vitis/music_player_v2_sw/_ide/psinit/ps7_init.tcl' is done.
14:18:05 INFO  : 'ps7_init' command is executed.
14:18:05 INFO  : 'ps7_post_config' command is executed.
14:18:05 INFO  : Context for processor 'ps7_cortexa9_0' is selected.
14:18:05 INFO  : The application 'D:/proyectosep2/IEE2463-SEP-Proyecto-2-Z8/music_player_v2/vitis/music_player_v2_sw/Debug/music_player_v2_sw.elf' is downloaded to processor 'ps7_cortexa9_0'.
14:18:05 INFO  : 'configparams force-mem-access 0' command is executed.
14:18:05 INFO  : ----------------XSDB Script----------------
connect -url tcp:127.0.0.1:3121
targets -set -nocase -filter {name =~"APU*"}
rst -system
after 3000
targets -set -filter {jtag_cable_name =~ "Digilent Zybo Z7 210351B3FC8DA" && level==0 && jtag_device_ctx=="jsn-Zybo Z7-210351B3FC8DA-13722093-0"}
fpga -file D:/proyectosep2/IEE2463-SEP-Proyecto-2-Z8/music_player_v2/vitis/music_player_v2_sw/_ide/bitstream/design_1_wrapper.bit
targets -set -nocase -filter {name =~"APU*"}
loadhw -hw D:/proyectosep2/IEE2463-SEP-Proyecto-2-Z8/music_player_v2/vitis/music_player_v2_plt/export/music_player_v2_plt/hw/design_1_wrapper.xsa -mem-ranges [list {0x40000000 0xbfffffff}] -regs
configparams force-mem-access 1
targets -set -nocase -filter {name =~"APU*"}
source D:/proyectosep2/IEE2463-SEP-Proyecto-2-Z8/music_player_v2/vitis/music_player_v2_sw/_ide/psinit/ps7_init.tcl
ps7_init
ps7_post_config
targets -set -nocase -filter {name =~ "*A9*#0"}
dow D:/proyectosep2/IEE2463-SEP-Proyecto-2-Z8/music_player_v2/vitis/music_player_v2_sw/Debug/music_player_v2_sw.elf
configparams force-mem-access 0
----------------End of Script----------------

14:18:05 INFO  : Context for processor 'ps7_cortexa9_0' is selected.
14:18:05 INFO  : 'con' command is executed.
14:18:05 INFO  : ----------------XSDB Script (After Launch)----------------
targets -set -nocase -filter {name =~ "*A9*#0"}
con
----------------End of Script----------------

14:18:05 INFO  : Launch script is exported to file 'D:\proyectosep2\IEE2463-SEP-Proyecto-2-Z8\music_player_v2\vitis\.sdk\launch_scripts\single_application_debug\systemdebugger_music_player_v2_sw_system_standalone.tcl'
14:25:41 INFO  : Checking for BSP changes to sync application flags for project 'music_player_v2_sw'...
14:25:43 ERROR : (XSDB Server)ERROR: [Hsi 55-1571] The design file D:/proyectosep2/IEE2463-SEP-Proyecto-2-Z8/music_player_v2/vitis/music_player_v2_plt/export/music_player_v2_plt/hw/design_1_wrapper.xsa is already opened

14:28:08 INFO  : Checking for BSP changes to sync application flags for project 'music_player_v2_sw'...
14:28:11 ERROR : (XSDB Server)ERROR: [Hsi 55-1571] The design file D:/proyectosep2/IEE2463-SEP-Proyecto-2-Z8/music_player_v2/vitis/music_player_v2_plt/export/music_player_v2_plt/hw/design_1_wrapper.xsa is already opened

14:28:23 INFO  : Disconnected from the channel tcfchan#12.
14:28:23 INFO  : Connected to target on host '127.0.0.1' and port '3121'.
14:28:24 INFO  : Jtag cable 'Digilent Zybo Z7 210351B3FC8DA' is selected.
14:28:24 INFO  : 'jtag frequency' command is executed.
14:28:24 INFO  : Context for 'APU' is selected.
14:28:24 INFO  : System reset is completed.
14:28:27 INFO  : 'after 3000' command is executed.
14:28:27 INFO  : 'targets -set -filter {jtag_cable_name =~ "Digilent Zybo Z7 210351B3FC8DA" && level==0 && jtag_device_ctx=="jsn-Zybo Z7-210351B3FC8DA-13722093-0"}' command is executed.
14:28:28 INFO  : FPGA configured successfully with bitstream "D:/proyectosep2/IEE2463-SEP-Proyecto-2-Z8/music_player_v2/vitis/music_player_v2_sw/_ide/bitstream/design_1_wrapper.bit"
14:28:28 INFO  : Context for 'APU' is selected.
14:28:30 INFO  : Hardware design and registers information is loaded from 'D:/proyectosep2/IEE2463-SEP-Proyecto-2-Z8/music_player_v2/vitis/music_player_v2_plt/export/music_player_v2_plt/hw/design_1_wrapper.xsa'.
14:28:30 INFO  : 'configparams force-mem-access 1' command is executed.
14:28:30 INFO  : Context for 'APU' is selected.
14:28:30 INFO  : Sourcing of 'D:/proyectosep2/IEE2463-SEP-Proyecto-2-Z8/music_player_v2/vitis/music_player_v2_sw/_ide/psinit/ps7_init.tcl' is done.
14:28:31 INFO  : 'ps7_init' command is executed.
14:28:31 INFO  : 'ps7_post_config' command is executed.
14:28:31 INFO  : Context for processor 'ps7_cortexa9_0' is selected.
14:28:31 INFO  : The application 'D:/proyectosep2/IEE2463-SEP-Proyecto-2-Z8/music_player_v2/vitis/music_player_v2_sw/Debug/music_player_v2_sw.elf' is downloaded to processor 'ps7_cortexa9_0'.
14:28:31 INFO  : 'configparams force-mem-access 0' command is executed.
14:28:31 INFO  : ----------------XSDB Script----------------
connect -url tcp:127.0.0.1:3121
targets -set -nocase -filter {name =~"APU*"}
rst -system
after 3000
targets -set -filter {jtag_cable_name =~ "Digilent Zybo Z7 210351B3FC8DA" && level==0 && jtag_device_ctx=="jsn-Zybo Z7-210351B3FC8DA-13722093-0"}
fpga -file D:/proyectosep2/IEE2463-SEP-Proyecto-2-Z8/music_player_v2/vitis/music_player_v2_sw/_ide/bitstream/design_1_wrapper.bit
targets -set -nocase -filter {name =~"APU*"}
loadhw -hw D:/proyectosep2/IEE2463-SEP-Proyecto-2-Z8/music_player_v2/vitis/music_player_v2_plt/export/music_player_v2_plt/hw/design_1_wrapper.xsa -mem-ranges [list {0x40000000 0xbfffffff}] -regs
configparams force-mem-access 1
targets -set -nocase -filter {name =~"APU*"}
source D:/proyectosep2/IEE2463-SEP-Proyecto-2-Z8/music_player_v2/vitis/music_player_v2_sw/_ide/psinit/ps7_init.tcl
ps7_init
ps7_post_config
targets -set -nocase -filter {name =~ "*A9*#0"}
dow D:/proyectosep2/IEE2463-SEP-Proyecto-2-Z8/music_player_v2/vitis/music_player_v2_sw/Debug/music_player_v2_sw.elf
configparams force-mem-access 0
----------------End of Script----------------

14:28:31 INFO  : Context for processor 'ps7_cortexa9_0' is selected.
14:28:31 INFO  : 'con' command is executed.
14:28:31 INFO  : ----------------XSDB Script (After Launch)----------------
targets -set -nocase -filter {name =~ "*A9*#0"}
con
----------------End of Script----------------

14:28:31 INFO  : Launch script is exported to file 'D:\proyectosep2\IEE2463-SEP-Proyecto-2-Z8\music_player_v2\vitis\.sdk\launch_scripts\single_application_debug\systemdebugger_music_player_v2_sw_system_standalone.tcl'
14:35:50 INFO  : Checking for BSP changes to sync application flags for project 'music_player_v2_sw'...
14:35:52 ERROR : (XSDB Server)ERROR: [Hsi 55-1571] The design file D:/proyectosep2/IEE2463-SEP-Proyecto-2-Z8/music_player_v2/vitis/music_player_v2_plt/export/music_player_v2_plt/hw/design_1_wrapper.xsa is already opened

15:14:03 INFO  : Checking for BSP changes to sync application flags for project 'music_player_v2_sw'...
15:14:06 ERROR : (XSDB Server)ERROR: [Hsi 55-1571] The design file D:/proyectosep2/IEE2463-SEP-Proyecto-2-Z8/music_player_v2/vitis/music_player_v2_plt/export/music_player_v2_plt/hw/design_1_wrapper.xsa is already opened

15:15:54 INFO  : Checking for BSP changes to sync application flags for project 'music_player_v2_sw'...
15:15:56 ERROR : (XSDB Server)ERROR: [Hsi 55-1571] The design file D:/proyectosep2/IEE2463-SEP-Proyecto-2-Z8/music_player_v2/vitis/music_player_v2_plt/export/music_player_v2_plt/hw/design_1_wrapper.xsa is already opened

15:16:39 INFO  : Checking for BSP changes to sync application flags for project 'music_player_v2_sw'...
15:16:41 ERROR : (XSDB Server)ERROR: [Hsi 55-1571] The design file D:/proyectosep2/IEE2463-SEP-Proyecto-2-Z8/music_player_v2/vitis/music_player_v2_plt/export/music_player_v2_plt/hw/design_1_wrapper.xsa is already opened

15:17:57 INFO  : Checking for BSP changes to sync application flags for project 'music_player_v2_sw'...
15:18:00 ERROR : (XSDB Server)ERROR: [Hsi 55-1571] The design file D:/proyectosep2/IEE2463-SEP-Proyecto-2-Z8/music_player_v2/vitis/music_player_v2_plt/export/music_player_v2_plt/hw/design_1_wrapper.xsa is already opened

15:20:35 INFO  : Checking for BSP changes to sync application flags for project 'music_player_v2_sw'...
15:20:38 ERROR : (XSDB Server)ERROR: [Hsi 55-1571] The design file D:/proyectosep2/IEE2463-SEP-Proyecto-2-Z8/music_player_v2/vitis/music_player_v2_plt/export/music_player_v2_plt/hw/design_1_wrapper.xsa is already opened

15:20:48 INFO  : Disconnected from the channel tcfchan#15.
15:20:49 INFO  : Connected to target on host '127.0.0.1' and port '3121'.
15:20:49 INFO  : Jtag cable 'Digilent Zybo Z7 210351B3FC8DA' is selected.
15:20:49 INFO  : 'jtag frequency' command is executed.
15:20:49 INFO  : Context for 'APU' is selected.
15:20:49 INFO  : System reset is completed.
15:20:52 INFO  : 'after 3000' command is executed.
15:20:52 INFO  : 'targets -set -filter {jtag_cable_name =~ "Digilent Zybo Z7 210351B3FC8DA" && level==0 && jtag_device_ctx=="jsn-Zybo Z7-210351B3FC8DA-13722093-0"}' command is executed.
15:20:53 INFO  : FPGA configured successfully with bitstream "D:/proyectosep2/IEE2463-SEP-Proyecto-2-Z8/music_player_v2/vitis/music_player_v2_sw/_ide/bitstream/design_1_wrapper.bit"
15:20:53 INFO  : Context for 'APU' is selected.
15:20:55 INFO  : Hardware design and registers information is loaded from 'D:/proyectosep2/IEE2463-SEP-Proyecto-2-Z8/music_player_v2/vitis/music_player_v2_plt/export/music_player_v2_plt/hw/design_1_wrapper.xsa'.
15:20:55 INFO  : 'configparams force-mem-access 1' command is executed.
15:20:55 INFO  : Context for 'APU' is selected.
15:20:55 INFO  : Sourcing of 'D:/proyectosep2/IEE2463-SEP-Proyecto-2-Z8/music_player_v2/vitis/music_player_v2_sw/_ide/psinit/ps7_init.tcl' is done.
15:20:55 INFO  : 'ps7_init' command is executed.
15:20:55 INFO  : 'ps7_post_config' command is executed.
15:20:55 INFO  : Context for processor 'ps7_cortexa9_0' is selected.
15:20:56 INFO  : The application 'D:/proyectosep2/IEE2463-SEP-Proyecto-2-Z8/music_player_v2/vitis/music_player_v2_sw/Debug/music_player_v2_sw.elf' is downloaded to processor 'ps7_cortexa9_0'.
15:20:56 INFO  : 'configparams force-mem-access 0' command is executed.
15:20:56 INFO  : ----------------XSDB Script----------------
connect -url tcp:127.0.0.1:3121
targets -set -nocase -filter {name =~"APU*"}
rst -system
after 3000
targets -set -filter {jtag_cable_name =~ "Digilent Zybo Z7 210351B3FC8DA" && level==0 && jtag_device_ctx=="jsn-Zybo Z7-210351B3FC8DA-13722093-0"}
fpga -file D:/proyectosep2/IEE2463-SEP-Proyecto-2-Z8/music_player_v2/vitis/music_player_v2_sw/_ide/bitstream/design_1_wrapper.bit
targets -set -nocase -filter {name =~"APU*"}
loadhw -hw D:/proyectosep2/IEE2463-SEP-Proyecto-2-Z8/music_player_v2/vitis/music_player_v2_plt/export/music_player_v2_plt/hw/design_1_wrapper.xsa -mem-ranges [list {0x40000000 0xbfffffff}] -regs
configparams force-mem-access 1
targets -set -nocase -filter {name =~"APU*"}
source D:/proyectosep2/IEE2463-SEP-Proyecto-2-Z8/music_player_v2/vitis/music_player_v2_sw/_ide/psinit/ps7_init.tcl
ps7_init
ps7_post_config
targets -set -nocase -filter {name =~ "*A9*#0"}
dow D:/proyectosep2/IEE2463-SEP-Proyecto-2-Z8/music_player_v2/vitis/music_player_v2_sw/Debug/music_player_v2_sw.elf
configparams force-mem-access 0
----------------End of Script----------------

15:20:56 INFO  : Context for processor 'ps7_cortexa9_0' is selected.
15:20:56 INFO  : 'con' command is executed.
15:20:56 INFO  : ----------------XSDB Script (After Launch)----------------
targets -set -nocase -filter {name =~ "*A9*#0"}
con
----------------End of Script----------------

15:20:56 INFO  : Launch script is exported to file 'D:\proyectosep2\IEE2463-SEP-Proyecto-2-Z8\music_player_v2\vitis\.sdk\launch_scripts\single_application_debug\systemdebugger_music_player_v2_sw_system_standalone.tcl'
15:24:29 INFO  : Checking for BSP changes to sync application flags for project 'music_player_v2_sw'...
15:24:31 ERROR : (XSDB Server)ERROR: [Hsi 55-1571] The design file D:/proyectosep2/IEE2463-SEP-Proyecto-2-Z8/music_player_v2/vitis/music_player_v2_plt/export/music_player_v2_plt/hw/design_1_wrapper.xsa is already opened

15:24:38 INFO  : Checking for BSP changes to sync application flags for project 'music_player_v2_sw'...
15:24:40 ERROR : (XSDB Server)ERROR: [Hsi 55-1571] The design file D:/proyectosep2/IEE2463-SEP-Proyecto-2-Z8/music_player_v2/vitis/music_player_v2_plt/export/music_player_v2_plt/hw/design_1_wrapper.xsa is already opened

15:25:30 INFO  : Disconnected from the channel tcfchan#22.
15:25:31 INFO  : Connected to target on host '127.0.0.1' and port '3121'.
15:25:31 INFO  : Jtag cable 'Digilent Zybo Z7 210351B3FC8DA' is selected.
15:25:31 INFO  : 'jtag frequency' command is executed.
15:25:31 INFO  : Context for 'APU' is selected.
15:25:31 INFO  : System reset is completed.
15:25:34 INFO  : 'after 3000' command is executed.
15:25:34 INFO  : 'targets -set -filter {jtag_cable_name =~ "Digilent Zybo Z7 210351B3FC8DA" && level==0 && jtag_device_ctx=="jsn-Zybo Z7-210351B3FC8DA-13722093-0"}' command is executed.
15:25:35 INFO  : FPGA configured successfully with bitstream "D:/proyectosep2/IEE2463-SEP-Proyecto-2-Z8/music_player_v2/vitis/music_player_v2_sw/_ide/bitstream/design_1_wrapper.bit"
15:25:35 INFO  : Context for 'APU' is selected.
15:25:37 INFO  : Hardware design and registers information is loaded from 'D:/proyectosep2/IEE2463-SEP-Proyecto-2-Z8/music_player_v2/vitis/music_player_v2_plt/export/music_player_v2_plt/hw/design_1_wrapper.xsa'.
15:25:37 INFO  : 'configparams force-mem-access 1' command is executed.
15:25:37 INFO  : Context for 'APU' is selected.
15:25:37 INFO  : Sourcing of 'D:/proyectosep2/IEE2463-SEP-Proyecto-2-Z8/music_player_v2/vitis/music_player_v2_sw/_ide/psinit/ps7_init.tcl' is done.
15:25:37 INFO  : 'ps7_init' command is executed.
15:25:37 INFO  : 'ps7_post_config' command is executed.
15:25:37 INFO  : Context for processor 'ps7_cortexa9_0' is selected.
15:25:38 INFO  : The application 'D:/proyectosep2/IEE2463-SEP-Proyecto-2-Z8/music_player_v2/vitis/music_player_v2_sw/Debug/music_player_v2_sw.elf' is downloaded to processor 'ps7_cortexa9_0'.
15:25:38 INFO  : 'configparams force-mem-access 0' command is executed.
15:25:38 INFO  : ----------------XSDB Script----------------
connect -url tcp:127.0.0.1:3121
targets -set -nocase -filter {name =~"APU*"}
rst -system
after 3000
targets -set -filter {jtag_cable_name =~ "Digilent Zybo Z7 210351B3FC8DA" && level==0 && jtag_device_ctx=="jsn-Zybo Z7-210351B3FC8DA-13722093-0"}
fpga -file D:/proyectosep2/IEE2463-SEP-Proyecto-2-Z8/music_player_v2/vitis/music_player_v2_sw/_ide/bitstream/design_1_wrapper.bit
targets -set -nocase -filter {name =~"APU*"}
loadhw -hw D:/proyectosep2/IEE2463-SEP-Proyecto-2-Z8/music_player_v2/vitis/music_player_v2_plt/export/music_player_v2_plt/hw/design_1_wrapper.xsa -mem-ranges [list {0x40000000 0xbfffffff}] -regs
configparams force-mem-access 1
targets -set -nocase -filter {name =~"APU*"}
source D:/proyectosep2/IEE2463-SEP-Proyecto-2-Z8/music_player_v2/vitis/music_player_v2_sw/_ide/psinit/ps7_init.tcl
ps7_init
ps7_post_config
targets -set -nocase -filter {name =~ "*A9*#0"}
dow D:/proyectosep2/IEE2463-SEP-Proyecto-2-Z8/music_player_v2/vitis/music_player_v2_sw/Debug/music_player_v2_sw.elf
configparams force-mem-access 0
----------------End of Script----------------

15:25:38 INFO  : Context for processor 'ps7_cortexa9_0' is selected.
15:25:38 INFO  : 'con' command is executed.
15:25:38 INFO  : ----------------XSDB Script (After Launch)----------------
targets -set -nocase -filter {name =~ "*A9*#0"}
con
----------------End of Script----------------

15:25:38 INFO  : Launch script is exported to file 'D:\proyectosep2\IEE2463-SEP-Proyecto-2-Z8\music_player_v2\vitis\.sdk\launch_scripts\single_application_debug\systemdebugger_music_player_v2_sw_system_standalone.tcl'
15:28:23 INFO  : Disconnected from the channel tcfchan#25.
23:26:19 INFO  : Launching XSCT server: xsct.bat -n  -interactive D:\proyectosep2\IEE2463-SEP-Proyecto-2-Z8\music_player_v2\vitis\temp_xsdb_launch_script.tcl
23:26:21 INFO  : XSCT server has started successfully.
23:26:21 INFO  : Successfully done setting XSCT server connection channel  
23:26:21 INFO  : plnx-install-location is set to ''
23:26:21 INFO  : Successfully done setting workspace for the tool. 
23:26:23 INFO  : Platform repository initialization has completed.
23:26:23 INFO  : Successfully done query RDI_DATADIR 
23:26:24 INFO  : Registering command handlers for Vitis TCF services
23:27:09 INFO  : Connected to target on host '127.0.0.1' and port '3121'.
23:27:11 INFO  : Jtag cable 'Digilent Zybo Z7 210351B3FC8DA' is selected.
23:27:11 INFO  : 'jtag frequency' command is executed.
23:27:11 INFO  : Context for 'APU' is selected.
23:27:12 INFO  : System reset is completed.
23:27:15 INFO  : 'after 3000' command is executed.
23:27:15 INFO  : 'targets -set -filter {jtag_cable_name =~ "Digilent Zybo Z7 210351B3FC8DA" && level==0 && jtag_device_ctx=="jsn-Zybo Z7-210351B3FC8DA-13722093-0"}' command is executed.
23:27:16 INFO  : FPGA configured successfully with bitstream "D:/proyectosep2/IEE2463-SEP-Proyecto-2-Z8/music_player_v2/vitis/music_player_v2_sw/_ide/bitstream/design_1_wrapper.bit"
23:27:16 INFO  : Context for 'APU' is selected.
23:27:16 INFO  : Hardware design and registers information is loaded from 'D:/proyectosep2/IEE2463-SEP-Proyecto-2-Z8/music_player_v2/vitis/music_player_v2_plt/export/music_player_v2_plt/hw/design_1_wrapper.xsa'.
23:27:16 INFO  : 'configparams force-mem-access 1' command is executed.
23:27:16 INFO  : Context for 'APU' is selected.
23:27:16 INFO  : Sourcing of 'D:/proyectosep2/IEE2463-SEP-Proyecto-2-Z8/music_player_v2/vitis/music_player_v2_sw/_ide/psinit/ps7_init.tcl' is done.
23:27:16 INFO  : 'ps7_init' command is executed.
23:27:16 INFO  : 'ps7_post_config' command is executed.
23:27:16 INFO  : Context for processor 'ps7_cortexa9_0' is selected.
23:27:17 INFO  : The application 'D:/proyectosep2/IEE2463-SEP-Proyecto-2-Z8/music_player_v2/vitis/music_player_v2_sw/Debug/music_player_v2_sw.elf' is downloaded to processor 'ps7_cortexa9_0'.
23:27:17 INFO  : 'configparams force-mem-access 0' command is executed.
23:27:17 INFO  : ----------------XSDB Script----------------
connect -url tcp:127.0.0.1:3121
targets -set -nocase -filter {name =~"APU*"}
rst -system
after 3000
targets -set -filter {jtag_cable_name =~ "Digilent Zybo Z7 210351B3FC8DA" && level==0 && jtag_device_ctx=="jsn-Zybo Z7-210351B3FC8DA-13722093-0"}
fpga -file D:/proyectosep2/IEE2463-SEP-Proyecto-2-Z8/music_player_v2/vitis/music_player_v2_sw/_ide/bitstream/design_1_wrapper.bit
targets -set -nocase -filter {name =~"APU*"}
loadhw -hw D:/proyectosep2/IEE2463-SEP-Proyecto-2-Z8/music_player_v2/vitis/music_player_v2_plt/export/music_player_v2_plt/hw/design_1_wrapper.xsa -mem-ranges [list {0x40000000 0xbfffffff}] -regs
configparams force-mem-access 1
targets -set -nocase -filter {name =~"APU*"}
source D:/proyectosep2/IEE2463-SEP-Proyecto-2-Z8/music_player_v2/vitis/music_player_v2_sw/_ide/psinit/ps7_init.tcl
ps7_init
ps7_post_config
targets -set -nocase -filter {name =~ "*A9*#0"}
dow D:/proyectosep2/IEE2463-SEP-Proyecto-2-Z8/music_player_v2/vitis/music_player_v2_sw/Debug/music_player_v2_sw.elf
configparams force-mem-access 0
----------------End of Script----------------

23:27:17 INFO  : Context for processor 'ps7_cortexa9_0' is selected.
23:27:17 INFO  : 'con' command is executed.
23:27:17 INFO  : ----------------XSDB Script (After Launch)----------------
targets -set -nocase -filter {name =~ "*A9*#0"}
con
----------------End of Script----------------

23:27:17 INFO  : Launch script is exported to file 'D:\proyectosep2\IEE2463-SEP-Proyecto-2-Z8\music_player_v2\vitis\.sdk\launch_scripts\single_application_debug\systemdebugger_music_player_v2_sw_system_standalone.tcl'
23:27:58 INFO  : Disconnected from the channel tcfchan#1.
