#-----------------------------------------------------------
# Vivado v2020.1 (64-bit)
# SW Build 2902540 on Wed May 27 19:54:49 MDT 2020
# IP Build 2902112 on Wed May 27 22:43:36 MDT 2020
# Start of session at: Fri Jun  6 20:38:56 2025
# Process ID: 18864
# Current directory: D:/proyectosep2/IEE2463-SEP-Proyecto-2-Z8/input_reader/project_1
# Command line: vivado.exe -gui_launcher_event rodinguilauncherevent5784 D:\proyectosep2\IEE2463-SEP-Proyecto-2-Z8\input_reader\project_1\project_1.xpr
# Log file: D:/proyectosep2/IEE2463-SEP-Proyecto-2-Z8/input_reader/project_1/vivado.log
# Journal file: D:/proyectosep2/IEE2463-SEP-Proyecto-2-Z8/input_reader/project_1\vivado.jou
#-----------------------------------------------------------
start_gui
open_project D:/proyectosep2/IEE2463-SEP-Proyecto-2-Z8/input_reader/project_1/project_1.xpr
Scanning sources...
Finished scanning sources
INFO: [IP_Flow 19-234] Refreshing IP repositories
INFO: [IP_Flow 19-1704] No user IP repositories specified
INFO: [IP_Flow 19-2313] Loaded Vivado IP repository 'D:/Xilinx/Vivado/2020.1/data/ip'.
open_project: Time (s): cpu = 00:00:18 ; elapsed = 00:00:32 . Memory (MB): peak = 994.719 ; gain = 0.000
update_compile_order -fileset sources_1
open_bd_design {D:/proyectosep2/IEE2463-SEP-Proyecto-2-Z8/input_reader/project_1/project_1.srcs/sources_1/bd/design_1/design_1.bd}
Adding component instance block -- xilinx.com:ip:processing_system7:5.5 - processing_system7_0
WARNING: [BD 41-176] The physical port 'S_AXI_GP2_rd_socket' specified in the portmap, is not found on the block! 
WARNING: [BD 41-176] The physical port 'S_AXI_GP2_wr_socket' specified in the portmap, is not found on the block! 
WARNING: [BD 41-176] The physical port 'S_AXI_GP3_rd_socket' specified in the portmap, is not found on the block! 
WARNING: [BD 41-176] The physical port 'S_AXI_GP3_wr_socket' specified in the portmap, is not found on the block! 
Adding component instance block -- xilinx.com:ip:axi_quad_spi:3.2 - axi_quad_spi_0
Adding component instance block -- xilinx.com:ip:axi_interconnect:2.1 - ps7_0_axi_periph
Adding component instance block -- xilinx.com:ip:proc_sys_reset:5.0 - rst_ps7_0_50M
Successfully read diagram <design_1> from BD file <D:/proyectosep2/IEE2463-SEP-Proyecto-2-Z8/input_reader/project_1/project_1.srcs/sources_1/bd/design_1/design_1.bd>
open_bd_design: Time (s): cpu = 00:00:08 ; elapsed = 00:00:16 . Memory (MB): peak = 1050.109 ; gain = 55.391
exit
INFO: [Common 17-206] Exiting Vivado at Fri Jun  6 21:29:53 2025...
