Nothing to build in platform 'design_1_wrapper'

15:00:20 **** Incremental Build of configuration Debug for project main_ps ****
make all 
make --no-print-directory pre-build
a9-linaro-pre-build-step
' '
make --no-print-directory main-build
'Building file: ../src/estados.c'
'Invoking: ARM v7 gcc compiler'
arm-none-eabi-gcc -Wall -O0 -g3 -c -fmessage-length=0 -MT"src/estados.o" -mcpu=cortex-a9 -mfpu=vfpv3 -mfloat-abi=hard -IC:/Users/andre/Projects/IEE2463-SEP-Proyecto-2-Z8/PS/vitis/design_1_wrapper/export/design_1_wrapper/sw/design_1_wrapper/domain_ps7_cortexa9_0/bspinclude/include -MMD -MP -MF"src/estados.d" -MT"src/estados.o" -o "src/estados.o" "../src/estados.c"
'Finished building: ../src/estados.c'
' '
'Building target: main_ps.elf'
'Invoking: ARM v7 gcc linker'
arm-none-eabi-gcc -mcpu=cortex-a9 -mfpu=vfpv3 -mfloat-abi=hard -Wl,-build-id=none -specs=Xilinx.spec -Wl,-T -Wl,../src/lscript.ld -LC:/Users/andre/Projects/IEE2463-SEP-Proyecto-2-Z8/PS/vitis/design_1_wrapper/export/design_1_wrapper/sw/design_1_wrapper/domain_ps7_cortexa9_0/bsplib/lib -o "main_ps.elf"  ./src/estados.o ./src/main.o ./src/platform.o ./src/random_gen.o ./src/trainer.o   -Wl,--start-group,-lxil,-lgcc,-lc,--end-group
'Finished building target: main_ps.elf'
' '
'Invoking: ARM v7 Print Size'
arm-none-eabi-size main_ps.elf  |tee "main_ps.elf.size"
   text	   data	    bss	    dec	    hex	filename
  64798	   2550	  22640	  89988	  15f84	main_ps.elf
'Finished building: main_ps.elf.size'
' '
15:00:23 **** Incremental Build of configuration Debug for project main_ps_system ****
make all 
Generating bif file for the system project
generate_system_bif.bat 52438 C:/Users/andre/Projects/IEE2463-SEP-Proyecto-2-Z8/PS/vitis/design_1_wrapper/export/design_1_wrapper/design_1_wrapper.xpfm domain_ps7_cortexa9_0 C:/Users/andre/Projects/IEE2463-SEP-Proyecto-2-Z8/PS/vitis/main_ps_system/Debug/system.bif
sdcard_gen --xpfm C:/Users/andre/Projects/IEE2463-SEP-Proyecto-2-Z8/PS/vitis/design_1_wrapper/export/design_1_wrapper/design_1_wrapper.xpfm --sys_config design_1_wrapper --bif C:/Users/andre/Projects/IEE2463-SEP-Proyecto-2-Z8/PS/vitis/main_ps_system/Debug/system.bif --bitstream C:/Users/andre/Projects/IEE2463-SEP-Proyecto-2-Z8/PS/vitis/main_ps/_ide/bitstream/design_1_wrapper.bit --elf C:/Users/andre/Projects/IEE2463-SEP-Proyecto-2-Z8/PS/vitis/main_ps/Debug/main_ps.elf,ps7_cortexa9_0
creating BOOT.BIN using C:/Users/andre/Projects/IEE2463-SEP-Proyecto-2-Z8/PS/vitis/main_ps/_ide/bitstream/design_1_wrapper.bit
Running C:/Xilinx/Vitis/2020.1/bin/bootgen  -image C:/Users/andre/Projects/IEE2463-SEP-Proyecto-2-Z8/PS/vitis/main_ps_system/Debug/sd_card_temp/boot.bif -w -o i BOOT.BIN
