15:00:20 **** Incremental Build of configuration Debug for project main_ps ****
make all 
make --no-print-directory pre-build
a9-linaro-pre-build-step
' '
make --no-print-directory main-build
'Building file: ../src/estados.c'
'Invoking: ARM v7 gcc compiler'
arm-none-eabi-gcc -Wall -O0 -g3 -c -fmessage-length=0 -MT"src/estados.o" -mcpu=cortex-a9 -mfpu=vfpv3 -mfloat-abi=hard -IC:/Users/andre/Projects/IEE2463-SEP-Proyecto-2-Z8/PS/vitis/design_1_wrapper/export/design_1_wrapper/sw/design_1_wrapper/domain_ps7_cortexa9_0/bspinclude/include -MMD -MP -MF"src/estados.d" -MT"src/estados.o" -o "src/estados.o" "../src/estados.c"
'Finished building: ../src/estados.c'
' '
'Building target: main_ps.elf'
'Invoking: ARM v7 gcc linker'
arm-none-eabi-gcc -mcpu=cortex-a9 -mfpu=vfpv3 -mfloat-abi=hard -Wl,-build-id=none -specs=Xilinx.spec -Wl,-T -Wl,../src/lscript.ld -LC:/Users/andre/Projects/IEE2463-SEP-Proyecto-2-Z8/PS/vitis/design_1_wrapper/export/design_1_wrapper/sw/design_1_wrapper/domain_ps7_cortexa9_0/bsplib/lib -o "main_ps.elf"  ./src/estados.o ./src/main.o ./src/platform.o ./src/random_gen.o ./src/trainer.o   -Wl,--start-group,-lxil,-lgcc,-lc,--end-group
'Finished building target: main_ps.elf'
' '
'Invoking: ARM v7 Print Size'
arm-none-eabi-size main_ps.elf  |tee "main_ps.elf.size"
   text	   data	    bss	    dec	    hex	filename
  64798	   2550	  22640	  89988	  15f84	main_ps.elf
'Finished building: main_ps.elf.size'
' '

15:00:22 Build Finished (took 1s.800ms)

