21:17:25 **** Incremental Build of configuration Debug for project main_ps ****
make all 
make --no-print-directory pre-build
a9-linaro-pre-build-step
' '
make --no-print-directory main-build
'Building file: ../src/estados.c'
'Invoking: ARM v7 gcc compiler'
arm-none-eabi-gcc -Wall -O0 -g3 -c -fmessage-length=0 -MT"src/estados.o" -mcpu=cortex-a9 -mfpu=vfpv3 -mfloat-abi=hard -ID:/proyectosep2/IEE2463-SEP-Proyecto-2-Z8/PS/vitis/design_1_wrapper/export/design_1_wrapper/sw/design_1_wrapper/domain_ps7_cortexa9_0/bspinclude/include -MMD -MP -MF"src/estados.d" -MT"src/estados.o" -o "src/estados.o" "../src/estados.c"
../src/estados.c: In function 'nombrar_zybomon':
../src/estados.c:36:14: warning: format '%s' expects argument of type 'char *', but argument 2 has type 'char (*)[11]' [-Wformat=]
   36 |      scanf("%s", &input_str);
      |             ~^   ~~~~~~~~~~
      |              |   |
      |              |   char (*)[11]
      |              char *
../src/estados.c:37:107: warning: passing argument 3 of 'fgets' from incompatible pointer type [-Wincompatible-pointer-types]
   37 |         fgets(trainer->zybomon_array.zybomones[i].name, sizeof(trainer->zybomon_array.zybomones[i].name), input_str);
      |                                                                                                           ^~~~~~~~~
      |                                                                                                           |
      |                                                                                                           char *
In file included from ../src/estados.c:1:
d:\xilinx\vitis\2020.1\gnu\aarch32\nt\gcc-arm-none-eabi\aarch32-xilinx-eabi\usr\include\stdio.h:213:9: note: expected 'FILE * restrict' {aka 'struct __sFILE * restrict'} but argument is of type 'char *'
  213 | char *  fgets (char *__restrict, int, FILE *__restrict);
      |         ^~~~~
'Finished building: ../src/estados.c'
' '
'Building target: main_ps.elf'
'Invoking: ARM v7 gcc linker'
arm-none-eabi-gcc -mcpu=cortex-a9 -mfpu=vfpv3 -mfloat-abi=hard -Wl,-build-id=none -specs=Xilinx.spec -Wl,-T -Wl,../src/lscript.ld -LD:/proyectosep2/IEE2463-SEP-Proyecto-2-Z8/PS/vitis/design_1_wrapper/export/design_1_wrapper/sw/design_1_wrapper/domain_ps7_cortexa9_0/bsplib/lib -o "main_ps.elf"  ./src/estados.o ./src/main.o ./src/platform.o ./src/random_gen.o ./src/trainer.o   -Wl,--start-group,-lxil,-lgcc,-lc,--end-group
'Finished building target: main_ps.elf'
' '
'Invoking: ARM v7 Print Size'
arm-none-eabi-size main_ps.elf  |tee "main_ps.elf.size"
   text	   data	    bss	    dec	    hex	filename
  64798	   2550	  22640	  89988	  15f84	main_ps.elf
'Finished building: main_ps.elf.size'
' '

21:17:25 Build Finished (took 795ms)

