#-----------------------------------------------------------
# Vivado v2020.1 (64-bit)
# SW Build 2902540 on Wed May 27 19:54:49 MDT 2020
# IP Build 2902112 on Wed May 27 22:43:36 MDT 2020
# Start of session at: Fri May 30 23:20:04 2025
# Process ID: 20192
# Current directory: D:/proyectosep2/IEE2463-SEP-Proyecto-2-Z8/music_player/music_player
# Command line: vivado.exe -gui_launcher_event rodinguilauncherevent19832 D:\proyectosep2\IEE2463-SEP-Proyecto-2-Z8\music_player\music_player\music_player.xpr
# Log file: D:/proyectosep2/IEE2463-SEP-Proyecto-2-Z8/music_player/music_player/vivado.log
# Journal file: D:/proyectosep2/IEE2463-SEP-Proyecto-2-Z8/music_player/music_player\vivado.jou
#-----------------------------------------------------------
start_gui
open_project D:/proyectosep2/IEE2463-SEP-Proyecto-2-Z8/music_player/music_player/music_player.xpr
Scanning sources...
Finished scanning sources
INFO: [IP_Flow 19-234] Refreshing IP repositories
INFO: [IP_Flow 19-1704] No user IP repositories specified
INFO: [IP_Flow 19-2313] Loaded Vivado IP repository 'D:/Xilinx/Vivado/2020.1/data/ip'.
open_project: Time (s): cpu = 00:00:33 ; elapsed = 00:00:50 . Memory (MB): peak = 1033.922 ; gain = 70.832
update_compile_order -fileset sources_1
INFO: [Vivado 12-8231] Launching Vitis
INFO: [Vivado 12-417] Running vitis
INFO: [Vivado 12-8232] Vitis launch initiated. Please check console for any further messages.
open_bd_design {D:/proyectosep2/IEE2463-SEP-Proyecto-2-Z8/music_player/music_player/music_player.srcs/sources_1/bd/design_1/design_1.bd}
Adding component instance block -- xilinx.com:ip:processing_system7:5.5 - processing_system7_0
WARNING: [BD 41-176] The physical port 'S_AXI_GP2_rd_socket' specified in the portmap, is not found on the block! 
WARNING: [BD 41-176] The physical port 'S_AXI_GP2_wr_socket' specified in the portmap, is not found on the block! 
WARNING: [BD 41-176] The physical port 'S_AXI_GP3_rd_socket' specified in the portmap, is not found on the block! 
WARNING: [BD 41-176] The physical port 'S_AXI_GP3_wr_socket' specified in the portmap, is not found on the block! 
Adding component instance block -- xilinx.com:ip:axi_timer:2.0 - axi_timer_0
Adding component instance block -- xilinx.com:ip:axi_gpio:2.0 - axi_gpio_0
Adding component instance block -- xilinx.com:ip:axi_interconnect:2.1 - ps7_0_axi_periph
Adding component instance block -- xilinx.com:ip:axi_crossbar:2.1 - xbar
Adding component instance block -- xilinx.com:ip:axi_protocol_converter:2.1 - auto_pc
Adding component instance block -- xilinx.com:ip:proc_sys_reset:5.0 - rst_ps7_0_50M
Adding component instance block -- xilinx.com:module_ref:proportional_pwm:1.0 - proportional_pwm_0
Adding component instance block -- xilinx.com:ip:ila:6.2 - ila_0
INFO: [xilinx.com:ip:ila:6.2-6] /ila_0: Xilinx recommends using the System ILA IP in IP Integrator. The System ILA IP is functionally equivalent to an ILA and offers additional benefits in debugging interfaces both within IP Integrator and the Hardware Manager. Consult the Programming and Debug User Guide UG908 for further details.
Adding component instance block -- xilinx.com:ip:ila:6.2 - ila_1
INFO: [xilinx.com:ip:ila:6.2-6] /ila_1: Xilinx recommends using the System ILA IP in IP Integrator. The System ILA IP is functionally equivalent to an ILA and offers additional benefits in debugging interfaces both within IP Integrator and the Hardware Manager. Consult the Programming and Debug User Guide UG908 for further details.
WARNING: [BD 41-1731] Type mismatch between connected pins: /axi_timer_0/interrupt(intr) and /ila_1/probe0(undef)
Successfully read diagram <design_1> from BD file <D:/proyectosep2/IEE2463-SEP-Proyecto-2-Z8/music_player/music_player/music_player.srcs/sources_1/bd/design_1/design_1.bd>
open_bd_design: Time (s): cpu = 00:00:07 ; elapsed = 00:00:15 . Memory (MB): peak = 1282.152 ; gain = 73.691
CRITICAL WARNING: [PSU-1]  Parameter : PCW_UIPARAM_DDR_DQS_TO_CLK_DELAY_0 has negative value -0.050 . PS DDR interfaces might fail when entering negative DQS skew values. 
CRITICAL WARNING: [PSU-2]  Parameter : PCW_UIPARAM_DDR_DQS_TO_CLK_DELAY_1 has negative value -0.044 . PS DDR interfaces might fail when entering negative DQS skew values. 
CRITICAL WARNING: [PSU-3]  Parameter : PCW_UIPARAM_DDR_DQS_TO_CLK_DELAY_2 has negative value -0.035 . PS DDR interfaces might fail when entering negative DQS skew values. 
CRITICAL WARNING: [PSU-4]  Parameter : PCW_UIPARAM_DDR_DQS_TO_CLK_DELAY_3 has negative value -0.100 . PS DDR interfaces might fail when entering negative DQS skew values. 
CRITICAL WARNING: [PSU-1]  Parameter : PCW_UIPARAM_DDR_DQS_TO_CLK_DELAY_0 has negative value -0.050 . PS DDR interfaces might fail when entering negative DQS skew values. 
CRITICAL WARNING: [PSU-2]  Parameter : PCW_UIPARAM_DDR_DQS_TO_CLK_DELAY_1 has negative value -0.044 . PS DDR interfaces might fail when entering negative DQS skew values. 
CRITICAL WARNING: [PSU-3]  Parameter : PCW_UIPARAM_DDR_DQS_TO_CLK_DELAY_2 has negative value -0.035 . PS DDR interfaces might fail when entering negative DQS skew values. 
CRITICAL WARNING: [PSU-4]  Parameter : PCW_UIPARAM_DDR_DQS_TO_CLK_DELAY_3 has negative value -0.100 . PS DDR interfaces might fail when entering negative DQS skew values. 
WARNING: [IP_Flow 19-474] Invalid Parameter 'Component_Name'
CRITICAL WARNING: [PSU-1]  Parameter : PCW_UIPARAM_DDR_DQS_TO_CLK_DELAY_0 has negative value -0.050 . PS DDR interfaces might fail when entering negative DQS skew values. 
CRITICAL WARNING: [PSU-2]  Parameter : PCW_UIPARAM_DDR_DQS_TO_CLK_DELAY_1 has negative value -0.044 . PS DDR interfaces might fail when entering negative DQS skew values. 
CRITICAL WARNING: [PSU-3]  Parameter : PCW_UIPARAM_DDR_DQS_TO_CLK_DELAY_2 has negative value -0.035 . PS DDR interfaces might fail when entering negative DQS skew values. 
CRITICAL WARNING: [PSU-4]  Parameter : PCW_UIPARAM_DDR_DQS_TO_CLK_DELAY_3 has negative value -0.100 . PS DDR interfaces might fail when entering negative DQS skew values. 
startgroup
set_property -dict [list CONFIG.PCW_FPGA0_PERIPHERAL_FREQMHZ {200}] [get_bd_cells processing_system7_0]
CRITICAL WARNING: [PSU-1]  Parameter : PCW_UIPARAM_DDR_DQS_TO_CLK_DELAY_0 has negative value -0.050 . PS DDR interfaces might fail when entering negative DQS skew values. 
CRITICAL WARNING: [PSU-2]  Parameter : PCW_UIPARAM_DDR_DQS_TO_CLK_DELAY_1 has negative value -0.044 . PS DDR interfaces might fail when entering negative DQS skew values. 
CRITICAL WARNING: [PSU-3]  Parameter : PCW_UIPARAM_DDR_DQS_TO_CLK_DELAY_2 has negative value -0.035 . PS DDR interfaces might fail when entering negative DQS skew values. 
CRITICAL WARNING: [PSU-4]  Parameter : PCW_UIPARAM_DDR_DQS_TO_CLK_DELAY_3 has negative value -0.100 . PS DDR interfaces might fail when entering negative DQS skew values. 
WARNING: [BD 41-176] The physical port 'S_AXI_GP2_rd_socket' specified in the portmap, is not found on the block! 
WARNING: [BD 41-176] The physical port 'S_AXI_GP2_wr_socket' specified in the portmap, is not found on the block! 
WARNING: [BD 41-176] The physical port 'S_AXI_GP3_rd_socket' specified in the portmap, is not found on the block! 
WARNING: [BD 41-176] The physical port 'S_AXI_GP3_wr_socket' specified in the portmap, is not found on the block! 
endgroup
open_bd_design {D:/proyectosep2/IEE2463-SEP-Proyecto-2-Z8/music_player/music_player/music_player.srcs/sources_1/bd/design_1/design_1.bd}
CRITICAL WARNING: [PSU-1]  Parameter : PCW_UIPARAM_DDR_DQS_TO_CLK_DELAY_0 has negative value -0.050 . PS DDR interfaces might fail when entering negative DQS skew values. 
CRITICAL WARNING: [PSU-2]  Parameter : PCW_UIPARAM_DDR_DQS_TO_CLK_DELAY_1 has negative value -0.044 . PS DDR interfaces might fail when entering negative DQS skew values. 
CRITICAL WARNING: [PSU-3]  Parameter : PCW_UIPARAM_DDR_DQS_TO_CLK_DELAY_2 has negative value -0.035 . PS DDR interfaces might fail when entering negative DQS skew values. 
CRITICAL WARNING: [PSU-4]  Parameter : PCW_UIPARAM_DDR_DQS_TO_CLK_DELAY_3 has negative value -0.100 . PS DDR interfaces might fail when entering negative DQS skew values. 
WARNING: [IP_Flow 19-474] Invalid Parameter 'Component_Name'
CRITICAL WARNING: [PSU-1]  Parameter : PCW_UIPARAM_DDR_DQS_TO_CLK_DELAY_0 has negative value -0.050 . PS DDR interfaces might fail when entering negative DQS skew values. 
CRITICAL WARNING: [PSU-2]  Parameter : PCW_UIPARAM_DDR_DQS_TO_CLK_DELAY_1 has negative value -0.044 . PS DDR interfaces might fail when entering negative DQS skew values. 
CRITICAL WARNING: [PSU-3]  Parameter : PCW_UIPARAM_DDR_DQS_TO_CLK_DELAY_2 has negative value -0.035 . PS DDR interfaces might fail when entering negative DQS skew values. 
CRITICAL WARNING: [PSU-4]  Parameter : PCW_UIPARAM_DDR_DQS_TO_CLK_DELAY_3 has negative value -0.100 . PS DDR interfaces might fail when entering negative DQS skew values. 
CRITICAL WARNING: [PSU-1]  Parameter : PCW_UIPARAM_DDR_DQS_TO_CLK_DELAY_0 has negative value -0.050 . PS DDR interfaces might fail when entering negative DQS skew values. 
CRITICAL WARNING: [PSU-2]  Parameter : PCW_UIPARAM_DDR_DQS_TO_CLK_DELAY_1 has negative value -0.044 . PS DDR interfaces might fail when entering negative DQS skew values. 
CRITICAL WARNING: [PSU-3]  Parameter : PCW_UIPARAM_DDR_DQS_TO_CLK_DELAY_2 has negative value -0.035 . PS DDR interfaces might fail when entering negative DQS skew values. 
CRITICAL WARNING: [PSU-4]  Parameter : PCW_UIPARAM_DDR_DQS_TO_CLK_DELAY_3 has negative value -0.100 . PS DDR interfaces might fail when entering negative DQS skew values. 
startgroup
set_property -dict [list CONFIG.PCW_FPGA0_PERIPHERAL_FREQMHZ {100} CONFIG.PCW_QSPI_GRP_SINGLE_SS_ENABLE {1}] [get_bd_cells processing_system7_0]
CRITICAL WARNING: [PSU-1]  Parameter : PCW_UIPARAM_DDR_DQS_TO_CLK_DELAY_0 has negative value -0.050 . PS DDR interfaces might fail when entering negative DQS skew values. 
CRITICAL WARNING: [PSU-2]  Parameter : PCW_UIPARAM_DDR_DQS_TO_CLK_DELAY_1 has negative value -0.044 . PS DDR interfaces might fail when entering negative DQS skew values. 
CRITICAL WARNING: [PSU-3]  Parameter : PCW_UIPARAM_DDR_DQS_TO_CLK_DELAY_2 has negative value -0.035 . PS DDR interfaces might fail when entering negative DQS skew values. 
CRITICAL WARNING: [PSU-4]  Parameter : PCW_UIPARAM_DDR_DQS_TO_CLK_DELAY_3 has negative value -0.100 . PS DDR interfaces might fail when entering negative DQS skew values. 
WARNING: [BD 41-176] The physical port 'S_AXI_GP2_rd_socket' specified in the portmap, is not found on the block! 
WARNING: [BD 41-176] The physical port 'S_AXI_GP2_wr_socket' specified in the portmap, is not found on the block! 
WARNING: [BD 41-176] The physical port 'S_AXI_GP3_rd_socket' specified in the portmap, is not found on the block! 
WARNING: [BD 41-176] The physical port 'S_AXI_GP3_wr_socket' specified in the portmap, is not found on the block! 
endgroup
save_bd_design
Wrote  : <D:\proyectosep2\IEE2463-SEP-Proyecto-2-Z8\music_player\music_player\music_player.srcs\sources_1\bd\design_1\design_1.bd> 
Wrote  : <D:/proyectosep2/IEE2463-SEP-Proyecto-2-Z8/music_player/music_player/music_player.srcs/sources_1/bd/design_1/ui/bd_1f5defd0.ui> 
reset_run synth_1
reset_run design_1_processing_system7_0_0_synth_1
launch_runs impl_1 -to_step write_bitstream -jobs 6
CRITICAL WARNING: [PSU-1]  Parameter : PCW_UIPARAM_DDR_DQS_TO_CLK_DELAY_0 has negative value -0.050 . PS DDR interfaces might fail when entering negative DQS skew values. 
CRITICAL WARNING: [PSU-2]  Parameter : PCW_UIPARAM_DDR_DQS_TO_CLK_DELAY_1 has negative value -0.044 . PS DDR interfaces might fail when entering negative DQS skew values. 
CRITICAL WARNING: [PSU-3]  Parameter : PCW_UIPARAM_DDR_DQS_TO_CLK_DELAY_2 has negative value -0.035 . PS DDR interfaces might fail when entering negative DQS skew values. 
CRITICAL WARNING: [PSU-4]  Parameter : PCW_UIPARAM_DDR_DQS_TO_CLK_DELAY_3 has negative value -0.100 . PS DDR interfaces might fail when entering negative DQS skew values. 
WARNING: [BD 41-176] The physical port 'S_AXI_GP2_rd_socket' specified in the portmap, is not found on the block! 
WARNING: [BD 41-176] The physical port 'S_AXI_GP2_wr_socket' specified in the portmap, is not found on the block! 
WARNING: [BD 41-176] The physical port 'S_AXI_GP3_rd_socket' specified in the portmap, is not found on the block! 
WARNING: [BD 41-176] The physical port 'S_AXI_GP3_wr_socket' specified in the portmap, is not found on the block! 
Wrote  : <D:\proyectosep2\IEE2463-SEP-Proyecto-2-Z8\music_player\music_player\music_player.srcs\sources_1\bd\design_1\design_1.bd> 
VHDL Output written to : D:/proyectosep2/IEE2463-SEP-Proyecto-2-Z8/music_player/music_player/music_player.srcs/sources_1/bd/design_1/synth/design_1.vhd
VHDL Output written to : D:/proyectosep2/IEE2463-SEP-Proyecto-2-Z8/music_player/music_player/music_player.srcs/sources_1/bd/design_1/sim/design_1.vhd
VHDL Output written to : D:/proyectosep2/IEE2463-SEP-Proyecto-2-Z8/music_player/music_player/music_player.srcs/sources_1/bd/design_1/hdl/design_1_wrapper.vhd
WARNING: [IP_Flow 19-5611] Unable to find an associated reset port for the interface 'M_AXI_GP0'. A default connection has been created.
INFO: [BD 41-1029] Generation completed for the IP Integrator block processing_system7_0 .
WARNING: [IP_Flow 19-4994] Overwriting existing constraint file 'd:/proyectosep2/IEE2463-SEP-Proyecto-2-Z8/music_player/music_player/music_player.srcs/sources_1/bd/design_1/ip/design_1_axi_timer_0_0/design_1_axi_timer_0_0_ooc.xdc'
INFO: [BD 41-1029] Generation completed for the IP Integrator block axi_timer_0 .
INFO: [BD 41-1029] Generation completed for the IP Integrator block ps7_0_axi_periph/xbar .
INFO: [BD 41-1029] Generation completed for the IP Integrator block rst_ps7_0_50M .
WARNING: [IP_Flow 19-4994] Overwriting existing constraint file 'd:/proyectosep2/IEE2463-SEP-Proyecto-2-Z8/music_player/music_player/music_player.srcs/sources_1/bd/design_1/ip/design_1_ila_0_0/design_1_ila_0_0_ooc.xdc'
INFO: [BD 41-1029] Generation completed for the IP Integrator block ila_0 .
WARNING: [IP_Flow 19-4994] Overwriting existing constraint file 'd:/proyectosep2/IEE2463-SEP-Proyecto-2-Z8/music_player/music_player/music_player.srcs/sources_1/bd/design_1/ip/design_1_ila_1_0/design_1_ila_1_0_ooc.xdc'
INFO: [BD 41-1029] Generation completed for the IP Integrator block ila_1 .
WARNING: [IP_Flow 19-4994] Overwriting existing constraint file 'd:/proyectosep2/IEE2463-SEP-Proyecto-2-Z8/music_player/music_player/music_player.srcs/sources_1/bd/design_1/ip/design_1_auto_pc_0/design_1_auto_pc_0_ooc.xdc'
INFO: [BD 41-1029] Generation completed for the IP Integrator block ps7_0_axi_periph/s00_couplers/auto_pc .
Exporting to file D:/proyectosep2/IEE2463-SEP-Proyecto-2-Z8/music_player/music_player/music_player.srcs/sources_1/bd/design_1/hw_handoff/design_1.hwh
Generated Block Design Tcl file D:/proyectosep2/IEE2463-SEP-Proyecto-2-Z8/music_player/music_player/music_player.srcs/sources_1/bd/design_1/hw_handoff/design_1_bd.tcl
Generated Hardware Definition File D:/proyectosep2/IEE2463-SEP-Proyecto-2-Z8/music_player/music_player/music_player.srcs/sources_1/bd/design_1/synth/design_1.hwdef
[Sat May 31 00:31:36 2025] Launched design_1_xbar_0_synth_1, design_1_rst_ps7_0_50M_0_synth_1, design_1_axi_timer_0_0_synth_1, design_1_processing_system7_0_0_synth_1, design_1_ila_0_0_synth_1, design_1_ila_1_0_synth_1, design_1_auto_pc_0_synth_1, synth_1...
Run output will be captured here:
design_1_xbar_0_synth_1: D:/proyectosep2/IEE2463-SEP-Proyecto-2-Z8/music_player/music_player/music_player.runs/design_1_xbar_0_synth_1/runme.log
design_1_rst_ps7_0_50M_0_synth_1: D:/proyectosep2/IEE2463-SEP-Proyecto-2-Z8/music_player/music_player/music_player.runs/design_1_rst_ps7_0_50M_0_synth_1/runme.log
design_1_axi_timer_0_0_synth_1: D:/proyectosep2/IEE2463-SEP-Proyecto-2-Z8/music_player/music_player/music_player.runs/design_1_axi_timer_0_0_synth_1/runme.log
design_1_processing_system7_0_0_synth_1: D:/proyectosep2/IEE2463-SEP-Proyecto-2-Z8/music_player/music_player/music_player.runs/design_1_processing_system7_0_0_synth_1/runme.log
design_1_ila_0_0_synth_1: D:/proyectosep2/IEE2463-SEP-Proyecto-2-Z8/music_player/music_player/music_player.runs/design_1_ila_0_0_synth_1/runme.log
design_1_ila_1_0_synth_1: D:/proyectosep2/IEE2463-SEP-Proyecto-2-Z8/music_player/music_player/music_player.runs/design_1_ila_1_0_synth_1/runme.log
design_1_auto_pc_0_synth_1: D:/proyectosep2/IEE2463-SEP-Proyecto-2-Z8/music_player/music_player/music_player.runs/design_1_auto_pc_0_synth_1/runme.log
synth_1: D:/proyectosep2/IEE2463-SEP-Proyecto-2-Z8/music_player/music_player/music_player.runs/synth_1/runme.log
[Sat May 31 00:31:36 2025] Launched impl_1...
Run output will be captured here: D:/proyectosep2/IEE2463-SEP-Proyecto-2-Z8/music_player/music_player/music_player.runs/impl_1/runme.log
launch_runs: Time (s): cpu = 00:00:57 ; elapsed = 00:01:21 . Memory (MB): peak = 1632.176 ; gain = 245.422
CRITICAL WARNING: [PSU-1]  Parameter : PCW_UIPARAM_DDR_DQS_TO_CLK_DELAY_0 has negative value -0.050 . PS DDR interfaces might fail when entering negative DQS skew values. 
CRITICAL WARNING: [PSU-2]  Parameter : PCW_UIPARAM_DDR_DQS_TO_CLK_DELAY_1 has negative value -0.044 . PS DDR interfaces might fail when entering negative DQS skew values. 
CRITICAL WARNING: [PSU-3]  Parameter : PCW_UIPARAM_DDR_DQS_TO_CLK_DELAY_2 has negative value -0.035 . PS DDR interfaces might fail when entering negative DQS skew values. 
CRITICAL WARNING: [PSU-4]  Parameter : PCW_UIPARAM_DDR_DQS_TO_CLK_DELAY_3 has negative value -0.100 . PS DDR interfaces might fail when entering negative DQS skew values. 
WARNING: [IP_Flow 19-474] Invalid Parameter 'Component_Name'
set_property pfm_name {} [get_files -all {D:/proyectosep2/IEE2463-SEP-Proyecto-2-Z8/music_player/music_player/music_player.srcs/sources_1/bd/design_1/design_1.bd}]
write_hw_platform -fixed -include_bit -force -file D:/proyectosep2/IEE2463-SEP-Proyecto-2-Z8/music_player/music_player/design_1_wrapper.xsa
INFO: [Vivado 12-4895] Creating Hardware Platform: D:/proyectosep2/IEE2463-SEP-Proyecto-2-Z8/music_player/music_player/design_1_wrapper.xsa ...
INFO: [Hsi 55-2053] elapsed time for repository (D:/Xilinx/Vivado/2020.1/data\embeddedsw) loading 1 seconds
WARNING: [Project 1-645] Board images not set in Hardware Platform.
INFO: [Vivado 12-4896] Successfully created Hardware Platform: D:/proyectosep2/IEE2463-SEP-Proyecto-2-Z8/music_player/music_player/design_1_wrapper.xsa
write_hw_platform: Time (s): cpu = 00:00:10 ; elapsed = 00:00:11 . Memory (MB): peak = 1678.832 ; gain = 45.086
update_module_reference design_1_proportional_pwm_0_0
INFO: [IP_Flow 19-5107] Inferred bus interface 'clk' of definition 'xilinx.com:signal:clock:1.0' (from Xilinx Repository).
WARNING: [IP_Flow 19-5661] Bus Interface 'clk' does not have any bus interfaces associated with it.
INFO: [IP_Flow 19-234] Refreshing IP repositories
INFO: [IP_Flow 19-1704] No user IP repositories specified
Upgrading 'D:/proyectosep2/IEE2463-SEP-Proyecto-2-Z8/music_player/music_player/music_player.srcs/sources_1/bd/design_1/design_1.bd'
INFO: [IP_Flow 19-1972] Upgraded design_1_proportional_pwm_0_0 from proportional_pwm_v1_0 1.0 to proportional_pwm_v1_0 1.0
Wrote  : <D:\proyectosep2\IEE2463-SEP-Proyecto-2-Z8\music_player\music_player\music_player.srcs\sources_1\bd\design_1\design_1.bd> 
Wrote  : <D:/proyectosep2/IEE2463-SEP-Proyecto-2-Z8/music_player/music_player/music_player.srcs/sources_1/bd/design_1/ui/bd_1f5defd0.ui> 
update_module_reference: Time (s): cpu = 00:00:02 ; elapsed = 00:00:06 . Memory (MB): peak = 1688.176 ; gain = 0.000
update_module_reference design_1_proportional_pwm_0_0
INFO: [IP_Flow 19-5107] Inferred bus interface 'clk' of definition 'xilinx.com:signal:clock:1.0' (from Xilinx Repository).
WARNING: [IP_Flow 19-5661] Bus Interface 'clk' does not have any bus interfaces associated with it.
INFO: [IP_Flow 19-234] Refreshing IP repositories
INFO: [IP_Flow 19-1704] No user IP repositories specified
Upgrading 'D:/proyectosep2/IEE2463-SEP-Proyecto-2-Z8/music_player/music_player/music_player.srcs/sources_1/bd/design_1/design_1.bd'
INFO: [IP_Flow 19-1972] Upgraded design_1_proportional_pwm_0_0 from proportional_pwm_v1_0 1.0 to proportional_pwm_v1_0 1.0
Wrote  : <D:\proyectosep2\IEE2463-SEP-Proyecto-2-Z8\music_player\music_player\music_player.srcs\sources_1\bd\design_1\design_1.bd> 
reset_run synth_1
launch_runs impl_1 -to_step write_bitstream -jobs 6
Wrote  : <D:\proyectosep2\IEE2463-SEP-Proyecto-2-Z8\music_player\music_player\music_player.srcs\sources_1\bd\design_1\design_1.bd> 
VHDL Output written to : D:/proyectosep2/IEE2463-SEP-Proyecto-2-Z8/music_player/music_player/music_player.srcs/sources_1/bd/design_1/synth/design_1.vhd
VHDL Output written to : D:/proyectosep2/IEE2463-SEP-Proyecto-2-Z8/music_player/music_player/music_player.srcs/sources_1/bd/design_1/sim/design_1.vhd
VHDL Output written to : D:/proyectosep2/IEE2463-SEP-Proyecto-2-Z8/music_player/music_player/music_player.srcs/sources_1/bd/design_1/hdl/design_1_wrapper.vhd
INFO: [BD 41-1029] Generation completed for the IP Integrator block proportional_pwm_0 .
WARNING: [IP_Flow 19-4994] Overwriting existing constraint file 'd:/proyectosep2/IEE2463-SEP-Proyecto-2-Z8/music_player/music_player/music_player.srcs/sources_1/bd/design_1/ip/design_1_auto_pc_0/design_1_auto_pc_0_ooc.xdc'
INFO: [BD 41-1029] Generation completed for the IP Integrator block ps7_0_axi_periph/s00_couplers/auto_pc .
Exporting to file D:/proyectosep2/IEE2463-SEP-Proyecto-2-Z8/music_player/music_player/music_player.srcs/sources_1/bd/design_1/hw_handoff/design_1.hwh
Generated Block Design Tcl file D:/proyectosep2/IEE2463-SEP-Proyecto-2-Z8/music_player/music_player/music_player.srcs/sources_1/bd/design_1/hw_handoff/design_1_bd.tcl
Generated Hardware Definition File D:/proyectosep2/IEE2463-SEP-Proyecto-2-Z8/music_player/music_player/music_player.srcs/sources_1/bd/design_1/synth/design_1.hwdef
INFO: [IP_Flow 19-4993] Using cached IP synthesis design for IP design_1_auto_pc_0, cache-ID = f0066fce20473567; cache size = 38.492 MB.
[Sat May 31 00:57:36 2025] Launched design_1_proportional_pwm_0_0_synth_1, synth_1...
Run output will be captured here:
design_1_proportional_pwm_0_0_synth_1: D:/proyectosep2/IEE2463-SEP-Proyecto-2-Z8/music_player/music_player/music_player.runs/design_1_proportional_pwm_0_0_synth_1/runme.log
synth_1: D:/proyectosep2/IEE2463-SEP-Proyecto-2-Z8/music_player/music_player/music_player.runs/synth_1/runme.log
[Sat May 31 00:57:36 2025] Launched impl_1...
Run output will be captured here: D:/proyectosep2/IEE2463-SEP-Proyecto-2-Z8/music_player/music_player/music_player.runs/impl_1/runme.log
launch_runs: Time (s): cpu = 00:00:15 ; elapsed = 00:00:17 . Memory (MB): peak = 1688.176 ; gain = 0.000
set_property pfm_name {} [get_files -all {D:/proyectosep2/IEE2463-SEP-Proyecto-2-Z8/music_player/music_player/music_player.srcs/sources_1/bd/design_1/design_1.bd}]
write_hw_platform -fixed -include_bit -force -file D:/proyectosep2/IEE2463-SEP-Proyecto-2-Z8/music_player/music_player/design_1_wrapper.xsa
INFO: [Vivado 12-4895] Creating Hardware Platform: D:/proyectosep2/IEE2463-SEP-Proyecto-2-Z8/music_player/music_player/design_1_wrapper.xsa ...
WARNING: [Project 1-645] Board images not set in Hardware Platform.
INFO: [Vivado 12-4896] Successfully created Hardware Platform: D:/proyectosep2/IEE2463-SEP-Proyecto-2-Z8/music_player/music_player/design_1_wrapper.xsa
write_hw_platform: Time (s): cpu = 00:00:08 ; elapsed = 00:00:08 . Memory (MB): peak = 1702.438 ; gain = 14.262
update_module_reference design_1_proportional_pwm_0_0
INFO: [IP_Flow 19-5107] Inferred bus interface 'clk' of definition 'xilinx.com:signal:clock:1.0' (from Xilinx Repository).
WARNING: [IP_Flow 19-5661] Bus Interface 'clk' does not have any bus interfaces associated with it.
INFO: [IP_Flow 19-234] Refreshing IP repositories
INFO: [IP_Flow 19-1704] No user IP repositories specified
Upgrading 'D:/proyectosep2/IEE2463-SEP-Proyecto-2-Z8/music_player/music_player/music_player.srcs/sources_1/bd/design_1/design_1.bd'
INFO: [IP_Flow 19-1972] Upgraded design_1_proportional_pwm_0_0 from proportional_pwm_v1_0 1.0 to proportional_pwm_v1_0 1.0
WARNING: [IP_Flow 19-4706] Upgraded port 'dividend' width 7 differs from original width 16
WARNING: [IP_Flow 19-3298] Detected external port differences while upgrading 'design_1_proportional_pwm_0_0'. These changes may impact your design.
CRITICAL WARNING: [Coretcl 2-1280] The upgrade of 'design_1_proportional_pwm_0_0' has identified issues that may require user intervention. Please verify that the instance is correctly configured, and review any upgrade messages.
Wrote  : <D:\proyectosep2\IEE2463-SEP-Proyecto-2-Z8\music_player\music_player\music_player.srcs\sources_1\bd\design_1\design_1.bd> 
open_bd_design {D:/proyectosep2/IEE2463-SEP-Proyecto-2-Z8/music_player/music_player/music_player.srcs/sources_1/bd/design_1/design_1.bd}
WARNING: [IP_Flow 19-4067] Ignoring invalid widget type specified checkbox.Providing a default widget
startgroup
set_property -dict [list CONFIG.C_PROBE1_WIDTH {8}] [get_bd_cells ila_1]
endgroup
startgroup
set_property -dict [list CONFIG.C_GPIO2_WIDTH {8}] [get_bd_cells axi_gpio_0]
endgroup
save_bd_design
Wrote  : <D:\proyectosep2\IEE2463-SEP-Proyecto-2-Z8\music_player\music_player\music_player.srcs\sources_1\bd\design_1\design_1.bd> 
Wrote  : <D:/proyectosep2/IEE2463-SEP-Proyecto-2-Z8/music_player/music_player/music_player.srcs/sources_1/bd/design_1/ui/bd_1f5defd0.ui> 
export_ip_user_files -of_objects  [get_files D:/proyectosep2/IEE2463-SEP-Proyecto-2-Z8/music_player/music_player/music_player.srcs/sources_1/bd/design_1/hdl/design_1_wrapper.vhd] -no_script -reset -force -quiet
remove_files  D:/proyectosep2/IEE2463-SEP-Proyecto-2-Z8/music_player/music_player/music_player.srcs/sources_1/bd/design_1/hdl/design_1_wrapper.vhd
update_compile_order -fileset sources_1
make_wrapper -files [get_files D:/proyectosep2/IEE2463-SEP-Proyecto-2-Z8/music_player/music_player/music_player.srcs/sources_1/bd/design_1/design_1.bd] -top
Wrote  : <D:\proyectosep2\IEE2463-SEP-Proyecto-2-Z8\music_player\music_player\music_player.srcs\sources_1\bd\design_1\design_1.bd> 
CRITICAL WARNING: [BD 41-2383] Width mismatch when connecting input pin '/proportional_pwm_0/dividend'(7) to pin '/axi_gpio_0/gpio2_io_o'(8) - Only lower order bits will be connected, and other input bits of this pin will be left unconnected.
VHDL Output written to : D:/proyectosep2/IEE2463-SEP-Proyecto-2-Z8/music_player/music_player/music_player.srcs/sources_1/bd/design_1/synth/design_1.vhd
CRITICAL WARNING: [BD 41-2383] Width mismatch when connecting input pin '/proportional_pwm_0/dividend'(7) to pin '/axi_gpio_0/gpio2_io_o'(8) - Only lower order bits will be connected, and other input bits of this pin will be left unconnected.
VHDL Output written to : D:/proyectosep2/IEE2463-SEP-Proyecto-2-Z8/music_player/music_player/music_player.srcs/sources_1/bd/design_1/sim/design_1.vhd
VHDL Output written to : D:/proyectosep2/IEE2463-SEP-Proyecto-2-Z8/music_player/music_player/music_player.srcs/sources_1/bd/design_1/hdl/design_1_wrapper.vhd
make_wrapper: Time (s): cpu = 00:00:07 ; elapsed = 00:00:07 . Memory (MB): peak = 1714.855 ; gain = 3.078
add_files -norecurse D:/proyectosep2/IEE2463-SEP-Proyecto-2-Z8/music_player/music_player/music_player.srcs/sources_1/bd/design_1/hdl/design_1_wrapper.vhd
update_compile_order -fileset sources_1
update_compile_order -fileset sources_1
update_module_reference design_1_proportional_pwm_0_0
INFO: [IP_Flow 19-5107] Inferred bus interface 'clk' of definition 'xilinx.com:signal:clock:1.0' (from Xilinx Repository).
WARNING: [IP_Flow 19-5661] Bus Interface 'clk' does not have any bus interfaces associated with it.
INFO: [IP_Flow 19-234] Refreshing IP repositories
INFO: [IP_Flow 19-1704] No user IP repositories specified
Upgrading 'D:/proyectosep2/IEE2463-SEP-Proyecto-2-Z8/music_player/music_player/music_player.srcs/sources_1/bd/design_1/design_1.bd'
INFO: [IP_Flow 19-1972] Upgraded design_1_proportional_pwm_0_0 from proportional_pwm_v1_0 1.0 to proportional_pwm_v1_0 1.0
WARNING: [IP_Flow 19-4706] Upgraded port 'dividend' width 8 differs from original width 7
WARNING: [IP_Flow 19-3298] Detected external port differences while upgrading 'design_1_proportional_pwm_0_0'. These changes may impact your design.
CRITICAL WARNING: [Coretcl 2-1280] The upgrade of 'design_1_proportional_pwm_0_0' has identified issues that may require user intervention. Please verify that the instance is correctly configured, and review any upgrade messages.
Wrote  : <D:\proyectosep2\IEE2463-SEP-Proyecto-2-Z8\music_player\music_player\music_player.srcs\sources_1\bd\design_1\design_1.bd> 
Wrote  : <D:/proyectosep2/IEE2463-SEP-Proyecto-2-Z8/music_player/music_player/music_player.srcs/sources_1/bd/design_1/ui/bd_1f5defd0.ui> 
validate_bd_design
validate_bd_design: Time (s): cpu = 00:00:06 ; elapsed = 00:00:07 . Memory (MB): peak = 1719.762 ; gain = 0.535
save_bd_design
Wrote  : <D:\proyectosep2\IEE2463-SEP-Proyecto-2-Z8\music_player\music_player\music_player.srcs\sources_1\bd\design_1\design_1.bd> 
Wrote  : <D:/proyectosep2/IEE2463-SEP-Proyecto-2-Z8/music_player/music_player/music_player.srcs/sources_1/bd/design_1/ui/bd_1f5defd0.ui> 
export_ip_user_files -of_objects  [get_files D:/proyectosep2/IEE2463-SEP-Proyecto-2-Z8/music_player/music_player/music_player.srcs/sources_1/bd/design_1/hdl/design_1_wrapper.vhd] -no_script -reset -force -quiet
remove_files  D:/proyectosep2/IEE2463-SEP-Proyecto-2-Z8/music_player/music_player/music_player.srcs/sources_1/bd/design_1/hdl/design_1_wrapper.vhd
update_compile_order -fileset sources_1
make_wrapper -files [get_files D:/proyectosep2/IEE2463-SEP-Proyecto-2-Z8/music_player/music_player/music_player.srcs/sources_1/bd/design_1/design_1.bd] -top
INFO: [BD 41-1662] The design 'design_1.bd' is already validated. Therefore parameter propagation will not be re-run.
VHDL Output written to : D:/proyectosep2/IEE2463-SEP-Proyecto-2-Z8/music_player/music_player/music_player.srcs/sources_1/bd/design_1/synth/design_1.vhd
VHDL Output written to : D:/proyectosep2/IEE2463-SEP-Proyecto-2-Z8/music_player/music_player/music_player.srcs/sources_1/bd/design_1/sim/design_1.vhd
VHDL Output written to : D:/proyectosep2/IEE2463-SEP-Proyecto-2-Z8/music_player/music_player/music_player.srcs/sources_1/bd/design_1/hdl/design_1_wrapper.vhd
add_files -norecurse D:/proyectosep2/IEE2463-SEP-Proyecto-2-Z8/music_player/music_player/music_player.srcs/sources_1/bd/design_1/hdl/design_1_wrapper.vhd
update_compile_order -fileset sources_1
update_compile_order -fileset sources_1
reset_run synth_1
reset_run design_1_axi_gpio_0_0_synth_1
reset_run design_1_ila_1_0_synth_1
launch_runs impl_1 -to_step write_bitstream -jobs 6
INFO: [BD 41-1662] The design 'design_1.bd' is already validated. Therefore parameter propagation will not be re-run.
Wrote  : <D:\proyectosep2\IEE2463-SEP-Proyecto-2-Z8\music_player\music_player\music_player.srcs\sources_1\bd\design_1\design_1.bd> 
VHDL Output written to : D:/proyectosep2/IEE2463-SEP-Proyecto-2-Z8/music_player/music_player/music_player.srcs/sources_1/bd/design_1/synth/design_1.vhd
VHDL Output written to : D:/proyectosep2/IEE2463-SEP-Proyecto-2-Z8/music_player/music_player/music_player.srcs/sources_1/bd/design_1/sim/design_1.vhd
VHDL Output written to : D:/proyectosep2/IEE2463-SEP-Proyecto-2-Z8/music_player/music_player/music_player.srcs/sources_1/bd/design_1/hdl/design_1_wrapper.vhd
INFO: [BD 41-1029] Generation completed for the IP Integrator block axi_gpio_0 .
INFO: [BD 41-1029] Generation completed for the IP Integrator block proportional_pwm_0 .
WARNING: [IP_Flow 19-4994] Overwriting existing constraint file 'd:/proyectosep2/IEE2463-SEP-Proyecto-2-Z8/music_player/music_player/music_player.srcs/sources_1/bd/design_1/ip/design_1_ila_1_0/design_1_ila_1_0_ooc.xdc'
INFO: [BD 41-1029] Generation completed for the IP Integrator block ila_1 .
WARNING: [IP_Flow 19-4994] Overwriting existing constraint file 'd:/proyectosep2/IEE2463-SEP-Proyecto-2-Z8/music_player/music_player/music_player.srcs/sources_1/bd/design_1/ip/design_1_auto_pc_0/design_1_auto_pc_0_ooc.xdc'
INFO: [BD 41-1029] Generation completed for the IP Integrator block ps7_0_axi_periph/s00_couplers/auto_pc .
Exporting to file D:/proyectosep2/IEE2463-SEP-Proyecto-2-Z8/music_player/music_player/music_player.srcs/sources_1/bd/design_1/hw_handoff/design_1.hwh
Generated Block Design Tcl file D:/proyectosep2/IEE2463-SEP-Proyecto-2-Z8/music_player/music_player/music_player.srcs/sources_1/bd/design_1/hw_handoff/design_1_bd.tcl
Generated Hardware Definition File D:/proyectosep2/IEE2463-SEP-Proyecto-2-Z8/music_player/music_player/music_player.srcs/sources_1/bd/design_1/synth/design_1.hwdef
INFO: [IP_Flow 19-4993] Using cached IP synthesis design for IP design_1_auto_pc_0, cache-ID = f0066fce20473567; cache size = 38.492 MB.
[Sat May 31 01:32:35 2025] Launched design_1_axi_gpio_0_0_synth_1, design_1_ila_1_0_synth_1, design_1_proportional_pwm_0_0_synth_1, synth_1...
Run output will be captured here:
design_1_axi_gpio_0_0_synth_1: D:/proyectosep2/IEE2463-SEP-Proyecto-2-Z8/music_player/music_player/music_player.runs/design_1_axi_gpio_0_0_synth_1/runme.log
design_1_ila_1_0_synth_1: D:/proyectosep2/IEE2463-SEP-Proyecto-2-Z8/music_player/music_player/music_player.runs/design_1_ila_1_0_synth_1/runme.log
design_1_proportional_pwm_0_0_synth_1: D:/proyectosep2/IEE2463-SEP-Proyecto-2-Z8/music_player/music_player/music_player.runs/design_1_proportional_pwm_0_0_synth_1/runme.log
synth_1: D:/proyectosep2/IEE2463-SEP-Proyecto-2-Z8/music_player/music_player/music_player.runs/synth_1/runme.log
[Sat May 31 01:32:35 2025] Launched impl_1...
Run output will be captured here: D:/proyectosep2/IEE2463-SEP-Proyecto-2-Z8/music_player/music_player/music_player.runs/impl_1/runme.log
launch_runs: Time (s): cpu = 00:00:05 ; elapsed = 00:00:12 . Memory (MB): peak = 1721.164 ; gain = 1.402
set_property pfm_name {} [get_files -all {D:/proyectosep2/IEE2463-SEP-Proyecto-2-Z8/music_player/music_player/music_player.srcs/sources_1/bd/design_1/design_1.bd}]
write_hw_platform -fixed -include_bit -force -file D:/proyectosep2/IEE2463-SEP-Proyecto-2-Z8/music_player/music_player/design_1_wrapper.xsa
INFO: [Vivado 12-4895] Creating Hardware Platform: D:/proyectosep2/IEE2463-SEP-Proyecto-2-Z8/music_player/music_player/design_1_wrapper.xsa ...
WARNING: [Project 1-645] Board images not set in Hardware Platform.
INFO: [Vivado 12-4896] Successfully created Hardware Platform: D:/proyectosep2/IEE2463-SEP-Proyecto-2-Z8/music_player/music_player/design_1_wrapper.xsa
write_hw_platform: Time (s): cpu = 00:00:08 ; elapsed = 00:00:08 . Memory (MB): peak = 1746.660 ; gain = 25.496
update_module_reference design_1_proportional_pwm_0_0
INFO: [IP_Flow 19-5107] Inferred bus interface 'clk' of definition 'xilinx.com:signal:clock:1.0' (from Xilinx Repository).
WARNING: [IP_Flow 19-5661] Bus Interface 'clk' does not have any bus interfaces associated with it.
INFO: [IP_Flow 19-234] Refreshing IP repositories
INFO: [IP_Flow 19-1704] No user IP repositories specified
Upgrading 'D:/proyectosep2/IEE2463-SEP-Proyecto-2-Z8/music_player/music_player/music_player.srcs/sources_1/bd/design_1/design_1.bd'
INFO: [IP_Flow 19-1972] Upgraded design_1_proportional_pwm_0_0 from proportional_pwm_v1_0 1.0 to proportional_pwm_v1_0 1.0
Wrote  : <D:\proyectosep2\IEE2463-SEP-Proyecto-2-Z8\music_player\music_player\music_player.srcs\sources_1\bd\design_1\design_1.bd> 
Wrote  : <D:/proyectosep2/IEE2463-SEP-Proyecto-2-Z8/music_player/music_player/music_player.srcs/sources_1/bd/design_1/ui/bd_1f5defd0.ui> 
reset_run synth_1
launch_runs impl_1 -to_step write_bitstream -jobs 6
Wrote  : <D:\proyectosep2\IEE2463-SEP-Proyecto-2-Z8\music_player\music_player\music_player.srcs\sources_1\bd\design_1\design_1.bd> 
VHDL Output written to : D:/proyectosep2/IEE2463-SEP-Proyecto-2-Z8/music_player/music_player/music_player.srcs/sources_1/bd/design_1/synth/design_1.vhd
VHDL Output written to : D:/proyectosep2/IEE2463-SEP-Proyecto-2-Z8/music_player/music_player/music_player.srcs/sources_1/bd/design_1/sim/design_1.vhd
VHDL Output written to : D:/proyectosep2/IEE2463-SEP-Proyecto-2-Z8/music_player/music_player/music_player.srcs/sources_1/bd/design_1/hdl/design_1_wrapper.vhd
INFO: [BD 41-1029] Generation completed for the IP Integrator block proportional_pwm_0 .
WARNING: [IP_Flow 19-4994] Overwriting existing constraint file 'd:/proyectosep2/IEE2463-SEP-Proyecto-2-Z8/music_player/music_player/music_player.srcs/sources_1/bd/design_1/ip/design_1_auto_pc_0/design_1_auto_pc_0_ooc.xdc'
INFO: [BD 41-1029] Generation completed for the IP Integrator block ps7_0_axi_periph/s00_couplers/auto_pc .
Exporting to file D:/proyectosep2/IEE2463-SEP-Proyecto-2-Z8/music_player/music_player/music_player.srcs/sources_1/bd/design_1/hw_handoff/design_1.hwh
Generated Block Design Tcl file D:/proyectosep2/IEE2463-SEP-Proyecto-2-Z8/music_player/music_player/music_player.srcs/sources_1/bd/design_1/hw_handoff/design_1_bd.tcl
Generated Hardware Definition File D:/proyectosep2/IEE2463-SEP-Proyecto-2-Z8/music_player/music_player/music_player.srcs/sources_1/bd/design_1/synth/design_1.hwdef
INFO: [IP_Flow 19-4993] Using cached IP synthesis design for IP design_1_auto_pc_0, cache-ID = f0066fce20473567; cache size = 44.843 MB.
[Sat May 31 01:52:10 2025] Launched design_1_proportional_pwm_0_0_synth_1, synth_1...
Run output will be captured here:
design_1_proportional_pwm_0_0_synth_1: D:/proyectosep2/IEE2463-SEP-Proyecto-2-Z8/music_player/music_player/music_player.runs/design_1_proportional_pwm_0_0_synth_1/runme.log
synth_1: D:/proyectosep2/IEE2463-SEP-Proyecto-2-Z8/music_player/music_player/music_player.runs/synth_1/runme.log
[Sat May 31 01:52:10 2025] Launched impl_1...
Run output will be captured here: D:/proyectosep2/IEE2463-SEP-Proyecto-2-Z8/music_player/music_player/music_player.runs/impl_1/runme.log
launch_runs: Time (s): cpu = 00:00:12 ; elapsed = 00:00:17 . Memory (MB): peak = 1760.297 ; gain = 0.000
set_property pfm_name {} [get_files -all {D:/proyectosep2/IEE2463-SEP-Proyecto-2-Z8/music_player/music_player/music_player.srcs/sources_1/bd/design_1/design_1.bd}]
write_hw_platform -fixed -include_bit -force -file D:/proyectosep2/IEE2463-SEP-Proyecto-2-Z8/music_player/music_player/design_1_wrapper.xsa
INFO: [Vivado 12-4895] Creating Hardware Platform: D:/proyectosep2/IEE2463-SEP-Proyecto-2-Z8/music_player/music_player/design_1_wrapper.xsa ...
WARNING: [Project 1-645] Board images not set in Hardware Platform.
INFO: [Vivado 12-4896] Successfully created Hardware Platform: D:/proyectosep2/IEE2463-SEP-Proyecto-2-Z8/music_player/music_player/design_1_wrapper.xsa
write_hw_platform: Time (s): cpu = 00:00:08 ; elapsed = 00:00:07 . Memory (MB): peak = 1760.297 ; gain = 0.000
update_module_reference design_1_proportional_pwm_0_0
INFO: [IP_Flow 19-5107] Inferred bus interface 'clk' of definition 'xilinx.com:signal:clock:1.0' (from Xilinx Repository).
WARNING: [IP_Flow 19-5661] Bus Interface 'clk' does not have any bus interfaces associated with it.
INFO: [IP_Flow 19-234] Refreshing IP repositories
INFO: [IP_Flow 19-1704] No user IP repositories specified
Upgrading 'D:/proyectosep2/IEE2463-SEP-Proyecto-2-Z8/music_player/music_player/music_player.srcs/sources_1/bd/design_1/design_1.bd'
INFO: [IP_Flow 19-1972] Upgraded design_1_proportional_pwm_0_0 from proportional_pwm_v1_0 1.0 to proportional_pwm_v1_0 1.0
Wrote  : <D:\proyectosep2\IEE2463-SEP-Proyecto-2-Z8\music_player\music_player\music_player.srcs\sources_1\bd\design_1\design_1.bd> 
Wrote  : <D:/proyectosep2/IEE2463-SEP-Proyecto-2-Z8/music_player/music_player/music_player.srcs/sources_1/bd/design_1/ui/bd_1f5defd0.ui> 
reset_run synth_1
launch_runs impl_1 -to_step write_bitstream -jobs 6
Wrote  : <D:\proyectosep2\IEE2463-SEP-Proyecto-2-Z8\music_player\music_player\music_player.srcs\sources_1\bd\design_1\design_1.bd> 
VHDL Output written to : D:/proyectosep2/IEE2463-SEP-Proyecto-2-Z8/music_player/music_player/music_player.srcs/sources_1/bd/design_1/synth/design_1.vhd
VHDL Output written to : D:/proyectosep2/IEE2463-SEP-Proyecto-2-Z8/music_player/music_player/music_player.srcs/sources_1/bd/design_1/sim/design_1.vhd
VHDL Output written to : D:/proyectosep2/IEE2463-SEP-Proyecto-2-Z8/music_player/music_player/music_player.srcs/sources_1/bd/design_1/hdl/design_1_wrapper.vhd
INFO: [BD 41-1029] Generation completed for the IP Integrator block proportional_pwm_0 .
WARNING: [IP_Flow 19-4994] Overwriting existing constraint file 'd:/proyectosep2/IEE2463-SEP-Proyecto-2-Z8/music_player/music_player/music_player.srcs/sources_1/bd/design_1/ip/design_1_auto_pc_0/design_1_auto_pc_0_ooc.xdc'
INFO: [BD 41-1029] Generation completed for the IP Integrator block ps7_0_axi_periph/s00_couplers/auto_pc .
Exporting to file D:/proyectosep2/IEE2463-SEP-Proyecto-2-Z8/music_player/music_player/music_player.srcs/sources_1/bd/design_1/hw_handoff/design_1.hwh
Generated Block Design Tcl file D:/proyectosep2/IEE2463-SEP-Proyecto-2-Z8/music_player/music_player/music_player.srcs/sources_1/bd/design_1/hw_handoff/design_1_bd.tcl
Generated Hardware Definition File D:/proyectosep2/IEE2463-SEP-Proyecto-2-Z8/music_player/music_player/music_player.srcs/sources_1/bd/design_1/synth/design_1.hwdef
INFO: [IP_Flow 19-4993] Using cached IP synthesis design for IP design_1_auto_pc_0, cache-ID = f0066fce20473567; cache size = 44.843 MB.
[Sat May 31 02:06:11 2025] Launched design_1_proportional_pwm_0_0_synth_1, synth_1...
Run output will be captured here:
design_1_proportional_pwm_0_0_synth_1: D:/proyectosep2/IEE2463-SEP-Proyecto-2-Z8/music_player/music_player/music_player.runs/design_1_proportional_pwm_0_0_synth_1/runme.log
synth_1: D:/proyectosep2/IEE2463-SEP-Proyecto-2-Z8/music_player/music_player/music_player.runs/synth_1/runme.log
[Sat May 31 02:06:11 2025] Launched impl_1...
Run output will be captured here: D:/proyectosep2/IEE2463-SEP-Proyecto-2-Z8/music_player/music_player/music_player.runs/impl_1/runme.log
launch_runs: Time (s): cpu = 00:00:13 ; elapsed = 00:00:18 . Memory (MB): peak = 1772.141 ; gain = 0.523
set_property pfm_name {} [get_files -all {D:/proyectosep2/IEE2463-SEP-Proyecto-2-Z8/music_player/music_player/music_player.srcs/sources_1/bd/design_1/design_1.bd}]
write_hw_platform -fixed -include_bit -force -file D:/proyectosep2/IEE2463-SEP-Proyecto-2-Z8/music_player/music_player/design_1_wrapper.xsa
INFO: [Vivado 12-4895] Creating Hardware Platform: D:/proyectosep2/IEE2463-SEP-Proyecto-2-Z8/music_player/music_player/design_1_wrapper.xsa ...
WARNING: [Project 1-645] Board images not set in Hardware Platform.
INFO: [Vivado 12-4896] Successfully created Hardware Platform: D:/proyectosep2/IEE2463-SEP-Proyecto-2-Z8/music_player/music_player/design_1_wrapper.xsa
write_hw_platform: Time (s): cpu = 00:00:08 ; elapsed = 00:00:09 . Memory (MB): peak = 1773.309 ; gain = 1.168
update_module_reference design_1_proportional_pwm_0_0
INFO: [IP_Flow 19-5107] Inferred bus interface 'clk' of definition 'xilinx.com:signal:clock:1.0' (from Xilinx Repository).
WARNING: [IP_Flow 19-5661] Bus Interface 'clk' does not have any bus interfaces associated with it.
INFO: [IP_Flow 19-234] Refreshing IP repositories
INFO: [IP_Flow 19-1704] No user IP repositories specified
Upgrading 'D:/proyectosep2/IEE2463-SEP-Proyecto-2-Z8/music_player/music_player/music_player.srcs/sources_1/bd/design_1/design_1.bd'
INFO: [IP_Flow 19-1972] Upgraded design_1_proportional_pwm_0_0 from proportional_pwm_v1_0 1.0 to proportional_pwm_v1_0 1.0
WARNING: [IP_Flow 19-4706] Upgraded port 'dividend' width 12 differs from original width 8
WARNING: [IP_Flow 19-3298] Detected external port differences while upgrading 'design_1_proportional_pwm_0_0'. These changes may impact your design.
CRITICAL WARNING: [Coretcl 2-1280] The upgrade of 'design_1_proportional_pwm_0_0' has identified issues that may require user intervention. Please verify that the instance is correctly configured, and review any upgrade messages.
Wrote  : <D:\proyectosep2\IEE2463-SEP-Proyecto-2-Z8\music_player\music_player\music_player.srcs\sources_1\bd\design_1\design_1.bd> 
update_module_reference: Time (s): cpu = 00:00:01 ; elapsed = 00:00:05 . Memory (MB): peak = 1786.012 ; gain = 12.703
WARNING: [IP_Flow 19-4067] Ignoring invalid widget type specified checkbox.Providing a default widget
startgroup
set_property -dict [list CONFIG.C_PROBE1_WIDTH {12}] [get_bd_cells ila_1]
endgroup
startgroup
set_property -dict [list CONFIG.C_GPIO2_WIDTH {12}] [get_bd_cells axi_gpio_0]
endgroup
export_ip_user_files -of_objects  [get_files D:/proyectosep2/IEE2463-SEP-Proyecto-2-Z8/music_player/music_player/music_player.srcs/sources_1/bd/design_1/hdl/design_1_wrapper.vhd] -no_script -reset -force -quiet
remove_files  D:/proyectosep2/IEE2463-SEP-Proyecto-2-Z8/music_player/music_player/music_player.srcs/sources_1/bd/design_1/hdl/design_1_wrapper.vhd
save_bd_design
Wrote  : <D:\proyectosep2\IEE2463-SEP-Proyecto-2-Z8\music_player\music_player\music_player.srcs\sources_1\bd\design_1\design_1.bd> 
Wrote  : <D:/proyectosep2/IEE2463-SEP-Proyecto-2-Z8/music_player/music_player/music_player.srcs/sources_1/bd/design_1/ui/bd_1f5defd0.ui> 
make_wrapper -files [get_files D:/proyectosep2/IEE2463-SEP-Proyecto-2-Z8/music_player/music_player/music_player.srcs/sources_1/bd/design_1/design_1.bd] -top
Wrote  : <D:\proyectosep2\IEE2463-SEP-Proyecto-2-Z8\music_player\music_player\music_player.srcs\sources_1\bd\design_1\design_1.bd> 
VHDL Output written to : D:/proyectosep2/IEE2463-SEP-Proyecto-2-Z8/music_player/music_player/music_player.srcs/sources_1/bd/design_1/synth/design_1.vhd
VHDL Output written to : D:/proyectosep2/IEE2463-SEP-Proyecto-2-Z8/music_player/music_player/music_player.srcs/sources_1/bd/design_1/sim/design_1.vhd
VHDL Output written to : D:/proyectosep2/IEE2463-SEP-Proyecto-2-Z8/music_player/music_player/music_player.srcs/sources_1/bd/design_1/hdl/design_1_wrapper.vhd
make_wrapper: Time (s): cpu = 00:00:07 ; elapsed = 00:00:07 . Memory (MB): peak = 1786.902 ; gain = 0.891
add_files -norecurse D:/proyectosep2/IEE2463-SEP-Proyecto-2-Z8/music_player/music_player/music_player.srcs/sources_1/bd/design_1/hdl/design_1_wrapper.vhd
update_compile_order -fileset sources_1
update_compile_order -fileset sources_1
reset_run synth_1
reset_run design_1_axi_gpio_0_0_synth_1
reset_run design_1_ila_1_0_synth_1
launch_runs impl_1 -to_step write_bitstream -jobs 6
INFO: [BD 41-1662] The design 'design_1.bd' is already validated. Therefore parameter propagation will not be re-run.
Wrote  : <D:\proyectosep2\IEE2463-SEP-Proyecto-2-Z8\music_player\music_player\music_player.srcs\sources_1\bd\design_1\design_1.bd> 
Wrote  : <D:/proyectosep2/IEE2463-SEP-Proyecto-2-Z8/music_player/music_player/music_player.srcs/sources_1/bd/design_1/ui/bd_1f5defd0.ui> 
VHDL Output written to : D:/proyectosep2/IEE2463-SEP-Proyecto-2-Z8/music_player/music_player/music_player.srcs/sources_1/bd/design_1/synth/design_1.vhd
VHDL Output written to : D:/proyectosep2/IEE2463-SEP-Proyecto-2-Z8/music_player/music_player/music_player.srcs/sources_1/bd/design_1/sim/design_1.vhd
VHDL Output written to : D:/proyectosep2/IEE2463-SEP-Proyecto-2-Z8/music_player/music_player/music_player.srcs/sources_1/bd/design_1/hdl/design_1_wrapper.vhd
INFO: [BD 41-1029] Generation completed for the IP Integrator block axi_gpio_0 .
INFO: [BD 41-1029] Generation completed for the IP Integrator block proportional_pwm_0 .
WARNING: [IP_Flow 19-4994] Overwriting existing constraint file 'd:/proyectosep2/IEE2463-SEP-Proyecto-2-Z8/music_player/music_player/music_player.srcs/sources_1/bd/design_1/ip/design_1_ila_1_0/design_1_ila_1_0_ooc.xdc'
INFO: [BD 41-1029] Generation completed for the IP Integrator block ila_1 .
WARNING: [IP_Flow 19-4994] Overwriting existing constraint file 'd:/proyectosep2/IEE2463-SEP-Proyecto-2-Z8/music_player/music_player/music_player.srcs/sources_1/bd/design_1/ip/design_1_auto_pc_0/design_1_auto_pc_0_ooc.xdc'
INFO: [BD 41-1029] Generation completed for the IP Integrator block ps7_0_axi_periph/s00_couplers/auto_pc .
Exporting to file D:/proyectosep2/IEE2463-SEP-Proyecto-2-Z8/music_player/music_player/music_player.srcs/sources_1/bd/design_1/hw_handoff/design_1.hwh
Generated Block Design Tcl file D:/proyectosep2/IEE2463-SEP-Proyecto-2-Z8/music_player/music_player/music_player.srcs/sources_1/bd/design_1/hw_handoff/design_1_bd.tcl
Generated Hardware Definition File D:/proyectosep2/IEE2463-SEP-Proyecto-2-Z8/music_player/music_player/music_player.srcs/sources_1/bd/design_1/synth/design_1.hwdef
INFO: [IP_Flow 19-4993] Using cached IP synthesis design for IP design_1_auto_pc_0, cache-ID = f0066fce20473567; cache size = 44.843 MB.
[Sat May 31 02:36:45 2025] Launched design_1_axi_gpio_0_0_synth_1, design_1_ila_1_0_synth_1, design_1_proportional_pwm_0_0_synth_1, synth_1...
Run output will be captured here:
design_1_axi_gpio_0_0_synth_1: D:/proyectosep2/IEE2463-SEP-Proyecto-2-Z8/music_player/music_player/music_player.runs/design_1_axi_gpio_0_0_synth_1/runme.log
design_1_ila_1_0_synth_1: D:/proyectosep2/IEE2463-SEP-Proyecto-2-Z8/music_player/music_player/music_player.runs/design_1_ila_1_0_synth_1/runme.log
design_1_proportional_pwm_0_0_synth_1: D:/proyectosep2/IEE2463-SEP-Proyecto-2-Z8/music_player/music_player/music_player.runs/design_1_proportional_pwm_0_0_synth_1/runme.log
synth_1: D:/proyectosep2/IEE2463-SEP-Proyecto-2-Z8/music_player/music_player/music_player.runs/synth_1/runme.log
[Sat May 31 02:36:45 2025] Launched impl_1...
Run output will be captured here: D:/proyectosep2/IEE2463-SEP-Proyecto-2-Z8/music_player/music_player/music_player.runs/impl_1/runme.log
launch_runs: Time (s): cpu = 00:00:04 ; elapsed = 00:00:09 . Memory (MB): peak = 1787.223 ; gain = 0.320
set_property pfm_name {} [get_files -all {D:/proyectosep2/IEE2463-SEP-Proyecto-2-Z8/music_player/music_player/music_player.srcs/sources_1/bd/design_1/design_1.bd}]
write_hw_platform -fixed -include_bit -force -file D:/proyectosep2/IEE2463-SEP-Proyecto-2-Z8/music_player/music_player/design_1_wrapper.xsa
INFO: [Vivado 12-4895] Creating Hardware Platform: D:/proyectosep2/IEE2463-SEP-Proyecto-2-Z8/music_player/music_player/design_1_wrapper.xsa ...
WARNING: [Project 1-645] Board images not set in Hardware Platform.
INFO: [Vivado 12-4896] Successfully created Hardware Platform: D:/proyectosep2/IEE2463-SEP-Proyecto-2-Z8/music_player/music_player/design_1_wrapper.xsa
write_hw_platform: Time (s): cpu = 00:00:09 ; elapsed = 00:00:09 . Memory (MB): peak = 1795.973 ; gain = 8.750
startgroup
create_bd_cell -type ip -vlnv xilinx.com:ip:clk_wiz:6.0 clk_wiz_0
endgroup
delete_bd_objs [get_bd_cells clk_wiz_0]
update_module_reference design_1_proportional_pwm_0_0
INFO: [IP_Flow 19-5107] Inferred bus interface 'clk' of definition 'xilinx.com:signal:clock:1.0' (from Xilinx Repository).
WARNING: [IP_Flow 19-5661] Bus Interface 'clk' does not have any bus interfaces associated with it.
INFO: [IP_Flow 19-234] Refreshing IP repositories
INFO: [IP_Flow 19-1704] No user IP repositories specified
Upgrading 'D:/proyectosep2/IEE2463-SEP-Proyecto-2-Z8/music_player/music_player/music_player.srcs/sources_1/bd/design_1/design_1.bd'
INFO: [IP_Flow 19-1972] Upgraded design_1_proportional_pwm_0_0 from proportional_pwm_v1_0 1.0 to proportional_pwm_v1_0 1.0
WARNING: [IP_Flow 19-4706] Upgraded port 'dividend' width 8 differs from original width 12
WARNING: [IP_Flow 19-3298] Detected external port differences while upgrading 'design_1_proportional_pwm_0_0'. These changes may impact your design.
CRITICAL WARNING: [Coretcl 2-1280] The upgrade of 'design_1_proportional_pwm_0_0' has identified issues that may require user intervention. Please verify that the instance is correctly configured, and review any upgrade messages.
Wrote  : <D:\proyectosep2\IEE2463-SEP-Proyecto-2-Z8\music_player\music_player\music_player.srcs\sources_1\bd\design_1\design_1.bd> 
Wrote  : <D:/proyectosep2/IEE2463-SEP-Proyecto-2-Z8/music_player/music_player/music_player.srcs/sources_1/bd/design_1/ui/bd_1f5defd0.ui> 
WARNING: [IP_Flow 19-4067] Ignoring invalid widget type specified checkbox.Providing a default widget
startgroup
set_property -dict [list CONFIG.C_PROBE1_WIDTH {128}] [get_bd_cells ila_1]
endgroup
startgroup
set_property -dict [list CONFIG.C_GPIO2_WIDTH {8}] [get_bd_cells axi_gpio_0]
endgroup
WARNING: [IP_Flow 19-4067] Ignoring invalid widget type specified checkbox.Providing a default widget
startgroup
set_property -dict [list CONFIG.C_PROBE1_WIDTH {8}] [get_bd_cells ila_1]
endgroup
validate_bd_design
validate_bd_design: Time (s): cpu = 00:00:07 ; elapsed = 00:00:07 . Memory (MB): peak = 1947.855 ; gain = 14.512
save_bd_design
Wrote  : <D:\proyectosep2\IEE2463-SEP-Proyecto-2-Z8\music_player\music_player\music_player.srcs\sources_1\bd\design_1\design_1.bd> 
Wrote  : <D:/proyectosep2/IEE2463-SEP-Proyecto-2-Z8/music_player/music_player/music_player.srcs/sources_1/bd/design_1/ui/bd_1f5defd0.ui> 
export_ip_user_files -of_objects  [get_files D:/proyectosep2/IEE2463-SEP-Proyecto-2-Z8/music_player/music_player/music_player.srcs/sources_1/bd/design_1/hdl/design_1_wrapper.vhd] -no_script -reset -force -quiet
remove_files  D:/proyectosep2/IEE2463-SEP-Proyecto-2-Z8/music_player/music_player/music_player.srcs/sources_1/bd/design_1/hdl/design_1_wrapper.vhd
update_compile_order -fileset sources_1
make_wrapper -files [get_files D:/proyectosep2/IEE2463-SEP-Proyecto-2-Z8/music_player/music_player/music_player.srcs/sources_1/bd/design_1/design_1.bd] -top
INFO: [BD 41-1662] The design 'design_1.bd' is already validated. Therefore parameter propagation will not be re-run.
VHDL Output written to : D:/proyectosep2/IEE2463-SEP-Proyecto-2-Z8/music_player/music_player/music_player.srcs/sources_1/bd/design_1/synth/design_1.vhd
VHDL Output written to : D:/proyectosep2/IEE2463-SEP-Proyecto-2-Z8/music_player/music_player/music_player.srcs/sources_1/bd/design_1/sim/design_1.vhd
VHDL Output written to : D:/proyectosep2/IEE2463-SEP-Proyecto-2-Z8/music_player/music_player/music_player.srcs/sources_1/bd/design_1/hdl/design_1_wrapper.vhd
add_files -norecurse D:/proyectosep2/IEE2463-SEP-Proyecto-2-Z8/music_player/music_player/music_player.srcs/sources_1/bd/design_1/hdl/design_1_wrapper.vhd
update_compile_order -fileset sources_1
set_property top design_1_wrapper [current_fileset]
update_compile_order -fileset sources_1
reset_run synth_1
reset_run design_1_axi_gpio_0_0_synth_1
reset_run design_1_ila_1_0_synth_1
launch_runs impl_1 -to_step write_bitstream -jobs 6
INFO: [BD 41-1662] The design 'design_1.bd' is already validated. Therefore parameter propagation will not be re-run.
Wrote  : <D:\proyectosep2\IEE2463-SEP-Proyecto-2-Z8\music_player\music_player\music_player.srcs\sources_1\bd\design_1\design_1.bd> 
VHDL Output written to : D:/proyectosep2/IEE2463-SEP-Proyecto-2-Z8/music_player/music_player/music_player.srcs/sources_1/bd/design_1/synth/design_1.vhd
VHDL Output written to : D:/proyectosep2/IEE2463-SEP-Proyecto-2-Z8/music_player/music_player/music_player.srcs/sources_1/bd/design_1/sim/design_1.vhd
VHDL Output written to : D:/proyectosep2/IEE2463-SEP-Proyecto-2-Z8/music_player/music_player/music_player.srcs/sources_1/bd/design_1/hdl/design_1_wrapper.vhd
INFO: [BD 41-1029] Generation completed for the IP Integrator block axi_gpio_0 .
INFO: [BD 41-1029] Generation completed for the IP Integrator block proportional_pwm_0 .
WARNING: [IP_Flow 19-4994] Overwriting existing constraint file 'd:/proyectosep2/IEE2463-SEP-Proyecto-2-Z8/music_player/music_player/music_player.srcs/sources_1/bd/design_1/ip/design_1_ila_1_0/design_1_ila_1_0_ooc.xdc'
INFO: [BD 41-1029] Generation completed for the IP Integrator block ila_1 .
WARNING: [IP_Flow 19-4994] Overwriting existing constraint file 'd:/proyectosep2/IEE2463-SEP-Proyecto-2-Z8/music_player/music_player/music_player.srcs/sources_1/bd/design_1/ip/design_1_auto_pc_0/design_1_auto_pc_0_ooc.xdc'
INFO: [BD 41-1029] Generation completed for the IP Integrator block ps7_0_axi_periph/s00_couplers/auto_pc .
Exporting to file D:/proyectosep2/IEE2463-SEP-Proyecto-2-Z8/music_player/music_player/music_player.srcs/sources_1/bd/design_1/hw_handoff/design_1.hwh
Generated Block Design Tcl file D:/proyectosep2/IEE2463-SEP-Proyecto-2-Z8/music_player/music_player/music_player.srcs/sources_1/bd/design_1/hw_handoff/design_1_bd.tcl
Generated Hardware Definition File D:/proyectosep2/IEE2463-SEP-Proyecto-2-Z8/music_player/music_player/music_player.srcs/sources_1/bd/design_1/synth/design_1.hwdef
INFO: [IP_Flow 19-4993] Using cached IP synthesis design for IP design_1_auto_pc_0, cache-ID = f0066fce20473567; cache size = 51.293 MB.
INFO: [IP_Flow 19-4993] Using cached IP synthesis design for IP design_1_axi_gpio_0_0, cache-ID = df94dfb05ac71f45; cache size = 51.293 MB.
INFO: [IP_Flow 19-4993] Using cached IP synthesis design for IP design_1_ila_1_0, cache-ID = 417dfb8074adb194; cache size = 51.293 MB.
[Sat May 31 03:23:16 2025] Launched design_1_proportional_pwm_0_0_synth_1, synth_1...
Run output will be captured here:
design_1_proportional_pwm_0_0_synth_1: D:/proyectosep2/IEE2463-SEP-Proyecto-2-Z8/music_player/music_player/music_player.runs/design_1_proportional_pwm_0_0_synth_1/runme.log
synth_1: D:/proyectosep2/IEE2463-SEP-Proyecto-2-Z8/music_player/music_player/music_player.runs/synth_1/runme.log
[Sat May 31 03:23:16 2025] Launched impl_1...
Run output will be captured here: D:/proyectosep2/IEE2463-SEP-Proyecto-2-Z8/music_player/music_player/music_player.runs/impl_1/runme.log
launch_runs: Time (s): cpu = 00:00:08 ; elapsed = 00:00:11 . Memory (MB): peak = 1948.301 ; gain = 0.445
set_property pfm_name {} [get_files -all {D:/proyectosep2/IEE2463-SEP-Proyecto-2-Z8/music_player/music_player/music_player.srcs/sources_1/bd/design_1/design_1.bd}]
write_hw_platform -fixed -include_bit -force -file D:/proyectosep2/IEE2463-SEP-Proyecto-2-Z8/music_player/music_player/design_1_wrapper.xsa
INFO: [Vivado 12-4895] Creating Hardware Platform: D:/proyectosep2/IEE2463-SEP-Proyecto-2-Z8/music_player/music_player/design_1_wrapper.xsa ...
WARNING: [Project 1-645] Board images not set in Hardware Platform.
INFO: [Vivado 12-4896] Successfully created Hardware Platform: D:/proyectosep2/IEE2463-SEP-Proyecto-2-Z8/music_player/music_player/design_1_wrapper.xsa
write_hw_platform: Time (s): cpu = 00:00:12 ; elapsed = 00:00:12 . Memory (MB): peak = 1989.742 ; gain = 41.441
exit
INFO: [Common 17-206] Exiting Vivado at Sat May 31 03:51:07 2025...
