#-----------------------------------------------------------
# Vivado v2020.1 (64-bit)
# SW Build 2902540 on Wed May 27 19:54:49 MDT 2020
# IP Build 2902112 on Wed May 27 22:43:36 MDT 2020
# Start of session at: Mon May 26 22:05:34 2025
# Process ID: 18804
# Current directory: D:/proyectosep2/IEE2463-SEP-Proyecto-2-Z8/music_player/music_player
# Command line: vivado.exe -gui_launcher_event rodinguilauncherevent3516 D:\proyectosep2\IEE2463-SEP-Proyecto-2-Z8\music_player\music_player\music_player.xpr
# Log file: D:/proyectosep2/IEE2463-SEP-Proyecto-2-Z8/music_player/music_player/vivado.log
# Journal file: D:/proyectosep2/IEE2463-SEP-Proyecto-2-Z8/music_player/music_player\vivado.jou
#-----------------------------------------------------------
start_gui
open_project D:/proyectosep2/IEE2463-SEP-Proyecto-2-Z8/music_player/music_player/music_player.xpr
Scanning sources...
Finished scanning sources
INFO: [IP_Flow 19-234] Refreshing IP repositories
INFO: [IP_Flow 19-1704] No user IP repositories specified
INFO: [IP_Flow 19-2313] Loaded Vivado IP repository 'D:/Xilinx/Vivado/2020.1/data/ip'.
open_project: Time (s): cpu = 00:00:29 ; elapsed = 00:00:45 . Memory (MB): peak = 994.969 ; gain = 0.000
update_compile_order -fileset sources_1
set_property pfm_name {} [get_files -all {D:/proyectosep2/IEE2463-SEP-Proyecto-2-Z8/music_player/music_player/music_player.srcs/sources_1/bd/design_1/design_1.bd}]
write_hw_platform -fixed -include_bit -force -file D:/proyectosep2/IEE2463-SEP-Proyecto-2-Z8/music_player/music_player/design_1_wrapper.xsa
INFO: [Vivado 12-4895] Creating Hardware Platform: D:/proyectosep2/IEE2463-SEP-Proyecto-2-Z8/music_player/music_player/design_1_wrapper.xsa ...
INFO: [Hsi 55-2053] elapsed time for repository (D:/Xilinx/Vivado/2020.1/data\embeddedsw) loading 3 seconds
WARNING: [Project 1-645] Board images not set in Hardware Platform.
INFO: [Vivado 12-4896] Successfully created Hardware Platform: D:/proyectosep2/IEE2463-SEP-Proyecto-2-Z8/music_player/music_player/design_1_wrapper.xsa
write_hw_platform: Time (s): cpu = 00:00:15 ; elapsed = 00:00:19 . Memory (MB): peak = 1177.012 ; gain = 50.094
INFO: [Vivado 12-8231] Launching Vitis
INFO: [Vivado 12-417] Running vitis
INFO: [Vivado 12-8232] Vitis launch initiated. Please check console for any further messages.
open_bd_design {D:/proyectosep2/IEE2463-SEP-Proyecto-2-Z8/music_player/music_player/music_player.srcs/sources_1/bd/design_1/design_1.bd}
Adding component instance block -- xilinx.com:ip:processing_system7:5.5 - processing_system7_0
WARNING: [BD 41-176] The physical port 'S_AXI_GP2_rd_socket' specified in the portmap, is not found on the block! 
WARNING: [BD 41-176] The physical port 'S_AXI_GP2_wr_socket' specified in the portmap, is not found on the block! 
WARNING: [BD 41-176] The physical port 'S_AXI_GP3_rd_socket' specified in the portmap, is not found on the block! 
WARNING: [BD 41-176] The physical port 'S_AXI_GP3_wr_socket' specified in the portmap, is not found on the block! 
Adding component instance block -- xilinx.com:ip:axi_timer:2.0 - axi_timer_0
Adding component instance block -- xilinx.com:ip:axi_gpio:2.0 - axi_gpio_0
Adding component instance block -- xilinx.com:ip:axi_interconnect:2.1 - ps7_0_axi_periph
Adding component instance block -- xilinx.com:ip:axi_crossbar:2.1 - xbar
Adding component instance block -- xilinx.com:ip:axi_protocol_converter:2.1 - auto_pc
Adding component instance block -- xilinx.com:ip:proc_sys_reset:5.0 - rst_ps7_0_50M
Adding component instance block -- xilinx.com:module_ref:proportional_pwm:1.0 - proportional_pwm_0
Successfully read diagram <design_1> from BD file <D:/proyectosep2/IEE2463-SEP-Proyecto-2-Z8/music_player/music_player/music_player.srcs/sources_1/bd/design_1/design_1.bd>
open_bd_design: Time (s): cpu = 00:00:07 ; elapsed = 00:00:16 . Memory (MB): peak = 1260.977 ; gain = 83.965
exit
INFO: [Common 17-206] Exiting Vivado at Tue May 27 01:24:59 2025...
