#-----------------------------------------------------------
# Vivado v2020.1 (64-bit)
# SW Build 2902540 on Wed May 27 19:54:49 MDT 2020
# IP Build 2902112 on Wed May 27 22:43:36 MDT 2020
# Start of session at: Sat Jul  5 11:22:09 2025
# Process ID: 14980
# Current directory: D:/proyectosep2/IEE2463-SEP-Proyecto-2-Z8/Zybomon2_hw
# Command line: vivado.exe -gui_launcher_event rodinguilauncherevent9996 D:\proyectosep2\IEE2463-SEP-Proyecto-2-Z8\Zybomon2_hw\Zybomon2_hw.xpr
# Log file: D:/proyectosep2/IEE2463-SEP-Proyecto-2-Z8/Zybomon2_hw/vivado.log
# Journal file: D:/proyectosep2/IEE2463-SEP-Proyecto-2-Z8/Zybomon2_hw\vivado.jou
#-----------------------------------------------------------
start_gui
open_project D:/proyectosep2/IEE2463-SEP-Proyecto-2-Z8/Zybomon2_hw/Zybomon2_hw.xpr
Scanning sources...
Finished scanning sources
INFO: [IP_Flow 19-234] Refreshing IP repositories
INFO: [IP_Flow 19-1700] Loaded user IP repository 'd:/proyectosep2/IEE2463-SEP-Proyecto-2-Z8/ipcore'.
INFO: [IP_Flow 19-2313] Loaded Vivado IP repository 'D:/Xilinx/Vivado/2020.1/data/ip'.
open_project: Time (s): cpu = 00:00:35 ; elapsed = 00:00:57 . Memory (MB): peak = 1054.348 ; gain = 119.902
INFO: [Vivado 12-8231] Launching Vitis
INFO: [Vivado 12-417] Running vitis
INFO: [Vivado 12-8232] Vitis launch initiated. Please check console for any further messages.
update_compile_order -fileset sources_1
exit
INFO: [Common 17-206] Exiting Vivado at Sat Jul  5 23:21:07 2025...
